Archive member included to satisfy reference by file (symbol)

/usr/lib/gcc/arm-none-eabi/10.3.1/../../../arm-none-eabi/lib/thumb/v7-m/nofp/libc_nano.a(lib_a-aeabi_atexit.o)
                              build/free_wheel.o (__aeabi_atexit)
/usr/lib/gcc/arm-none-eabi/10.3.1/../../../arm-none-eabi/lib/thumb/v7-m/nofp/libc_nano.a(lib_a-atexit.o)
                              /usr/lib/gcc/arm-none-eabi/10.3.1/../../../arm-none-eabi/lib/thumb/v7-m/nofp/crt0.o (atexit)
/usr/lib/gcc/arm-none-eabi/10.3.1/../../../arm-none-eabi/lib/thumb/v7-m/nofp/libc_nano.a(lib_a-cxa_atexit.o)
                              /usr/lib/gcc/arm-none-eabi/10.3.1/../../../arm-none-eabi/lib/thumb/v7-m/nofp/libc_nano.a(lib_a-aeabi_atexit.o) (__cxa_atexit)
/usr/lib/gcc/arm-none-eabi/10.3.1/../../../arm-none-eabi/lib/thumb/v7-m/nofp/libc_nano.a(lib_a-exit.o)
                              /usr/lib/gcc/arm-none-eabi/10.3.1/../../../arm-none-eabi/lib/thumb/v7-m/nofp/crt0.o (exit)
/usr/lib/gcc/arm-none-eabi/10.3.1/../../../arm-none-eabi/lib/thumb/v7-m/nofp/libc_nano.a(lib_a-fini.o)
                              /usr/lib/gcc/arm-none-eabi/10.3.1/../../../arm-none-eabi/lib/thumb/v7-m/nofp/crt0.o (__libc_fini_array)
/usr/lib/gcc/arm-none-eabi/10.3.1/../../../arm-none-eabi/lib/thumb/v7-m/nofp/libc_nano.a(lib_a-impure.o)
                              /usr/lib/gcc/arm-none-eabi/10.3.1/../../../arm-none-eabi/lib/thumb/v7-m/nofp/libc_nano.a(lib_a-exit.o) (_global_impure_ptr)
/usr/lib/gcc/arm-none-eabi/10.3.1/../../../arm-none-eabi/lib/thumb/v7-m/nofp/libc_nano.a(lib_a-init.o)
                              /usr/lib/gcc/arm-none-eabi/10.3.1/../../../arm-none-eabi/lib/thumb/v7-m/nofp/crt0.o (__libc_init_array)
/usr/lib/gcc/arm-none-eabi/10.3.1/../../../arm-none-eabi/lib/thumb/v7-m/nofp/libc_nano.a(lib_a-memset.o)
                              /usr/lib/gcc/arm-none-eabi/10.3.1/../../../arm-none-eabi/lib/thumb/v7-m/nofp/crt0.o (memset)
/usr/lib/gcc/arm-none-eabi/10.3.1/../../../arm-none-eabi/lib/thumb/v7-m/nofp/libc_nano.a(lib_a-on_exit_args.o)
                              /usr/lib/gcc/arm-none-eabi/10.3.1/../../../arm-none-eabi/lib/thumb/v7-m/nofp/libc_nano.a(lib_a-cxa_atexit.o) (__on_exit_args)
/usr/lib/gcc/arm-none-eabi/10.3.1/../../../arm-none-eabi/lib/thumb/v7-m/nofp/libc_nano.a(lib_a-printf.o)
                              build/free_wheel.o (printf)
/usr/lib/gcc/arm-none-eabi/10.3.1/../../../arm-none-eabi/lib/thumb/v7-m/nofp/libc_nano.a(lib_a-puts.o)
                              build/free_wheel.o (puts)
/usr/lib/gcc/arm-none-eabi/10.3.1/../../../arm-none-eabi/lib/thumb/v7-m/nofp/libc_nano.a(lib_a-wbuf.o)
                              /usr/lib/gcc/arm-none-eabi/10.3.1/../../../arm-none-eabi/lib/thumb/v7-m/nofp/libc_nano.a(lib_a-puts.o) (__swbuf_r)
/usr/lib/gcc/arm-none-eabi/10.3.1/../../../arm-none-eabi/lib/thumb/v7-m/nofp/libc_nano.a(lib_a-wsetup.o)
                              /usr/lib/gcc/arm-none-eabi/10.3.1/../../../arm-none-eabi/lib/thumb/v7-m/nofp/libc_nano.a(lib_a-puts.o) (__swsetup_r)
/usr/lib/gcc/arm-none-eabi/10.3.1/../../../arm-none-eabi/lib/thumb/v7-m/nofp/libc_nano.a(lib_a-__atexit.o)
                              /usr/lib/gcc/arm-none-eabi/10.3.1/../../../arm-none-eabi/lib/thumb/v7-m/nofp/libc_nano.a(lib_a-atexit.o) (__register_exitproc)
/usr/lib/gcc/arm-none-eabi/10.3.1/../../../arm-none-eabi/lib/thumb/v7-m/nofp/libc_nano.a(lib_a-__call_atexit.o)
                              /usr/lib/gcc/arm-none-eabi/10.3.1/../../../arm-none-eabi/lib/thumb/v7-m/nofp/libc_nano.a(lib_a-__atexit.o) (__call_exitprocs)
/usr/lib/gcc/arm-none-eabi/10.3.1/../../../arm-none-eabi/lib/thumb/v7-m/nofp/libc_nano.a(lib_a-fflush.o)
                              /usr/lib/gcc/arm-none-eabi/10.3.1/../../../arm-none-eabi/lib/thumb/v7-m/nofp/libc_nano.a(lib_a-wbuf.o) (_fflush_r)
/usr/lib/gcc/arm-none-eabi/10.3.1/../../../arm-none-eabi/lib/thumb/v7-m/nofp/libc_nano.a(lib_a-findfp.o)
                              /usr/lib/gcc/arm-none-eabi/10.3.1/../../../arm-none-eabi/lib/thumb/v7-m/nofp/libc_nano.a(lib_a-printf.o) (__sinit)
/usr/lib/gcc/arm-none-eabi/10.3.1/../../../arm-none-eabi/lib/thumb/v7-m/nofp/libc_nano.a(lib_a-fwalk.o)
                              /usr/lib/gcc/arm-none-eabi/10.3.1/../../../arm-none-eabi/lib/thumb/v7-m/nofp/libc_nano.a(lib_a-findfp.o) (_fwalk)
/usr/lib/gcc/arm-none-eabi/10.3.1/../../../arm-none-eabi/lib/thumb/v7-m/nofp/libc_nano.a(lib_a-makebuf.o)
                              /usr/lib/gcc/arm-none-eabi/10.3.1/../../../arm-none-eabi/lib/thumb/v7-m/nofp/libc_nano.a(lib_a-wsetup.o) (__smakebuf_r)
/usr/lib/gcc/arm-none-eabi/10.3.1/../../../arm-none-eabi/lib/thumb/v7-m/nofp/libc_nano.a(lib_a-nano-freer.o)
                              /usr/lib/gcc/arm-none-eabi/10.3.1/../../../arm-none-eabi/lib/thumb/v7-m/nofp/libc_nano.a(lib_a-wsetup.o) (_free_r)
/usr/lib/gcc/arm-none-eabi/10.3.1/../../../arm-none-eabi/lib/thumb/v7-m/nofp/libc_nano.a(lib_a-nano-mallocr.o)
[...]
Memory Configuration

Name             Origin             Length             Attributes
RAM              0x0000000020000000 0x0000000000005000 xrw
FLASH            0x0000000008000000 0x0000000000010000 xr
*default*        0x0000000000000000 0xffffffffffffffff

Linker script and memory map

LOAD /usr/lib/gcc/arm-none-eabi/10.3.1/thumb/v7-m/nofp/crti.o
LOAD /usr/lib/gcc/arm-none-eabi/10.3.1/thumb/v7-m/nofp/crtbegin.o
LOAD /usr/lib/gcc/arm-none-eabi/10.3.1/../../../arm-none-eabi/lib/thumb/v7-m/nofp/crt0.o
LOAD build/main.o
LOAD build/gpio.o
LOAD build/dma.o
LOAD build/usart.o
LOAD build/stm32f1xx_it.o
LOAD build/stm32f1xx_hal_msp.o
LOAD build/stm32f1xx_hal_gpio_ex.o
LOAD build/stm32f1xx_hal_tim.o
LOAD build/stm32f1xx_hal_tim_ex.o
LOAD build/stm32f1xx_hal_uart.o
LOAD build/stm32f1xx_hal.o
LOAD build/stm32f1xx_hal_rcc.o
LOAD build/stm32f1xx_hal_rcc_ex.o
LOAD build/stm32f1xx_hal_gpio.o
LOAD build/stm32f1xx_hal_dma.o
LOAD build/stm32f1xx_hal_cortex.o
LOAD build/stm32f1xx_hal_pwr.o
LOAD build/stm32f1xx_hal_flash.o
LOAD build/stm32f1xx_hal_flash_ex.o
LOAD build/stm32f1xx_hal_exti.o
LOAD build/system_stm32f1xx.o
LOAD build/tim.o
LOAD build/usb_device.o
LOAD build/usbd_desc.o
LOAD build/usbd_cdc_if.o
LOAD build/usbd_conf.o
LOAD build/stm32f1xx_hal_pcd.o
LOAD build/stm32f1xx_hal_pcd_ex.o
LOAD build/stm32f1xx_ll_usb.o
LOAD build/usbd_core.o
LOAD build/usbd_ctlreq.o
LOAD build/usbd_ioreq.o
LOAD build/usbd_cdc.o
LOAD build/printf_config.o
LOAD build/encoder.o
LOAD build/crc.o
LOAD build/free_wheel.o
LOAD build/startup_stm32f103xb.o
LOAD /usr/lib/gcc/arm-none-eabi/10.3.1/../../../arm-none-eabi/lib/thumb/v7-m/nofp/libc_nano.a
LOAD /usr/lib/gcc/arm-none-eabi/10.3.1/../../../arm-none-eabi/lib/thumb/v7-m/nofp/libm.a
LOAD /usr/lib/gcc/arm-none-eabi/10.3.1/../../../arm-none-eabi/lib/thumb/v7-m/nofp/libnosys.a
LOAD Drivers/CMSIS/Lib/GCC//libarm_cortexM3l_math.a
START GROUP
LOAD /usr/lib/gcc/arm-none-eabi/10.3.1/thumb/v7-m/nofp/libgcc.a
LOAD /usr/lib/gcc/arm-none-eabi/10.3.1/../../../arm-none-eabi/lib/thumb/v7-m/nofp/libc_nano.a
END GROUP
START GROUP
LOAD /usr/lib/gcc/arm-none-eabi/10.3.1/thumb/v7-m/nofp/libgcc.a
LOAD /usr/lib/gcc/arm-none-eabi/10.3.1/../../../arm-none-eabi/lib/thumb/v7-m/nofp/libc_nano.a
END GROUP
LOAD /usr/lib/gcc/arm-none-eabi/10.3.1/thumb/v7-m/nofp/crtend.o
LOAD /usr/lib/gcc/arm-none-eabi/10.3.1/thumb/v7-m/nofp/crtn.o
                0x0000000020005000                _estack = (ORIGIN (RAM) + LENGTH (RAM))
                0x0000000000000200                _Min_Heap_Size = 0x200
                0x0000000000000400                _Min_Stack_Size = 0x400

.isr_vector     0x0000000008000000      0x10c
                0x0000000008000000                . = ALIGN (0x4)
 *(.isr_vector)
 .isr_vector    0x0000000008000000      0x10c build/startup_stm32f103xb.o
                0x0000000008000000                g_pfnVectors
                0x000000000800010c                . = ALIGN (0x4)

.text           0x000000000800010c     0x7a14
                0x000000000800010c                . = ALIGN (0x4)
 *(.text)
 .text          0x000000000800010c       0x88 /usr/lib/gcc/arm-none-eabi/10.3.1/thumb/v7-m/nofp/crtbegin.o
 .text          0x0000000008000194        0xc /usr/lib/gcc/arm-none-eabi/10.3.1/../../../arm-none-eabi/lib/thumb/v7-m/nofp/libc_nano.a(lib_a-aeabi_atexit.o)
                0x0000000008000194                __aeabi_atexit
 .text          0x00000000080001a0       0x1c /usr/lib/gcc/arm-none-eabi/10.3.1/../../../arm-none-eabi/lib/thumb/v7-m/nofp/libc_nano.a(lib_a-cxa_atexit.o)
                0x00000000080001a0                __cxa_atexit
 .text          0x00000000080001bc       0x48 /usr/lib/gcc/arm-none-eabi/10.3.1/../../../arm-none-eabi/lib/thumb/v7-m/nofp/libc_nano.a(lib_a-init.o)
                0x00000000080001bc                __libc_init_array
 .text          0x0000000008000204       0xa4 /usr/lib/gcc/arm-none-eabi/10.3.1/../../../arm-none-eabi/lib/thumb/v7-m/nofp/libc_nano.a(lib_a-memset.o)
                0x0000000008000204                memset
 .text          0x00000000080002a8       0x60 /usr/lib/gcc/arm-none-eabi/10.3.1/../../../arm-none-eabi/lib/thumb/v7-m/nofp/libc_nano.a(lib_a-printf.o)
                0x00000000080002a8                _printf_r
                0x00000000080002a8                _iprintf_r
                0x00000000080002d4                printf
                0x00000000080002d4                iprintf
 .text          0x0000000008000308       0xe0 /usr/lib/gcc/arm-none-eabi/10.3.1/../../../arm-none-eabi/lib/thumb/v7-m/nofp/libc_nano.a(lib_a-puts.o)
                0x0000000008000308                _puts_r
                0x00000000080003d8                puts
 .text          0x00000000080003e8       0xc4 /usr/lib/gcc/arm-none-eabi/10.3.1/../../../arm-none-eabi/lib/thumb/v7-m/nofp/libc_nano.a(lib_a-wbuf.o)
                0x00000000080003e8                __swbuf_r
                0x0000000008000498                __swbuf
 .text          0x00000000080004ac      0x104 /usr/lib/gcc/arm-none-eabi/10.3.1/../../../arm-none-eabi/lib/thumb/v7-m/nofp/libc_nano.a(lib_a-wsetup.o)
                0x00000000080004ac                __swsetup_r
 .text          0x00000000080005b0       0xac /usr/lib/gcc/arm-none-eabi/10.3.1/../../../arm-none-eabi/lib/thumb/v7-m/nofp/libc_nano.a(lib_a-__atexit.o)
                0x00000000080005b0                __register_exitproc
 .text          0x000000000800065c      0x1dc /usr/lib/gcc/arm-none-eabi/10.3.1/../../../arm-none-eabi/lib/thumb/v7-m/nofp/libc_nano.a(lib_a-fflush.o)
                0x000000000800065c                __sflush_r
                0x0000000008000764                _fflush_r
                0x00000000080007b8                fflush
 .text          0x0000000008000838      0x230 /usr/lib/gcc/arm-none-eabi/10.3.1/../../../arm-none-eabi/lib/thumb/v7-m/nofp/libc_nano.a(lib_a-findfp.o)
                0x000000000800083c                _cleanup_r
                0x000000000800084c                __sfmoreglue
                0x000000000800087c                __sfp
                0x0000000008000a14                _cleanup
                0x0000000008000a28                __sinit
                0x0000000008000a30                __sfp_lock_acquire
                0x0000000008000a34                __sfp_lock_release
                0x0000000008000a38                __sinit_lock_acquire
                0x0000000008000a3c                __sinit_lock_release
                0x0000000008000a40                __fp_lock_all
                0x0000000008000a54                __fp_unlock_all
 .text          0x0000000008000a68       0x88 /usr/lib/gcc/arm-none-eabi/10.3.1/../../../arm-none-eabi/lib/thumb/v7-m/nofp/libc_nano.a(lib_a-fwalk.o)
                0x0000000008000a68                _fwalk
                0x0000000008000aa8                _fwalk_reent
 .text          0x0000000008000af0      0x11c /usr/lib/gcc/arm-none-eabi/10.3.1/../../../arm-none-eabi/lib/thumb/v7-m/nofp/libc_nano.a(lib_a-makebuf.o)
                0x0000000008000af0                __smakebuf_r
                0x0000000008000bb0                __swhatbuf_r
 .text          0x0000000008000c0c       0xcc /usr/lib/gcc/arm-none-eabi/10.3.1/../../../arm-none-eabi/lib/thumb/v7-m/nofp/libc_nano.a(lib_a-nano-freer.o)
                0x0000000008000c0c                _free_r
 .text          0x0000000008000cd8       0xb8 /usr/lib/gcc/arm-none-eabi/10.3.1/../../../arm-none-eabi/lib/thumb/v7-m/nofp/libc_nano.a(lib_a-nano-mallocr.o)
                0x0000000008000cd8                _malloc_r
 .text          0x0000000008000d90      0x320 /usr/lib/gcc/arm-none-eabi/10.3.1/../../../arm-none-eabi/lib/thumb/v7-m/nofp/libc_nano.a(lib_a-nano-vfprintf.o)
                0x0000000008000db8                __sfputs_r
                0x0000000008000de8                __sprint_r
                0x0000000008000e04                _vfiprintf_r
                0x0000000008000e04                _vfprintf_r
                0x0000000008001094                vfiprintf
                0x0000000008001094                vfprintf
 .text          0x00000000080010b0      0x3d8 /usr/lib/gcc/arm-none-eabi/10.3.1/../../../arm-none-eabi/lib/thumb/v7-m/nofp/libc_nano.a(lib_a-nano-vfprintf_i.o)
                0x00000000080010b0                _printf_common
                0x00000000080011dc                _printf_i
 .text          0x0000000008001488       0x24 /usr/lib/gcc/arm-none-eabi/10.3.1/../../../arm-none-eabi/lib/thumb/v7-m/nofp/libc_nano.a(lib_a-sbrkr.o)
                0x0000000008001488                _sbrk_r
 .text          0x00000000080014ac       0x90 /usr/lib/gcc/arm-none-eabi/10.3.1/../../../arm-none-eabi/lib/thumb/v7-m/nofp/libc_nano.a(lib_a-stdio.o)
                0x00000000080014ac                __sread
                0x00000000080014d0                __seofread
                0x00000000080014d4                __swrite
                0x0000000008001514                __sseek
                0x0000000008001534                __sclose
 .text          0x000000000800153c       0x2c /usr/lib/gcc/arm-none-eabi/10.3.1/../../../arm-none-eabi/lib/thumb/v7-m/nofp/libc_nano.a(lib_a-writer.o)
                0x000000000800153c                _write_r
 .text          0x0000000008001568       0x24 /usr/lib/gcc/arm-none-eabi/10.3.1/../../../arm-none-eabi/lib/thumb/v7-m/nofp/libc_nano.a(lib_a-closer.o)
                0x0000000008001568                _close_r
 .text          0x000000000800158c       0x28 /usr/lib/gcc/arm-none-eabi/10.3.1/../../../arm-none-eabi/lib/thumb/v7-m/nofp/libc_nano.a(lib_a-fstatr.o)
                0x000000000800158c                _fstat_r
 .text          0x00000000080015b4      0x2f0 /usr/lib/gcc/arm-none-eabi/10.3.1/../../../arm-none-eabi/lib/thumb/v7-m/nofp/libc_nano.a(lib_a-fvwrite.o)
                0x00000000080015b4                __sfvwrite_r
 .text          0x00000000080018a4       0x24 /usr/lib/gcc/arm-none-eabi/10.3.1/../../../arm-none-eabi/lib/thumb/v7-m/nofp/libc_nano.a(lib_a-isattyr.o)
                0x00000000080018a4                _isatty_r
 .text          0x00000000080018c8       0x2c /usr/lib/gcc/arm-none-eabi/10.3.1/../../../arm-none-eabi/lib/thumb/v7-m/nofp/libc_nano.a(lib_a-lseekr.o)
                0x00000000080018c8                _lseek_r
 .text          0x00000000080018f4       0x90 /usr/lib/gcc/arm-none-eabi/10.3.1/../../../arm-none-eabi/lib/thumb/v7-m/nofp/libc_nano.a(lib_a-memchr-stub.o)
                0x00000000080018f4                memchr
 .text          0x0000000008001984       0xec /usr/lib/gcc/arm-none-eabi/10.3.1/../../../arm-none-eabi/lib/thumb/v7-m/nofp/libc_nano.a(lib_a-memcpy.o)
                0x0000000008001984                memcpy
 .text          0x0000000008001a70       0xf8 /usr/lib/gcc/arm-none-eabi/10.3.1/../../../arm-none-eabi/lib/thumb/v7-m/nofp/libc_nano.a(lib_a-memmove.o)
                0x0000000008001a70                memmove
 .text          0x0000000008001b68        0x8 /usr/lib/gcc/arm-none-eabi/10.3.1/../../../arm-none-eabi/lib/thumb/v7-m/nofp/libc_nano.a(lib_a-mlock.o)
                0x0000000008001b68                __malloc_lock
                0x0000000008001b6c                __malloc_unlock
 .text          0x0000000008001b70       0x50 /usr/lib/gcc/arm-none-eabi/10.3.1/../../../arm-none-eabi/lib/thumb/v7-m/nofp/libc_nano.a(lib_a-nano-reallocr.o)
                0x0000000008001b70                _realloc_r
 .text          0x0000000008001bc0       0x2c /usr/lib/gcc/arm-none-eabi/10.3.1/../../../arm-none-eabi/lib/thumb/v7-m/nofp/libc_nano.a(lib_a-readr.o)
                0x0000000008001bc0                _read_r
 .text          0x0000000008001bec       0x14 /usr/lib/gcc/arm-none-eabi/10.3.1/../../../arm-none-eabi/lib/thumb/v7-m/nofp/libc_nano.a(lib_a-nano-msizer.o)
                0x0000000008001bec                _malloc_usable_size_r
 .text          0x0000000008001c00       0x10 /usr/lib/gcc/arm-none-eabi/10.3.1/../../../arm-none-eabi/lib/thumb/v7-m/nofp/libnosys.a(close.o)
                0x0000000008001c00                _close
 .text          0x0000000008001c10       0x10 /usr/lib/gcc/arm-none-eabi/10.3.1/../../../arm-none-eabi/lib/thumb/v7-m/nofp/libnosys.a(fstat.o)
                0x0000000008001c10                _fstat
 .text          0x0000000008001c20       0x10 /usr/lib/gcc/arm-none-eabi/10.3.1/../../../arm-none-eabi/lib/thumb/v7-m/nofp/libnosys.a(isatty.o)
                0x0000000008001c20                _isatty
 .text          0x0000000008001c30       0x10 /usr/lib/gcc/arm-none-eabi/10.3.1/../../../arm-none-eabi/lib/thumb/v7-m/nofp/libnosys.a(lseek.o)
                0x0000000008001c30                _lseek
 .text          0x0000000008001c40       0x10 /usr/lib/gcc/arm-none-eabi/10.3.1/../../../arm-none-eabi/lib/thumb/v7-m/nofp/libnosys.a(read.o)
                0x0000000008001c40                _read
 .text          0x0000000008001c50       0x1c /usr/lib/gcc/arm-none-eabi/10.3.1/../../../arm-none-eabi/lib/thumb/v7-m/nofp/libnosys.a(sbrk.o)
                0x0000000008001c50                _sbrk
 .text          0x0000000008001c6c      0x21c /usr/lib/gcc/arm-none-eabi/10.3.1/thumb/v7-m/nofp/libgcc.a(_arm_addsubsf3.o)
                0x0000000008001c6c                __aeabi_frsub
                0x0000000008001c74                __subsf3
                0x0000000008001c74                __aeabi_fsub
                0x0000000008001c78                __aeabi_fadd
                0x0000000008001c78                __addsf3
                0x0000000008001dd8                __aeabi_ui2f
                0x0000000008001dd8                __floatunsisf
                0x0000000008001de0                __aeabi_i2f
                0x0000000008001de0                __floatsisf
                0x0000000008001dfc                __floatundisf
                0x0000000008001dfc                __aeabi_ul2f
                0x0000000008001e0c                __floatdisf
                0x0000000008001e0c                __aeabi_l2f
 .text          0x0000000008001e88      0x2a0 /usr/lib/gcc/arm-none-eabi/10.3.1/thumb/v7-m/nofp/libgcc.a(_arm_muldivsf3.o)
                0x0000000008001e88                __mulsf3
                0x0000000008001e88                __aeabi_fmul
                0x0000000008001ff0                __divsf3
                0x0000000008001ff0                __aeabi_fdiv
 .text          0x0000000008002128       0xec /usr/lib/gcc/arm-none-eabi/10.3.1/thumb/v7-m/nofp/libgcc.a(_arm_cmpsf2.o)
                0x0000000008002128                __gtsf2
                0x0000000008002128                __gesf2
                0x0000000008002130                __lesf2
                0x0000000008002130                __ltsf2
                0x0000000008002138                __nesf2
                0x0000000008002138                __eqsf2
                0x0000000008002138                __cmpsf2
                0x0000000008002198                __aeabi_cfrcmple
                0x00000000080021a0                __aeabi_cfcmple
                0x00000000080021a0                __aeabi_cfcmpeq
                0x00000000080021b0                __aeabi_fcmpeq
                0x00000000080021c4                __aeabi_fcmplt
                0x00000000080021d8                __aeabi_fcmple
                0x00000000080021ec                __aeabi_fcmpge
                0x0000000008002200                __aeabi_fcmpgt
 .text          0x0000000008002214       0x4c /usr/lib/gcc/arm-none-eabi/10.3.1/thumb/v7-m/nofp/libgcc.a(_arm_fixsfsi.o)
                0x0000000008002214                __fixsfsi
                0x0000000008002214                __aeabi_f2iz
 .text          0x0000000008002260       0x40 /usr/lib/gcc/arm-none-eabi/10.3.1/thumb/v7-m/nofp/libgcc.a(_arm_fixunssfsi.o)
                0x0000000008002260                __aeabi_f2uiz
                0x0000000008002260                __fixunssfsi
 *(.text*)
 .text.Error_Handler
                0x00000000080022a0        0x4 build/main.o
                0x00000000080022a0                Error_Handler
 .text.SystemClock_Config
                0x00000000080022a4       0x82 build/main.o
                0x00000000080022a4                SystemClock_Config
 .text.main     0x0000000008002326       0x30 build/main.o
                0x0000000008002326                main
 *fill*         0x0000000008002356        0x2 
 .text.MX_GPIO_Init
                0x0000000008002358       0xb8 build/gpio.o
                0x0000000008002358                MX_GPIO_Init
 .text.MX_DMA_Init
                0x0000000008002410       0x44 build/dma.o
                0x0000000008002410                MX_DMA_Init
 .text.MX_USART1_UART_Init
                0x0000000008002454       0x34 build/usart.o
                0x0000000008002454                MX_USART1_UART_Init
 .text.MX_USART2_UART_Init
                0x0000000008002488       0x34 build/usart.o
                0x0000000008002488                MX_USART2_UART_Init
 .text.HAL_UART_MspInit
                0x00000000080024bc      0x168 build/usart.o
                0x00000000080024bc                HAL_UART_MspInit
 .text.NMI_Handler
                0x0000000008002624        0x2 build/stm32f1xx_it.o
                0x0000000008002624                NMI_Handler
 .text.HardFault_Handler
                0x0000000008002626        0x2 build/stm32f1xx_it.o
                0x0000000008002626                HardFault_Handler
 .text.MemManage_Handler
                0x0000000008002628        0x2 build/stm32f1xx_it.o
                0x0000000008002628                MemManage_Handler
 .text.BusFault_Handler
                0x000000000800262a        0x2 build/stm32f1xx_it.o
                0x000000000800262a                BusFault_Handler
 .text.UsageFault_Handler
                0x000000000800262c        0x2 build/stm32f1xx_it.o
                0x000000000800262c                UsageFault_Handler
 .text.SVC_Handler
                0x000000000800262e        0x2 build/stm32f1xx_it.o
                0x000000000800262e                SVC_Handler
 .text.DebugMon_Handler
                0x0000000008002630        0x2 build/stm32f1xx_it.o
                0x0000000008002630                DebugMon_Handler
 .text.PendSV_Handler
                0x0000000008002632        0x2 build/stm32f1xx_it.o
                0x0000000008002632                PendSV_Handler
 .text.SysTick_Handler
                0x0000000008002634        0x8 build/stm32f1xx_it.o
                0x0000000008002634                SysTick_Handler
 .text.DMA1_Channel5_IRQHandler
                0x000000000800263c       0x10 build/stm32f1xx_it.o
                0x000000000800263c                DMA1_Channel5_IRQHandler
 .text.DMA1_Channel7_IRQHandler
                0x000000000800264c       0x10 build/stm32f1xx_it.o
                0x000000000800264c                DMA1_Channel7_IRQHandler
 .text.USB_LP_CAN1_RX0_IRQHandler
                0x000000000800265c       0x10 build/stm32f1xx_it.o
                0x000000000800265c                USB_LP_CAN1_RX0_IRQHandler
 .text.USART1_IRQHandler
                0x000000000800266c       0x10 build/stm32f1xx_it.o
                0x000000000800266c                USART1_IRQHandler
 .text.USART2_IRQHandler
                0x000000000800267c       0x10 build/stm32f1xx_it.o
                0x000000000800267c                USART2_IRQHandler
 .text.HAL_MspInit
                0x000000000800268c       0x44 build/stm32f1xx_hal_msp.o
                0x000000000800268c                HAL_MspInit
 .text.TIM_Base_SetConfig
                0x00000000080026d0       0x74 build/stm32f1xx_hal_tim.o
                0x00000000080026d0                TIM_Base_SetConfig
 .text.HAL_TIM_Encoder_Init
                0x0000000008002744       0xb8 build/stm32f1xx_hal_tim.o
                0x0000000008002744                HAL_TIM_Encoder_Init
 .text.TIM_CCxChannelCmd
                0x00000000080027fc       0x1e build/stm32f1xx_hal_tim.o
                0x00000000080027fc                TIM_CCxChannelCmd
 .text.HAL_TIM_Encoder_Start
                0x000000000800281a       0xcc build/stm32f1xx_hal_tim.o
                0x000000000800281a                HAL_TIM_Encoder_Start
 *fill*         0x00000000080028e6        0x2 
 .text.HAL_TIMEx_MasterConfigSynchronization
                0x00000000080028e8       0x6c build/stm32f1xx_hal_tim_ex.o
                0x00000000080028e8                HAL_TIMEx_MasterConfigSynchronization
 .text.UART_EndTxTransfer
                0x0000000008002954       0x20 build/stm32f1xx_hal_uart.o
 .text.UART_EndRxTransfer
                0x0000000008002974       0x5c build/stm32f1xx_hal_uart.o
 .text.UART_Transmit_IT
                0x00000000080029d0       0x60 build/stm32f1xx_hal_uart.o
 .text.UART_SetConfig
                0x0000000008002a30       0x94 build/stm32f1xx_hal_uart.o
 .text.HAL_UART_Init
                0x0000000008002ac4       0x60 build/stm32f1xx_hal_uart.o
                0x0000000008002ac4                HAL_UART_Init
 .text.HAL_UART_Transmit_DMA
                0x0000000008002b24       0x84 build/stm32f1xx_hal_uart.o
                0x0000000008002b24                HAL_UART_Transmit_DMA
 .text.UART_DMATransmitCplt
                0x0000000008002ba8       0x4c build/stm32f1xx_hal_uart.o
 .text.UART_EndTransmit_IT
                0x0000000008002bf4       0x1a build/stm32f1xx_hal_uart.o
 .text.HAL_UART_TxHalfCpltCallback
                0x0000000008002c0e        0x2 build/stm32f1xx_hal_uart.o
                0x0000000008002c0e                HAL_UART_TxHalfCpltCallback
 .text.UART_DMATxHalfCplt
                0x0000000008002c10        0xa build/stm32f1xx_hal_uart.o
 .text.HAL_UART_RxHalfCpltCallback
                0x0000000008002c1a        0x2 build/stm32f1xx_hal_uart.o
                0x0000000008002c1a                HAL_UART_RxHalfCpltCallback
 .text.UART_DMAError
                0x0000000008002c1c       0x58 build/stm32f1xx_hal_uart.o
 .text.UART_DMAAbortOnError
                0x0000000008002c74       0x10 build/stm32f1xx_hal_uart.o
 .text.HAL_UARTEx_RxEventCallback
                0x0000000008002c84        0x2 build/stm32f1xx_hal_uart.o
                0x0000000008002c84                HAL_UARTEx_RxEventCallback
 .text.UART_Receive_IT
                0x0000000008002c86       0xe6 build/stm32f1xx_hal_uart.o
 .text.HAL_UART_IRQHandler
                0x0000000008002d6c      0x288 build/stm32f1xx_hal_uart.o
                0x0000000008002d6c                HAL_UART_IRQHandler
 .text.UART_DMARxHalfCplt
                0x0000000008002ff4       0x1e build/stm32f1xx_hal_uart.o
 .text.UART_DMAReceiveCplt
                0x0000000008003012       0x9a build/stm32f1xx_hal_uart.o
 .text.UART_Start_Receive_DMA
                0x00000000080030ac       0xa4 build/stm32f1xx_hal_uart.o
                0x00000000080030ac                UART_Start_Receive_DMA
 .text.HAL_UART_Receive_DMA
                0x0000000008003150       0x26 build/stm32f1xx_hal_uart.o
                0x0000000008003150                HAL_UART_Receive_DMA
 *fill*         0x0000000008003176        0x2 
 .text.HAL_InitTick
                0x0000000008003178       0x4c build/stm32f1xx_hal.o
                0x0000000008003178                HAL_InitTick
 .text.HAL_Init
                0x00000000080031c4       0x24 build/stm32f1xx_hal.o
                0x00000000080031c4                HAL_Init
 .text.HAL_IncTick
                0x00000000080031e8       0x18 build/stm32f1xx_hal.o
                0x00000000080031e8                HAL_IncTick
 .text.HAL_GetTick
                0x0000000008003200        0xc build/stm32f1xx_hal.o
                0x0000000008003200                HAL_GetTick
 .text.RCC_Delay
                0x000000000800320c       0x2c build/stm32f1xx_hal_rcc.o
 .text.HAL_RCC_OscConfig
                0x0000000008003238      0x410 build/stm32f1xx_hal_rcc.o
                0x0000000008003238                HAL_RCC_OscConfig
 .text.HAL_RCC_GetSysClockFreq
                0x0000000008003648       0x54 build/stm32f1xx_hal_rcc.o
                0x0000000008003648                HAL_RCC_GetSysClockFreq
 .text.HAL_RCC_ClockConfig
                0x000000000800369c      0x16c build/stm32f1xx_hal_rcc.o
                0x000000000800369c                HAL_RCC_ClockConfig
 .text.HAL_RCC_GetHCLKFreq
                0x0000000008003808        0xc build/stm32f1xx_hal_rcc.o
                0x0000000008003808                HAL_RCC_GetHCLKFreq
 .text.HAL_RCC_GetPCLK1Freq
                0x0000000008003814       0x20 build/stm32f1xx_hal_rcc.o
                0x0000000008003814                HAL_RCC_GetPCLK1Freq
 .text.HAL_RCC_GetPCLK2Freq
                0x0000000008003834       0x20 build/stm32f1xx_hal_rcc.o
                0x0000000008003834                HAL_RCC_GetPCLK2Freq
 .text.HAL_RCCEx_PeriphCLKConfig
                0x0000000008003854      0x118 build/stm32f1xx_hal_rcc_ex.o
                0x0000000008003854                HAL_RCCEx_PeriphCLKConfig
 .text.HAL_GPIO_Init
                0x000000000800396c      0x224 build/stm32f1xx_hal_gpio.o
                0x000000000800396c                HAL_GPIO_Init
 .text.HAL_GPIO_WritePin
                0x0000000008003b90        0xc build/stm32f1xx_hal_gpio.o
                0x0000000008003b90                HAL_GPIO_WritePin
 .text.HAL_GPIO_TogglePin
                0x0000000008003b9c       0x12 build/stm32f1xx_hal_gpio.o
                0x0000000008003b9c                HAL_GPIO_TogglePin
 .text.DMA_SetConfig
                0x0000000008003bae       0x2c build/stm32f1xx_hal_dma.o
 *fill*         0x0000000008003bda        0x2 
 .text.HAL_DMA_Init
                0x0000000008003bdc       0x6c build/stm32f1xx_hal_dma.o
                0x0000000008003bdc                HAL_DMA_Init
 .text.HAL_DMA_Start_IT
                0x0000000008003c48       0x76 build/stm32f1xx_hal_dma.o
                0x0000000008003c48                HAL_DMA_Start_IT
 .text.HAL_DMA_Abort
                0x0000000008003cbe       0x46 build/stm32f1xx_hal_dma.o
                0x0000000008003cbe                HAL_DMA_Abort
 .text.HAL_DMA_Abort_IT
                0x0000000008003d04       0x98 build/stm32f1xx_hal_dma.o
                0x0000000008003d04                HAL_DMA_Abort_IT
 .text.HAL_DMA_IRQHandler
                0x0000000008003d9c      0x144 build/stm32f1xx_hal_dma.o
                0x0000000008003d9c                HAL_DMA_IRQHandler
 .text.HAL_NVIC_SetPriorityGrouping
                0x0000000008003ee0       0x24 build/stm32f1xx_hal_cortex.o
                0x0000000008003ee0                HAL_NVIC_SetPriorityGrouping
 .text.HAL_NVIC_SetPriority
                0x0000000008003f04       0x70 build/stm32f1xx_hal_cortex.o
                0x0000000008003f04                HAL_NVIC_SetPriority
 .text.HAL_NVIC_EnableIRQ
                0x0000000008003f74       0x1c build/stm32f1xx_hal_cortex.o
                0x0000000008003f74                HAL_NVIC_EnableIRQ
 .text.HAL_SYSTICK_Config
                0x0000000008003f90       0x28 build/stm32f1xx_hal_cortex.o
                0x0000000008003f90                HAL_SYSTICK_Config
 .text.SystemInit
                0x0000000008003fb8        0x2 build/system_stm32f1xx.o
                0x0000000008003fb8                SystemInit
 *fill*         0x0000000008003fba        0x2 
 .text.MX_TIM1_Init
                0x0000000008003fbc       0x68 build/tim.o
                0x0000000008003fbc                MX_TIM1_Init
 .text.MX_TIM2_Init
                0x0000000008004024       0x64 build/tim.o
                0x0000000008004024                MX_TIM2_Init
 .text.MX_TIM3_Init
                0x0000000008004088       0x64 build/tim.o
                0x0000000008004088                MX_TIM3_Init
 .text.HAL_TIM_Encoder_MspInit
                0x00000000080040ec       0xd8 build/tim.o
                0x00000000080040ec                HAL_TIM_Encoder_MspInit
 .text.MX_USB_DEVICE_Init
                0x00000000080041c4       0x54 build/usb_device.o
                0x00000000080041c4                MX_USB_DEVICE_Init
 .text.USBD_FS_DeviceDescriptor
                0x0000000008004218        0xc build/usbd_desc.o
                0x0000000008004218                USBD_FS_DeviceDescriptor
 .text.USBD_FS_LangIDStrDescriptor
                0x0000000008004224        0xc build/usbd_desc.o
                0x0000000008004224                USBD_FS_LangIDStrDescriptor
 .text.IntToUnicode
                0x0000000008004230       0x46 build/usbd_desc.o
 *fill*         0x0000000008004276        0x2 
 .text.Get_SerialNum
                0x0000000008004278       0x38 build/usbd_desc.o
 .text.USBD_FS_SerialStrDescriptor
                0x00000000080042b0       0x14 build/usbd_desc.o
                0x00000000080042b0                USBD_FS_SerialStrDescriptor
 .text.USBD_FS_ProductStrDescriptor
                0x00000000080042c4       0x24 build/usbd_desc.o
                0x00000000080042c4                USBD_FS_ProductStrDescriptor
 .text.USBD_FS_ManufacturerStrDescriptor
                0x00000000080042e8       0x1c build/usbd_desc.o
                0x00000000080042e8                USBD_FS_ManufacturerStrDescriptor
 .text.USBD_FS_ConfigStrDescriptor
                0x0000000008004304       0x24 build/usbd_desc.o
                0x0000000008004304                USBD_FS_ConfigStrDescriptor
 .text.USBD_FS_InterfaceStrDescriptor
                0x0000000008004328       0x24 build/usbd_desc.o
                0x0000000008004328                USBD_FS_InterfaceStrDescriptor
 .text.CDC_DeInit_FS
                0x000000000800434c        0x4 build/usbd_cdc_if.o
 .text.CDC_Control_FS
                0x0000000008004350        0x4 build/usbd_cdc_if.o
 .text.CDC_Receive_FS
                0x0000000008004354       0x1c build/usbd_cdc_if.o
 .text.CDC_Init_FS
                0x0000000008004370       0x28 build/usbd_cdc_if.o
 .text.CDC_Transmit_FS
                0x0000000008004398       0x2c build/usbd_cdc_if.o
                0x0000000008004398                CDC_Transmit_FS
 .text.USBD_Get_USB_Status
                0x00000000080043c4       0x14 build/usbd_conf.o
 .text.HAL_PCD_MspInit
                0x00000000080043d8       0x40 build/usbd_conf.o
                0x00000000080043d8                HAL_PCD_MspInit
 .text.HAL_PCD_SetupStageCallback
                0x0000000008004418       0x10 build/usbd_conf.o
                0x0000000008004418                HAL_PCD_SetupStageCallback
 .text.HAL_PCD_DataOutStageCallback
                0x0000000008004428       0x18 build/usbd_conf.o
                0x0000000008004428                HAL_PCD_DataOutStageCallback
 .text.HAL_PCD_DataInStageCallback
                0x0000000008004440       0x16 build/usbd_conf.o
                0x0000000008004440                HAL_PCD_DataInStageCallback
 .text.HAL_PCD_SOFCallback
                0x0000000008004456        0xc build/usbd_conf.o
                0x0000000008004456                HAL_PCD_SOFCallback
 .text.HAL_PCD_ResetCallback
                0x0000000008004462       0x24 build/usbd_conf.o
                0x0000000008004462                HAL_PCD_ResetCallback
 *fill*         0x0000000008004486        0x2 
 .text.HAL_PCD_SuspendCallback
                0x0000000008004488       0x20 build/usbd_conf.o
                0x0000000008004488                HAL_PCD_SuspendCallback
 .text.HAL_PCD_ResumeCallback
                0x00000000080044a8        0xc build/usbd_conf.o
                0x00000000080044a8                HAL_PCD_ResumeCallback
 .text.USBD_LL_Init
                0x00000000080044b4       0x84 build/usbd_conf.o
                0x00000000080044b4                USBD_LL_Init
 .text.USBD_LL_Start
                0x0000000008004538       0x10 build/usbd_conf.o
                0x0000000008004538                USBD_LL_Start
 .text.USBD_LL_OpenEP
                0x0000000008004548       0x16 build/usbd_conf.o
                0x0000000008004548                USBD_LL_OpenEP
 .text.USBD_LL_CloseEP
                0x000000000800455e       0x10 build/usbd_conf.o
                0x000000000800455e                USBD_LL_CloseEP
 .text.USBD_LL_StallEP
                0x000000000800456e       0x10 build/usbd_conf.o
                0x000000000800456e                USBD_LL_StallEP
 .text.USBD_LL_ClearStallEP
                0x000000000800457e       0x10 build/usbd_conf.o
                0x000000000800457e                USBD_LL_ClearStallEP
 .text.USBD_LL_IsStallEP
                0x000000000800458e       0x2e build/usbd_conf.o
                0x000000000800458e                USBD_LL_IsStallEP
 .text.USBD_LL_SetUSBAddress
                0x00000000080045bc       0x10 build/usbd_conf.o
                0x00000000080045bc                USBD_LL_SetUSBAddress
 .text.USBD_LL_Transmit
                0x00000000080045cc       0x10 build/usbd_conf.o
                0x00000000080045cc                USBD_LL_Transmit
 .text.USBD_LL_PrepareReceive
                0x00000000080045dc       0x10 build/usbd_conf.o
                0x00000000080045dc                USBD_LL_PrepareReceive
 .text.USBD_LL_GetRxDataSize
                0x00000000080045ec        0xc build/usbd_conf.o
                0x00000000080045ec                USBD_LL_GetRxDataSize
 .text.USBD_static_malloc
                0x00000000080045f8        0x8 build/usbd_conf.o
                0x00000000080045f8                USBD_static_malloc
 .text.USBD_static_free
                0x0000000008004600        0x2 build/usbd_conf.o
                0x0000000008004600                USBD_static_free
 .text.HAL_PCDEx_SetConnectionState
                0x0000000008004602        0x2 build/usbd_conf.o
                0x0000000008004602                HAL_PCDEx_SetConnectionState
 .text.HAL_PCD_EP_DB_Receive
                0x0000000008004604      0x11c build/stm32f1xx_hal_pcd.o
 .text.HAL_PCD_Init
                0x0000000008004720      0x110 build/stm32f1xx_hal_pcd.o
                0x0000000008004720                HAL_PCD_Init
 .text.HAL_PCD_Start
                0x0000000008004830       0x32 build/stm32f1xx_hal_pcd.o
                0x0000000008004830                HAL_PCD_Start
 .text.HAL_PCD_EP_DB_Transmit
                0x0000000008004862      0x424 build/stm32f1xx_hal_pcd.o
 .text.PCD_EP_ISR_Handler
                0x0000000008004c86      0x536 build/stm32f1xx_hal_pcd.o
 .text.HAL_PCD_SetAddress
                0x00000000080051bc       0x28 build/stm32f1xx_hal_pcd.o
                0x00000000080051bc                HAL_PCD_SetAddress
 .text.HAL_PCD_IRQHandler
                0x00000000080051e4      0x1b0 build/stm32f1xx_hal_pcd.o
                0x00000000080051e4                HAL_PCD_IRQHandler
 .text.HAL_PCD_EP_Open
                0x0000000008005394       0x7c build/stm32f1xx_hal_pcd.o
                0x0000000008005394                HAL_PCD_EP_Open
 .text.HAL_PCD_EP_Close
                0x0000000008005410       0x64 build/stm32f1xx_hal_pcd.o
                0x0000000008005410                HAL_PCD_EP_Close
 .text.HAL_PCD_EP_Receive
                0x0000000008005474       0x3a build/stm32f1xx_hal_pcd.o
                0x0000000008005474                HAL_PCD_EP_Receive
 .text.HAL_PCD_EP_GetRxCount
                0x00000000080054ae       0x12 build/stm32f1xx_hal_pcd.o
                0x00000000080054ae                HAL_PCD_EP_GetRxCount
 .text.HAL_PCD_EP_Transmit
                0x00000000080054c0       0x44 build/stm32f1xx_hal_pcd.o
                0x00000000080054c0                HAL_PCD_EP_Transmit
 .text.HAL_PCD_EP_SetStall
                0x0000000008005504       0x78 build/stm32f1xx_hal_pcd.o
                0x0000000008005504                HAL_PCD_EP_SetStall
 .text.HAL_PCD_EP_ClrStall
                0x000000000800557c       0x76 build/stm32f1xx_hal_pcd.o
                0x000000000800557c                HAL_PCD_EP_ClrStall
 .text.HAL_PCDEx_PMAConfig
                0x00000000080055f2       0x38 build/stm32f1xx_hal_pcd_ex.o
                0x00000000080055f2                HAL_PCDEx_PMAConfig
 .text.USB_CoreInit
                0x000000000800562a        0xe build/stm32f1xx_ll_usb.o
                0x000000000800562a                USB_CoreInit
 .text.USB_EnableGlobalInt
                0x0000000008005638       0x12 build/stm32f1xx_ll_usb.o
                0x0000000008005638                USB_EnableGlobalInt
 .text.USB_DisableGlobalInt
                0x000000000800564a       0x14 build/stm32f1xx_ll_usb.o
                0x000000000800564a                USB_DisableGlobalInt
 .text.USB_SetCurrentMode
                0x000000000800565e        0x4 build/stm32f1xx_ll_usb.o
                0x000000000800565e                USB_SetCurrentMode
 .text.USB_DevInit
                0x0000000008005662       0x22 build/stm32f1xx_ll_usb.o
                0x0000000008005662                USB_DevInit
 .text.USB_ActivateEndpoint
                0x0000000008005684      0x3ca build/stm32f1xx_ll_usb.o
                0x0000000008005684                USB_ActivateEndpoint
 .text.USB_DeactivateEndpoint
                0x0000000008005a4e      0x1d6 build/stm32f1xx_ll_usb.o
                0x0000000008005a4e                USB_DeactivateEndpoint
 .text.USB_EPSetStall
                0x0000000008005c24       0x4a build/stm32f1xx_ll_usb.o
                0x0000000008005c24                USB_EPSetStall
 .text.USB_EPClearStall
                0x0000000008005c6e       0xa2 build/stm32f1xx_ll_usb.o
                0x0000000008005c6e                USB_EPClearStall
 .text.USB_SetDevAddress
                0x0000000008005d10        0xc build/stm32f1xx_ll_usb.o
                0x0000000008005d10                USB_SetDevAddress
 .text.USB_DevConnect
                0x0000000008005d1c        0x4 build/stm32f1xx_ll_usb.o
                0x0000000008005d1c                USB_DevConnect
 .text.USB_DevDisconnect
                0x0000000008005d20        0x4 build/stm32f1xx_ll_usb.o
                0x0000000008005d20                USB_DevDisconnect
 .text.USB_ReadInterrupts
                0x0000000008005d24        0x8 build/stm32f1xx_ll_usb.o
                0x0000000008005d24                USB_ReadInterrupts
 .text.USB_EP0_OutStart
                0x0000000008005d2c        0x4 build/stm32f1xx_ll_usb.o
                0x0000000008005d2c                USB_EP0_OutStart
 .text.USB_WritePMA
                0x0000000008005d30       0x28 build/stm32f1xx_ll_usb.o
                0x0000000008005d30                USB_WritePMA
 .text.USB_EPStartXfer
                0x0000000008005d58      0x7ce build/stm32f1xx_ll_usb.o
                0x0000000008005d58                USB_EPStartXfer
 .text.USB_ReadPMA
                0x0000000008006526       0x30 build/stm32f1xx_ll_usb.o
                0x0000000008006526                USB_ReadPMA
 .text.USBD_Init
                0x0000000008006556       0x2e build/usbd_core.o
                0x0000000008006556                USBD_Init
 .text.USBD_RegisterClass
                0x0000000008006584        0xe build/usbd_core.o
                0x0000000008006584                USBD_RegisterClass
 .text.USBD_Start
                0x0000000008006592        0xa build/usbd_core.o
                0x0000000008006592                USBD_Start
 .text.USBD_SetClassConfig
                0x000000000800659c       0x18 build/usbd_core.o
                0x000000000800659c                USBD_SetClassConfig
 .text.USBD_ClrClassConfig
                0x00000000080065b4        0xe build/usbd_core.o
                0x00000000080065b4                USBD_ClrClassConfig
 .text.USBD_LL_SetupStage
                0x00000000080065c2       0x5a build/usbd_core.o
                0x00000000080065c2                USBD_LL_SetupStage
 .text.USBD_LL_DataOutStage
                0x000000000800661c       0x8c build/usbd_core.o
                0x000000000800661c                USBD_LL_DataOutStage
 .text.USBD_LL_DataInStage
                0x00000000080066a8       0xd0 build/usbd_core.o
                0x00000000080066a8                USBD_LL_DataInStage
 .text.USBD_LL_Reset
                0x0000000008006778       0x50 build/usbd_core.o
                0x0000000008006778                USBD_LL_Reset
 .text.USBD_LL_SetSpeed
                0x00000000080067c8        0x6 build/usbd_core.o
                0x00000000080067c8                USBD_LL_SetSpeed
 .text.USBD_LL_Suspend
                0x00000000080067ce       0x12 build/usbd_core.o
                0x00000000080067ce                USBD_LL_Suspend
 .text.USBD_LL_Resume
                0x00000000080067e0       0x16 build/usbd_core.o
                0x00000000080067e0                USBD_LL_Resume
 .text.USBD_LL_SOF
                0x00000000080067f6       0x1c build/usbd_core.o
                0x00000000080067f6                USBD_LL_SOF
 .text.USBD_GetLen
                0x0000000008006812       0x14 build/usbd_ctlreq.o
 .text.USBD_SetFeature
                0x0000000008006826       0x14 build/usbd_ctlreq.o
 .text.USBD_ParseSetupRequest
                0x000000000800683a       0x28 build/usbd_ctlreq.o
                0x000000000800683a                USBD_ParseSetupRequest
 .text.USBD_CtlError
                0x0000000008006862       0x14 build/usbd_ctlreq.o
                0x0000000008006862                USBD_CtlError
 .text.USBD_GetDescriptor
                0x0000000008006876      0x186 build/usbd_ctlreq.o
 .text.USBD_SetAddress
                0x00000000080069fc       0x4e build/usbd_ctlreq.o
 *fill*         0x0000000008006a4a        0x2 
 .text.USBD_SetConfig
                0x0000000008006a4c       0xb0 build/usbd_ctlreq.o
 .text.USBD_GetConfig
                0x0000000008006afc       0x3e build/usbd_ctlreq.o
 .text.USBD_GetStatus
                0x0000000008006b3a       0x38 build/usbd_ctlreq.o
 .text.USBD_ClrFeature
                0x0000000008006b72       0x26 build/usbd_ctlreq.o
 .text.USBD_StdDevReq
                0x0000000008006b98       0x68 build/usbd_ctlreq.o
                0x0000000008006b98                USBD_StdDevReq
 .text.USBD_StdItfReq
                0x0000000008006c00       0x60 build/usbd_ctlreq.o
                0x0000000008006c00                USBD_StdItfReq
 .text.USBD_StdEPReq
                0x0000000008006c60      0x1e2 build/usbd_ctlreq.o
                0x0000000008006c60                USBD_StdEPReq
 .text.USBD_GetString
                0x0000000008006e42       0x3a build/usbd_ctlreq.o
                0x0000000008006e42                USBD_GetString
 .text.USBD_CtlSendData
                0x0000000008006e7c       0x1a build/usbd_ioreq.o
                0x0000000008006e7c                USBD_CtlSendData
 .text.USBD_CtlContinueSendData
                0x0000000008006e96       0x10 build/usbd_ioreq.o
                0x0000000008006e96                USBD_CtlContinueSendData
 .text.USBD_CtlPrepareRx
                0x0000000008006ea6       0x1e build/usbd_ioreq.o
                0x0000000008006ea6                USBD_CtlPrepareRx
 .text.USBD_CtlContinueRx
                0x0000000008006ec4       0x10 build/usbd_ioreq.o
                0x0000000008006ec4                USBD_CtlContinueRx
 .text.USBD_CtlSendStatus
                0x0000000008006ed4       0x16 build/usbd_ioreq.o
                0x0000000008006ed4                USBD_CtlSendStatus
 .text.USBD_CtlReceiveStatus
                0x0000000008006eea       0x16 build/usbd_ioreq.o
                0x0000000008006eea                USBD_CtlReceiveStatus
 .text.USBD_CDC_EP0_RxReady
                0x0000000008006f00       0x28 build/usbd_cdc.o
 .text.USBD_CDC_GetFSCfgDesc
                0x0000000008006f28        0xc build/usbd_cdc.o
 .text.USBD_CDC_GetHSCfgDesc
                0x0000000008006f34        0xc build/usbd_cdc.o
 .text.USBD_CDC_GetOtherSpeedCfgDesc
                0x0000000008006f40        0xc build/usbd_cdc.o
 .text.USBD_CDC_GetDeviceQualifierDescriptor
                0x0000000008006f4c        0xc build/usbd_cdc.o
                0x0000000008006f4c                USBD_CDC_GetDeviceQualifierDescriptor
 .text.USBD_CDC_DataOut
                0x0000000008006f58       0x2e build/usbd_cdc.o
 .text.USBD_CDC_DataIn
                0x0000000008006f86       0x4e build/usbd_cdc.o
 .text.USBD_CDC_Setup
                0x0000000008006fd4       0xd6 build/usbd_cdc.o
 .text.USBD_CDC_DeInit
                0x00000000080070aa       0x42 build/usbd_cdc.o
 .text.USBD_CDC_Init
                0x00000000080070ec       0xaa build/usbd_cdc.o
 .text.USBD_CDC_RegisterInterface
                0x0000000008007196        0xe build/usbd_cdc.o
                0x0000000008007196                USBD_CDC_RegisterInterface
 .text.USBD_CDC_SetTxBuffer
                0x00000000080071a4       0x10 build/usbd_cdc.o
                0x00000000080071a4                USBD_CDC_SetTxBuffer
 .text.USBD_CDC_SetRxBuffer
                0x00000000080071b4        0xc build/usbd_cdc.o
                0x00000000080071b4                USBD_CDC_SetRxBuffer
 .text.USBD_CDC_TransmitPacket
                0x00000000080071c0       0x34 build/usbd_cdc.o
                0x00000000080071c0                USBD_CDC_TransmitPacket
 .text.USBD_CDC_ReceivePacket
                0x00000000080071f4       0x30 build/usbd_cdc.o
                0x00000000080071f4                USBD_CDC_ReceivePacket
 .text._write   0x0000000008007224       0x10 build/printf_config.o
                0x0000000008007224                _write
 .text._ZN7Encoder9get_countEv
                0x0000000008007234       0x12 build/encoder.o
                0x0000000008007234                Encoder::get_count()
 *fill*         0x0000000008007246        0x2 
 .text._ZN7Encoder9get_omegaEv
                0x0000000008007248       0x44 build/encoder.o
                0x0000000008007248                Encoder::get_omega()
 .text._ZN7Encoder4initEv
                0x000000000800728c        0xc build/encoder.o
                0x000000000800728c                Encoder::init()
 .text._ZN7Encoder19reset_encoder_countEv
                0x0000000008007298       0x14 build/encoder.o
                0x0000000008007298                Encoder::reset_encoder_count()
 .text._ZN8CRC_HashC2Eh
                0x00000000080072ac       0x2e build/crc.o
                0x00000000080072ac                CRC_Hash::CRC_Hash(unsigned char)
                0x00000000080072ac                CRC_Hash::CRC_Hash(unsigned char)
 .text._ZN8CRC_Hash8get_HashEPht
                0x00000000080072da       0x24 build/crc.o
                0x00000000080072da                CRC_Hash::get_Hash(unsigned char*, unsigned short)
 .text._ZN8CRC_HashD2Ev
                0x00000000080072fe        0x2 build/free_wheel.o
                0x00000000080072fe                CRC_Hash::~CRC_Hash()
                0x00000000080072fe                CRC_Hash::~CRC_Hash()
 .text._Z41__static_initialization_and_destruction_0ii
                0x0000000008007300       0x70 build/free_wheel.o
 .text.HAL_UART_RxCpltCallback
                0x0000000008007370      0x11c build/free_wheel.o
                0x0000000008007370                HAL_UART_RxCpltCallback
 .text.HAL_UART_ErrorCallback
                0x000000000800748c       0x5c build/free_wheel.o
                0x000000000800748c                HAL_UART_ErrorCallback
 .text.HAL_UART_TxCpltCallback
                0x00000000080074e8       0x20 build/free_wheel.o
                0x00000000080074e8                HAL_UART_TxCpltCallback
 .text._ZN10Free_Wheel4initEv
                0x0000000008007508       0x30 build/free_wheel.o
                0x0000000008007508                Free_Wheel::init()
 .text._ZN10Free_Wheel9read_dataEv
                0x0000000008007538       0x88 build/free_wheel.o
                0x0000000008007538                Free_Wheel::read_data()
 .text._ZN10Free_Wheel12process_dataEv
                0x00000000080075c0      0x304 build/free_wheel.o
                0x00000000080075c0                Free_Wheel::process_data()
 .text.send_data
                0x00000000080078c4       0xac build/free_wheel.o
                0x00000000080078c4                send_data
 .text._GLOBAL__sub_I_free_wheel
                0x0000000008007970        0xe build/free_wheel.o
 *fill*         0x000000000800797e        0x2 
 .text.Reset_Handler
                0x0000000008007980       0x48 build/startup_stm32f103xb.o
                0x0000000008007980                Reset_Handler
 .text.Default_Handler
                0x00000000080079c8        0x2 build/startup_stm32f103xb.o
                0x00000000080079c8                RTC_Alarm_IRQHandler
                0x00000000080079c8                EXTI2_IRQHandler
                0x00000000080079c8                TIM1_CC_IRQHandler
                0x00000000080079c8                PVD_IRQHandler
                0x00000000080079c8                EXTI3_IRQHandler
                0x00000000080079c8                EXTI0_IRQHandler
                0x00000000080079c8                I2C2_EV_IRQHandler
                0x00000000080079c8                ADC1_2_IRQHandler
                0x00000000080079c8                SPI1_IRQHandler
                0x00000000080079c8                TAMPER_IRQHandler
                0x00000000080079c8                DMA1_Channel4_IRQHandler
                0x00000000080079c8                USART3_IRQHandler
                0x00000000080079c8                RTC_IRQHandler
                0x00000000080079c8                CAN1_RX1_IRQHandler
                0x00000000080079c8                TIM4_IRQHandler
                0x00000000080079c8                I2C1_EV_IRQHandler
                0x00000000080079c8                DMA1_Channel6_IRQHandler
                0x00000000080079c8                TIM3_IRQHandler
                0x00000000080079c8                RCC_IRQHandler
                0x00000000080079c8                TIM1_TRG_COM_IRQHandler
                0x00000000080079c8                DMA1_Channel1_IRQHandler
                0x00000000080079c8                Default_Handler
                0x00000000080079c8                EXTI15_10_IRQHandler
                0x00000000080079c8                EXTI9_5_IRQHandler
                0x00000000080079c8                SPI2_IRQHandler
                0x00000000080079c8                EXTI4_IRQHandler
                0x00000000080079c8                USB_HP_CAN1_TX_IRQHandler
                0x00000000080079c8                DMA1_Channel3_IRQHandler
                0x00000000080079c8                TIM1_UP_IRQHandler
                0x00000000080079c8                WWDG_IRQHandler
                0x00000000080079c8                TIM2_IRQHandler
                0x00000000080079c8                TIM1_BRK_IRQHandler
                0x00000000080079c8                EXTI1_IRQHandler
                0x00000000080079c8                I2C2_ER_IRQHandler
                0x00000000080079c8                DMA1_Channel2_IRQHandler
                0x00000000080079c8                CAN1_SCE_IRQHandler
                0x00000000080079c8                FLASH_IRQHandler
                0x00000000080079c8                I2C1_ER_IRQHandler
                0x00000000080079c8                USBWakeUp_IRQHandler
 *fill*         0x00000000080079ca        0x2 
 .text.arm_sin_f32
                0x00000000080079cc       0xb4 Drivers/CMSIS/Lib/GCC//libarm_cortexM3l_math.a(arm_sin_f32.o)
                0x00000000080079cc                arm_sin_f32
 .text.arm_cos_f32
                0x0000000008007a80       0x88 Drivers/CMSIS/Lib/GCC//libarm_cortexM3l_math.a(arm_cos_f32.o)
                0x0000000008007a80                arm_cos_f32
 *(.glue_7)
 .glue_7        0x0000000008007b08        0x0 linker stubs
 *(.glue_7t)
 .glue_7t       0x0000000008007b08        0x0 linker stubs
 *(.eh_frame)
 .eh_frame      0x0000000008007b08        0x0 /usr/lib/gcc/arm-none-eabi/10.3.1/thumb/v7-m/nofp/crtbegin.o
 *(.init)
 .init          0x0000000008007b08        0x4 /usr/lib/gcc/arm-none-eabi/10.3.1/thumb/v7-m/nofp/crti.o
                0x0000000008007b08                _init
 .init          0x0000000008007b0c        0x8 /usr/lib/gcc/arm-none-eabi/10.3.1/thumb/v7-m/nofp/crtn.o
 *(.fini)
 .fini          0x0000000008007b14        0x4 /usr/lib/gcc/arm-none-eabi/10.3.1/thumb/v7-m/nofp/crti.o
                0x0000000008007b14                _fini
 .fini          0x0000000008007b18        0x8 /usr/lib/gcc/arm-none-eabi/10.3.1/thumb/v7-m/nofp/crtn.o
                0x0000000008007b20                . = ALIGN (0x4)
                0x0000000008007b20                _etext = .

.vfp11_veneer   0x0000000008007b20        0x0
 .vfp11_veneer  0x0000000008007b20        0x0 linker stubs

.v4_bx          0x0000000008007b20        0x0
 .v4_bx         0x0000000008007b20        0x0 linker stubs

.iplt           0x0000000008007b20        0x0
 .iplt          0x0000000008007b20        0x0 /usr/lib/gcc/arm-none-eabi/10.3.1/thumb/v7-m/nofp/crtbegin.o

.rodata         0x0000000008007b20      0x930
                0x0000000008007b20                . = ALIGN (0x4)
 *(.rodata)
 .rodata        0x0000000008007b20        0x4 /usr/lib/gcc/arm-none-eabi/10.3.1/../../../arm-none-eabi/lib/thumb/v7-m/nofp/libc_nano.a(lib_a-impure.o)
                0x0000000008007b20                _global_impure_ptr
 .rodata        0x0000000008007b24        0x4 /usr/lib/gcc/arm-none-eabi/10.3.1/../../../arm-none-eabi/lib/thumb/v7-m/nofp/libc_nano.a(lib_a-on_exit_args.o)
                0x0000000008007b24                __on_exit_args
 .rodata        0x0000000008007b28       0x60 /usr/lib/gcc/arm-none-eabi/10.3.1/../../../arm-none-eabi/lib/thumb/v7-m/nofp/libc_nano.a(lib_a-findfp.o)
                0x0000000008007b28                __sf_fake_stderr
                0x0000000008007b48                __sf_fake_stdout
                0x0000000008007b68                __sf_fake_stdin
 *(.rodata*)
 .rodata.aPLLMULFactorTable.1
                0x0000000008007b88       0x10 build/stm32f1xx_hal_rcc.o
 .rodata.aPredivFactorTable.0
                0x0000000008007b98        0x2 build/stm32f1xx_hal_rcc.o
 *fill*         0x0000000008007b9a        0x2 
 .rodata.AHBPrescTable
                0x0000000008007b9c       0x10 build/system_stm32f1xx.o
                0x0000000008007b9c                AHBPrescTable
 .rodata.APBPrescTable
                0x0000000008007bac        0x8 build/system_stm32f1xx.o
                0x0000000008007bac                APBPrescTable
 .rodata.USBD_FS_ProductStrDescriptor.str1.4
                0x0000000008007bb4       0x16 build/usbd_desc.o
 *fill*         0x0000000008007bca        0x2 
 .rodata.USBD_FS_ManufacturerStrDescriptor.str1.4
                0x0000000008007bcc        0x9 build/usbd_desc.o
 *fill*         0x0000000008007bd5        0x3 
 .rodata.USBD_FS_ConfigStrDescriptor.str1.4
                0x0000000008007bd8        0xb build/usbd_desc.o
 *fill*         0x0000000008007be3        0x1 
 .rodata.USBD_FS_InterfaceStrDescriptor.str1.4
                0x0000000008007be4        0xe build/usbd_desc.o
 *fill*         0x0000000008007bf2        0x2 
 .rodata._ZN10Free_Wheel12process_dataEv.str1.4
                0x0000000008007bf4       0x14 build/free_wheel.o
 .rodata.send_data.str1.4
                0x0000000008007c08        0x7 build/free_wheel.o
 *fill*         0x0000000008007c0f        0x1 
 .rodata.str1.4
                0x0000000008007c10       0x13 /usr/lib/gcc/arm-none-eabi/10.3.1/../../../arm-none-eabi/lib/thumb/v7-m/nofp/libc_nano.a(lib_a-nano-vfprintf.o)
 *fill*         0x0000000008007c23        0x1 
 .rodata.str1.4
                0x0000000008007c24       0x25 /usr/lib/gcc/arm-none-eabi/10.3.1/../../../arm-none-eabi/lib/thumb/v7-m/nofp/libc_nano.a(lib_a-nano-vfprintf_i.o)
 *fill*         0x0000000008007c49        0x3 
 .rodata.sinTable_f32
                0x0000000008007c4c      0x804 Drivers/CMSIS/Lib/GCC//libarm_cortexM3l_math.a(arm_common_tables.o)
                0x0000000008007c4c                sinTable_f32
                0x0000000008008450                . = ALIGN (0x4)

.rel.dyn        0x0000000008008450        0x0
 .rel.iplt      0x0000000008008450        0x0 /usr/lib/gcc/arm-none-eabi/10.3.1/thumb/v7-m/nofp/crtbegin.o

.ARM.extab
 *(.ARM.extab* .gnu.linkonce.armextab.*)

.ARM            0x0000000008008450        0x0
                0x0000000008008450                __exidx_start = .
 *(.ARM.exidx*)
                0x0000000008008450                __exidx_end = .

.preinit_array  0x0000000008008450        0x0
                0x0000000008008450                PROVIDE (__preinit_array_start = .)
 *(.preinit_array*)
                0x0000000008008450                PROVIDE (__preinit_array_end = .)

.init_array     0x0000000008008450        0x8
                0x0000000008008450                PROVIDE (__init_array_start = .)
 *(SORT_BY_NAME(.init_array.*))
 *(.init_array*)
 .init_array    0x0000000008008450        0x4 /usr/lib/gcc/arm-none-eabi/10.3.1/thumb/v7-m/nofp/crtbegin.o
 .init_array    0x0000000008008454        0x4 build/free_wheel.o
                0x0000000008008458                PROVIDE (__init_array_end = .)

.fini_array     0x0000000008008458        0x4
                0x0000000008008458                PROVIDE (__fini_array_start = .)
 *(SORT_BY_NAME(.fini_array.*))
 *(.fini_array*)
 .fini_array    0x0000000008008458        0x4 /usr/lib/gcc/arm-none-eabi/10.3.1/thumb/v7-m/nofp/crtbegin.o
                0x000000000800845c                PROVIDE (__fini_array_end = .)
                0x000000000800845c                _sidata = LOADADDR (.data)

.data           0x0000000020000000      0x1e4 load address 0x000000000800845c
                0x0000000020000000                . = ALIGN (0x4)
                0x0000000020000000                _sdata = .
 *(.data)
 .data          0x0000000020000000        0x4 /usr/lib/gcc/arm-none-eabi/10.3.1/thumb/v7-m/nofp/crtbegin.o
                0x0000000020000000                __dso_handle
 .data          0x0000000020000004       0x64 /usr/lib/gcc/arm-none-eabi/10.3.1/../../../arm-none-eabi/lib/thumb/v7-m/nofp/libc_nano.a(lib_a-impure.o)
                0x0000000020000004                _impure_ptr
 *(.data*)
 .data.uwTickFreq
                0x0000000020000068        0x1 build/stm32f1xx_hal.o
                0x0000000020000068                uwTickFreq
 *fill*         0x0000000020000069        0x3 
 .data.uwTickPrio
                0x000000002000006c        0x4 build/stm32f1xx_hal.o
                0x000000002000006c                uwTickPrio
 .data.SystemCoreClock
                0x0000000020000070        0x4 build/system_stm32f1xx.o
                0x0000000020000070                SystemCoreClock
 .data.FS_Desc  0x0000000020000074       0x1c build/usbd_desc.o
                0x0000000020000074                FS_Desc
 .data.USBD_FS_DeviceDesc
                0x0000000020000090       0x12 build/usbd_desc.o
                0x0000000020000090                USBD_FS_DeviceDesc
 *fill*         0x00000000200000a2        0x2 
 .data.USBD_LangIDDesc
                0x00000000200000a4        0x4 build/usbd_desc.o
                0x00000000200000a4                USBD_LangIDDesc
 .data.USBD_StringSerial
                0x00000000200000a8       0x1a build/usbd_desc.o
                0x00000000200000a8                USBD_StringSerial
 *fill*         0x00000000200000c2        0x2 
 .data.USBD_Interface_fops_FS
                0x00000000200000c4       0x10 build/usbd_cdc_if.o
                0x00000000200000c4                USBD_Interface_fops_FS
 .data.USBD_CDC
                0x00000000200000d4       0x38 build/usbd_cdc.o
                0x00000000200000d4                USBD_CDC
 .data.USBD_CDC_CfgFSDesc
                0x000000002000010c       0x43 build/usbd_cdc.o
                0x000000002000010c                USBD_CDC_CfgFSDesc
 *fill*         0x000000002000014f        0x1 
 .data.USBD_CDC_CfgHSDesc
                0x0000000020000150       0x43 build/usbd_cdc.o
                0x0000000020000150                USBD_CDC_CfgHSDesc
 *fill*         0x0000000020000193        0x1 
 .data.USBD_CDC_DeviceQualifierDesc
                0x0000000020000194        0xa build/usbd_cdc.o
 *fill*         0x000000002000019e        0x2 
 .data.USBD_CDC_OtherSpeedCfgDesc
                0x00000000200001a0       0x43 build/usbd_cdc.o
                0x00000000200001a0                USBD_CDC_OtherSpeedCfgDesc
 .data.is_waiting_for_start_byte
                0x00000000200001e3        0x1 build/free_wheel.o
                0x00000000200001e3                is_waiting_for_start_byte
                0x00000000200001e4                . = ALIGN (0x4)
                0x00000000200001e4                _edata = .

.tm_clone_table
                0x00000000200001e4        0x0 load address 0x0000000008008640
 .tm_clone_table
                0x00000000200001e4        0x0 /usr/lib/gcc/arm-none-eabi/10.3.1/thumb/v7-m/nofp/crtbegin.o
 .tm_clone_table
                0x00000000200001e4        0x0 /usr/lib/gcc/arm-none-eabi/10.3.1/thumb/v7-m/nofp/crtend.o

.igot.plt       0x00000000200001e4        0x0 load address 0x0000000008008640
 .igot.plt      0x00000000200001e4        0x0 /usr/lib/gcc/arm-none-eabi/10.3.1/thumb/v7-m/nofp/crtbegin.o
                0x00000000200001e4                . = ALIGN (0x4)

.bss            0x00000000200001e4     0x173c load address 0x0000000008008640
                0x00000000200001e4                _sbss = .
                0x00000000200001e4                __bss_start__ = _sbss
 *(.bss)
 .bss           0x00000000200001e4       0x1c /usr/lib/gcc/arm-none-eabi/10.3.1/thumb/v7-m/nofp/crtbegin.o
 .bss           0x0000000020000200      0x108 /usr/lib/gcc/arm-none-eabi/10.3.1/../../../arm-none-eabi/lib/thumb/v7-m/nofp/libc_nano.a(lib_a-on_exit_args.o)
 .bss           0x0000000020000308       0x8c /usr/lib/gcc/arm-none-eabi/10.3.1/../../../arm-none-eabi/lib/thumb/v7-m/nofp/libc_nano.a(lib_a-__atexit.o)
 .bss           0x0000000020000394        0x4 /usr/lib/gcc/arm-none-eabi/10.3.1/../../../arm-none-eabi/lib/thumb/v7-m/nofp/libc_nano.a(lib_a-__call_atexit.o)
                0x0000000020000394                _global_atexit
 .bss           0x0000000020000398        0x8 /usr/lib/gcc/arm-none-eabi/10.3.1/../../../arm-none-eabi/lib/thumb/v7-m/nofp/libc_nano.a(lib_a-nano-mallocr.o)
                0x0000000020000398                __malloc_free_list
                0x000000002000039c                __malloc_sbrk_start
 .bss           0x00000000200003a0        0x4 /usr/lib/gcc/arm-none-eabi/10.3.1/../../../arm-none-eabi/lib/thumb/v7-m/nofp/libc_nano.a(lib_a-reent.o)
                0x00000000200003a0                errno
 .bss           0x00000000200003a4        0x4 /usr/lib/gcc/arm-none-eabi/10.3.1/../../../arm-none-eabi/lib/thumb/v7-m/nofp/libnosys.a(sbrk.o)
 *(.bss*)
 .bss.hdma_usart1_rx
                0x00000000200003a8       0x44 build/usart.o
                0x00000000200003a8                hdma_usart1_rx
 .bss.hdma_usart2_tx
                0x00000000200003ec       0x44 build/usart.o
                0x00000000200003ec                hdma_usart2_tx
 .bss.huart1    0x0000000020000430       0x48 build/usart.o
                0x0000000020000430                huart1
 .bss.huart2    0x0000000020000478       0x48 build/usart.o
                0x0000000020000478                huart2
 .bss.uwTick    0x00000000200004c0        0x4 build/stm32f1xx_hal.o
                0x00000000200004c0                uwTick
 .bss.htim1     0x00000000200004c4       0x48 build/tim.o
                0x00000000200004c4                htim1
 .bss.htim2     0x000000002000050c       0x48 build/tim.o
                0x000000002000050c                htim2
 .bss.htim3     0x0000000020000554       0x48 build/tim.o
                0x0000000020000554                htim3
 .bss.hUsbDeviceFS
                0x000000002000059c      0x2c4 build/usb_device.o
                0x000000002000059c                hUsbDeviceFS
 .bss.USBD_StrDesc
                0x0000000020000860      0x200 build/usbd_desc.o
                0x0000000020000860                USBD_StrDesc
 .bss.UserRxBufferFS
                0x0000000020000a60      0x400 build/usbd_cdc_if.o
                0x0000000020000a60                UserRxBufferFS
 .bss.UserTxBufferFS
                0x0000000020000e60      0x400 build/usbd_cdc_if.o
                0x0000000020000e60                UserTxBufferFS
 .bss.hpcd_USB_FS
                0x0000000020001260      0x2f0 build/usbd_conf.o
                0x0000000020001260                hpcd_USB_FS
 .bss.mem.0     0x0000000020001550      0x220 build/usbd_conf.o
 .bss.cfgidx.0  0x0000000020001770        0x1 build/usbd_ctlreq.o
 *fill*         0x0000000020001771        0x3 
 .bss._ZZ23HAL_UART_RxCpltCallbackE14board_led_tick
                0x0000000020001774        0x4 build/free_wheel.o
 .bss._ZZ23HAL_UART_RxCpltCallbackE9led1_tick
                0x0000000020001778        0x4 build/free_wheel.o
 .bss._ZZ9send_dataE13transmit_tick
                0x000000002000177c        0x4 build/free_wheel.o
 .bss.crc       0x0000000020001780      0x100 build/free_wheel.o
                0x0000000020001780                crc
 .bss.free_wheel
                0x0000000020001880       0x7c build/free_wheel.o
                0x0000000020001880                free_wheel
 .bss.imu_input_tick
                0x00000000200018fc        0x4 build/free_wheel.o
                0x00000000200018fc                imu_input_tick
 .bss.imu_yaw   0x0000000020001900        0x4 build/free_wheel.o
                0x0000000020001900                imu_yaw
 .bss.prev_imu_yaw
                0x0000000020001904        0x4 build/free_wheel.o
                0x0000000020001904                prev_imu_yaw
 .bss.receiving_bytes
                0x0000000020001908        0x6 build/free_wheel.o
                0x0000000020001908                receiving_bytes
 *fill*         0x000000002000190e        0x2 
 .bss.red_led_tick
                0x0000000020001910        0x4 build/free_wheel.o
                0x0000000020001910                red_led_tick
 .bss.total_back_count
                0x0000000020001914        0x4 build/free_wheel.o
                0x0000000020001914                total_back_count
 .bss.total_left_count
                0x0000000020001918        0x4 build/free_wheel.o
                0x0000000020001918                total_left_count
 .bss.total_right_count
                0x000000002000191c        0x4 build/free_wheel.o
                0x000000002000191c                total_right_count
 *(COMMON)
                0x0000000020001920                . = ALIGN (0x4)
                0x0000000020001920                _ebss = .
                0x0000000020001920                __bss_end__ = _ebss

._user_heap_stack
                0x0000000020001920      0x600 load address 0x0000000008008640
                0x0000000020001920                . = ALIGN (0x8)
                0x0000000020001920                PROVIDE (end = .)
                [!provide]                        PROVIDE (_end = .)
                0x0000000020001b20                . = (. + _Min_Heap_Size)
 *fill*         0x0000000020001920      0x200 
                0x0000000020001f20                . = (. + _Min_Stack_Size)
 *fill*         0x0000000020001b20      0x400 
                0x0000000020001f20                . = ALIGN (0x8)

/DISCARD/
 libc.a(*)
 libm.a(*)
 libgcc.a(*)

.ARM.attributes
                0x0000000000000000       0x29
 *(.ARM.attributes)
 .ARM.attributes
                0x0000000000000000       0x1d /usr/lib/gcc/arm-none-eabi/10.3.1/thumb/v7-m/nofp/crti.o
 .ARM.attributes
                0x000000000000001d       0x2d /usr/lib/gcc/arm-none-eabi/10.3.1/thumb/v7-m/nofp/crtbegin.o
 .ARM.attributes
                0x000000000000004a       0x2d build/main.o
 .ARM.attributes
                0x0000000000000077       0x2d build/gpio.o
 .ARM.attributes
                0x00000000000000a4       0x2d build/dma.o
 .ARM.attributes
                0x00000000000000d1       0x2d build/usart.o
 .ARM.attributes
                0x00000000000000fe       0x2d build/stm32f1xx_it.o
 .ARM.attributes
                0x000000000000012b       0x2d build/stm32f1xx_hal_msp.o
 .ARM.attributes
                0x0000000000000158       0x2d build/stm32f1xx_hal_tim.o
 .ARM.attributes
                0x0000000000000185       0x2d build/stm32f1xx_hal_tim_ex.o
 .ARM.attributes
                0x00000000000001b2       0x2d build/stm32f1xx_hal_uart.o
 .ARM.attributes
                0x00000000000001df       0x2d build/stm32f1xx_hal.o
 .ARM.attributes
                0x000000000000020c       0x2d build/stm32f1xx_hal_rcc.o
 .ARM.attributes
                0x0000000000000239       0x2d build/stm32f1xx_hal_rcc_ex.o
 .ARM.attributes
                0x0000000000000266       0x2d build/stm32f1xx_hal_gpio.o
 .ARM.attributes
                0x0000000000000293       0x2d build/stm32f1xx_hal_dma.o
 .ARM.attributes
                0x00000000000002c0       0x2d build/stm32f1xx_hal_cortex.o
 .ARM.attributes
                0x00000000000002ed       0x2d build/system_stm32f1xx.o
 .ARM.attributes
                0x000000000000031a       0x2d build/tim.o
 .ARM.attributes
                0x0000000000000347       0x2d build/usb_device.o
 .ARM.attributes
                0x0000000000000374       0x2d build/usbd_desc.o
 .ARM.attributes
                0x00000000000003a1       0x2d build/usbd_cdc_if.o
 .ARM.attributes
                0x00000000000003ce       0x2d build/usbd_conf.o
 .ARM.attributes
                0x00000000000003fb       0x2d build/stm32f1xx_hal_pcd.o
 .ARM.attributes
                0x0000000000000428       0x2d build/stm32f1xx_hal_pcd_ex.o
 .ARM.attributes
                0x0000000000000455       0x2d build/stm32f1xx_ll_usb.o
 .ARM.attributes
                0x0000000000000482       0x2d build/usbd_core.o
 .ARM.attributes
                0x00000000000004af       0x2d build/usbd_ctlreq.o
 .ARM.attributes
                0x00000000000004dc       0x2d build/usbd_ioreq.o
 .ARM.attributes
                0x0000000000000509       0x2d build/usbd_cdc.o
 .ARM.attributes
                0x0000000000000536       0x2d build/printf_config.o
 .ARM.attributes
                0x0000000000000563       0x2d build/encoder.o
 .ARM.attributes
                0x0000000000000590       0x2d build/crc.o
 .ARM.attributes
                0x00000000000005bd       0x2d build/free_wheel.o
 .ARM.attributes
                0x00000000000005ea       0x21 build/startup_stm32f103xb.o
 .ARM.attributes
                0x000000000000060b       0x2d /usr/lib/gcc/arm-none-eabi/10.3.1/../../../arm-none-eabi/lib/thumb/v7-m/nofp/libc_nano.a(lib_a-aeabi_atexit.o)
 .ARM.attributes
                0x0000000000000638       0x2d /usr/lib/gcc/arm-none-eabi/10.3.1/../../../arm-none-eabi/lib/thumb/v7-m/nofp/libc_nano.a(lib_a-cxa_atexit.o)
 .ARM.attributes
                0x0000000000000665       0x2d /usr/lib/gcc/arm-none-eabi/10.3.1/../../../arm-none-eabi/lib/thumb/v7-m/nofp/libc_nano.a(lib_a-impure.o)
 .ARM.attributes
                0x0000000000000692       0x2d /usr/lib/gcc/arm-none-eabi/10.3.1/../../../arm-none-eabi/lib/thumb/v7-m/nofp/libc_nano.a(lib_a-init.o)
 .ARM.attributes
                0x00000000000006bf       0x2d /usr/lib/gcc/arm-none-eabi/10.3.1/../../../arm-none-eabi/lib/thumb/v7-m/nofp/libc_nano.a(lib_a-memset.o)
 .ARM.attributes
                0x00000000000006ec       0x2d /usr/lib/gcc/arm-none-eabi/10.3.1/../../../arm-none-eabi/lib/thumb/v7-m/nofp/libc_nano.a(lib_a-on_exit_args.o)
 .ARM.attributes
                0x0000000000000719       0x2d /usr/lib/gcc/arm-none-eabi/10.3.1/../../../arm-none-eabi/lib/thumb/v7-m/nofp/libc_nano.a(lib_a-printf.o)
 .ARM.attributes
                0x0000000000000746       0x2d /usr/lib/gcc/arm-none-eabi/10.3.1/../../../arm-none-eabi/lib/thumb/v7-m/nofp/libc_nano.a(lib_a-puts.o)
 .ARM.attributes
                0x0000000000000773       0x2d /usr/lib/gcc/arm-none-eabi/10.3.1/../../../arm-none-eabi/lib/thumb/v7-m/nofp/libc_nano.a(lib_a-wbuf.o)
 .ARM.attributes
                0x00000000000007a0       0x2d /usr/lib/gcc/arm-none-eabi/10.3.1/../../../arm-none-eabi/lib/thumb/v7-m/nofp/libc_nano.a(lib_a-wsetup.o)
 .ARM.attributes
                0x00000000000007cd       0x2d /usr/lib/gcc/arm-none-eabi/10.3.1/../../../arm-none-eabi/lib/thumb/v7-m/nofp/libc_nano.a(lib_a-__atexit.o)
 .ARM.attributes
                0x00000000000007fa       0x2d /usr/lib/gcc/arm-none-eabi/10.3.1/../../../arm-none-eabi/lib/thumb/v7-m/nofp/libc_nano.a(lib_a-__call_atexit.o)
 .ARM.attributes
                0x0000000000000827       0x2d /usr/lib/gcc/arm-none-eabi/10.3.1/../../../arm-none-eabi/lib/thumb/v7-m/nofp/libc_nano.a(lib_a-fflush.o)
 .ARM.attributes
                0x0000000000000854       0x2d /usr/lib/gcc/arm-none-eabi/10.3.1/../../../arm-none-eabi/lib/thumb/v7-m/nofp/libc_nano.a(lib_a-findfp.o)
 .ARM.attributes
                0x0000000000000881       0x2d /usr/lib/gcc/arm-none-eabi/10.3.1/../../../arm-none-eabi/lib/thumb/v7-m/nofp/libc_nano.a(lib_a-fwalk.o)
 .ARM.attributes
                0x00000000000008ae       0x2d /usr/lib/gcc/arm-none-eabi/10.3.1/../../../arm-none-eabi/lib/thumb/v7-m/nofp/libc_nano.a(lib_a-makebuf.o)
 .ARM.attributes
                0x00000000000008db       0x2d /usr/lib/gcc/arm-none-eabi/10.3.1/../../../arm-none-eabi/lib/thumb/v7-m/nofp/libc_nano.a(lib_a-nano-freer.o)
 .ARM.attributes
                0x0000000000000908       0x2d /usr/lib/gcc/arm-none-eabi/10.3.1/../../../arm-none-eabi/lib/thumb/v7-m/nofp/libc_nano.a(lib_a-nano-mallocr.o)
 .ARM.attributes
                0x0000000000000935       0x2d /usr/lib/gcc/arm-none-eabi/10.3.1/../../../arm-none-eabi/lib/thumb/v7-m/nofp/libc_nano.a(lib_a-nano-vfprintf.o)
 .ARM.attributes
                0x0000000000000962       0x2d /usr/lib/gcc/arm-none-eabi/10.3.1/../../../arm-none-eabi/lib/thumb/v7-m/nofp/libc_nano.a(lib_a-nano-vfprintf_i.o)
 .ARM.attributes
                0x000000000000098f       0x2d /usr/lib/gcc/arm-none-eabi/10.3.1/../../../arm-none-eabi/lib/thumb/v7-m/nofp/libc_nano.a(lib_a-sbrkr.o)
 .ARM.attributes
                0x00000000000009bc       0x2d /usr/lib/gcc/arm-none-eabi/10.3.1/../../../arm-none-eabi/lib/thumb/v7-m/nofp/libc_nano.a(lib_a-stdio.o)
 .ARM.attributes
                0x00000000000009e9       0x2d /usr/lib/gcc/arm-none-eabi/10.3.1/../../../arm-none-eabi/lib/thumb/v7-m/nofp/libc_nano.a(lib_a-writer.o)
 .ARM.attributes
                0x0000000000000a16       0x2d /usr/lib/gcc/arm-none-eabi/10.3.1/../../../arm-none-eabi/lib/thumb/v7-m/nofp/libc_nano.a(lib_a-closer.o)
 .ARM.attributes
                0x0000000000000a43       0x2d /usr/lib/gcc/arm-none-eabi/10.3.1/../../../arm-none-eabi/lib/thumb/v7-m/nofp/libc_nano.a(lib_a-fstatr.o)
 .ARM.attributes
                0x0000000000000a70       0x2d /usr/lib/gcc/arm-none-eabi/10.3.1/../../../arm-none-eabi/lib/thumb/v7-m/nofp/libc_nano.a(lib_a-fvwrite.o)
 .ARM.attributes
                0x0000000000000a9d       0x2d /usr/lib/gcc/arm-none-eabi/10.3.1/../../../arm-none-eabi/lib/thumb/v7-m/nofp/libc_nano.a(lib_a-isattyr.o)
 .ARM.attributes
                0x0000000000000aca       0x2d /usr/lib/gcc/arm-none-eabi/10.3.1/../../../arm-none-eabi/lib/thumb/v7-m/nofp/libc_nano.a(lib_a-lseekr.o)
 .ARM.attributes
                0x0000000000000af7       0x2d /usr/lib/gcc/arm-none-eabi/10.3.1/../../../arm-none-eabi/lib/thumb/v7-m/nofp/libc_nano.a(lib_a-memchr-stub.o)
 .ARM.attributes
                0x0000000000000b24       0x1b /usr/lib/gcc/arm-none-eabi/10.3.1/../../../arm-none-eabi/lib/thumb/v7-m/nofp/libc_nano.a(lib_a-memcpy.o)
 .ARM.attributes
                0x0000000000000b3f       0x2d /usr/lib/gcc/arm-none-eabi/10.3.1/../../../arm-none-eabi/lib/thumb/v7-m/nofp/libc_nano.a(lib_a-memmove.o)
 .ARM.attributes
                0x0000000000000b6c       0x2d /usr/lib/gcc/arm-none-eabi/10.3.1/../../../arm-none-eabi/lib/thumb/v7-m/nofp/libc_nano.a(lib_a-mlock.o)
 .ARM.attributes
                0x0000000000000b99       0x2d /usr/lib/gcc/arm-none-eabi/10.3.1/../../../arm-none-eabi/lib/thumb/v7-m/nofp/libc_nano.a(lib_a-nano-reallocr.o)
 .ARM.attributes
                0x0000000000000bc6       0x2d /usr/lib/gcc/arm-none-eabi/10.3.1/../../../arm-none-eabi/lib/thumb/v7-m/nofp/libc_nano.a(lib_a-readr.o)
 .ARM.attributes
                0x0000000000000bf3       0x2d /usr/lib/gcc/arm-none-eabi/10.3.1/../../../arm-none-eabi/lib/thumb/v7-m/nofp/libc_nano.a(lib_a-reent.o)
 .ARM.attributes
                0x0000000000000c20       0x2d /usr/lib/gcc/arm-none-eabi/10.3.1/../../../arm-none-eabi/lib/thumb/v7-m/nofp/libc_nano.a(lib_a-nano-msizer.o)
 .ARM.attributes
                0x0000000000000c4d       0x2d /usr/lib/gcc/arm-none-eabi/10.3.1/../../../arm-none-eabi/lib/thumb/v7-m/nofp/libnosys.a(close.o)
 .ARM.attributes
                0x0000000000000c7a       0x2d /usr/lib/gcc/arm-none-eabi/10.3.1/../../../arm-none-eabi/lib/thumb/v7-m/nofp/libnosys.a(fstat.o)
 .ARM.attributes
                0x0000000000000ca7       0x2d /usr/lib/gcc/arm-none-eabi/10.3.1/../../../arm-none-eabi/lib/thumb/v7-m/nofp/libnosys.a(isatty.o)
 .ARM.attributes
                0x0000000000000cd4       0x2d /usr/lib/gcc/arm-none-eabi/10.3.1/../../../arm-none-eabi/lib/thumb/v7-m/nofp/libnosys.a(lseek.o)
 .ARM.attributes
                0x0000000000000d01       0x2d /usr/lib/gcc/arm-none-eabi/10.3.1/../../../arm-none-eabi/lib/thumb/v7-m/nofp/libnosys.a(read.o)
 .ARM.attributes
                0x0000000000000d2e       0x2d /usr/lib/gcc/arm-none-eabi/10.3.1/../../../arm-none-eabi/lib/thumb/v7-m/nofp/libnosys.a(sbrk.o)
 .ARM.attributes
                0x0000000000000d5b       0x33 Drivers/CMSIS/Lib/GCC//libarm_cortexM3l_math.a(arm_sin_f32.o)
 .ARM.attributes
                0x0000000000000d8e       0x33 Drivers/CMSIS/Lib/GCC//libarm_cortexM3l_math.a(arm_cos_f32.o)
 .ARM.attributes
                0x0000000000000dc1       0x33 Drivers/CMSIS/Lib/GCC//libarm_cortexM3l_math.a(arm_common_tables.o)
 .ARM.attributes
                0x0000000000000df4       0x1d /usr/lib/gcc/arm-none-eabi/10.3.1/thumb/v7-m/nofp/libgcc.a(_arm_addsubsf3.o)
 .ARM.attributes
                0x0000000000000e11       0x1d /usr/lib/gcc/arm-none-eabi/10.3.1/thumb/v7-m/nofp/libgcc.a(_arm_muldivsf3.o)
 .ARM.attributes
                0x0000000000000e2e       0x1d /usr/lib/gcc/arm-none-eabi/10.3.1/thumb/v7-m/nofp/libgcc.a(_arm_cmpsf2.o)
 .ARM.attributes
                0x0000000000000e4b       0x1d /usr/lib/gcc/arm-none-eabi/10.3.1/thumb/v7-m/nofp/libgcc.a(_arm_fixsfsi.o)
 .ARM.attributes
                0x0000000000000e68       0x1d /usr/lib/gcc/arm-none-eabi/10.3.1/thumb/v7-m/nofp/libgcc.a(_arm_fixunssfsi.o)
 .ARM.attributes
                0x0000000000000e85       0x2d /usr/lib/gcc/arm-none-eabi/10.3.1/thumb/v7-m/nofp/crtend.o
 .ARM.attributes
                0x0000000000000eb2       0x1d /usr/lib/gcc/arm-none-eabi/10.3.1/thumb/v7-m/nofp/crtn.o
OUTPUT(build/freewheel.elf elf32-littlearm)
LOAD linker stubs
LOAD /usr/lib/gcc/arm-none-eabi/10.3.1/../../../arm-none-eabi/lib/thumb/v7-m/nofp/libc.a
LOAD /usr/lib/gcc/arm-none-eabi/10.3.1/../../../arm-none-eabi/lib/thumb/v7-m/nofp/libm.a
LOAD /usr/lib/gcc/arm-none-eabi/10.3.1/thumb/v7-m/nofp/libgcc.a

.comment        0x0000000000000000       0xa1
 .comment       0x0000000000000000       0x33 /usr/lib/gcc/arm-none-eabi/10.3.1/thumb/v7-m/nofp/crtbegin.o
                                         0x34 (size before relaxing)
 .comment       0x0000000000000033       0x34 build/main.o
 .comment       0x0000000000000033       0x34 build/gpio.o
 .comment       0x0000000000000033       0x34 build/dma.o
 .comment       0x0000000000000033       0x34 build/usart.o
 .comment       0x0000000000000033       0x34 build/stm32f1xx_it.o
 .comment       0x0000000000000033       0x34 build/stm32f1xx_hal_msp.o
 .comment       0x0000000000000033       0x34 build/stm32f1xx_hal_tim.o
 .comment       0x0000000000000033       0x34 build/stm32f1xx_hal_tim_ex.o
 .comment       0x0000000000000033       0x34 build/stm32f1xx_hal_uart.o
 .comment       0x0000000000000033       0x34 build/stm32f1xx_hal.o
 .comment       0x0000000000000033       0x34 build/stm32f1xx_hal_rcc.o
 .comment       0x0000000000000033       0x34 build/stm32f1xx_hal_rcc_ex.o
 .comment       0x0000000000000033       0x34 build/stm32f1xx_hal_gpio.o
 .comment       0x0000000000000033       0x34 build/stm32f1xx_hal_dma.o
 .comment       0x0000000000000033       0x34 build/stm32f1xx_hal_cortex.o
 .comment       0x0000000000000033       0x34 build/system_stm32f1xx.o
 .comment       0x0000000000000033       0x34 build/tim.o
 .comment       0x0000000000000033       0x34 build/usb_device.o
 .comment       0x0000000000000033       0x34 build/usbd_desc.o
 .comment       0x0000000000000033       0x34 build/usbd_cdc_if.o
 .comment       0x0000000000000033       0x34 build/usbd_conf.o
 .comment       0x0000000000000033       0x34 build/stm32f1xx_hal_pcd.o
 .comment       0x0000000000000033       0x34 build/stm32f1xx_hal_pcd_ex.o
 .comment       0x0000000000000033       0x34 build/stm32f1xx_ll_usb.o
 .comment       0x0000000000000033       0x34 build/usbd_core.o
 .comment       0x0000000000000033       0x34 build/usbd_ctlreq.o
 .comment       0x0000000000000033       0x34 build/usbd_ioreq.o
 .comment       0x0000000000000033       0x34 build/usbd_cdc.o
 .comment       0x0000000000000033       0x34 build/printf_config.o
 .comment       0x0000000000000033       0x34 build/encoder.o
 .comment       0x0000000000000033       0x34 build/crc.o
 .comment       0x0000000000000033       0x34 build/free_wheel.o
 .comment       0x0000000000000033       0x34 /usr/lib/gcc/arm-none-eabi/10.3.1/../../../arm-none-eabi/lib/thumb/v7-m/nofp/libc_nano.a(lib_a-aeabi_atexit.o)
 .comment       0x0000000000000033       0x34 /usr/lib/gcc/arm-none-eabi/10.3.1/../../../arm-none-eabi/lib/thumb/v7-m/nofp/libc_nano.a(lib_a-cxa_atexit.o)
 .comment       0x0000000000000033       0x34 /usr/lib/gcc/arm-none-eabi/10.3.1/../../../arm-none-eabi/lib/thumb/v7-m/nofp/libc_nano.a(lib_a-impure.o)
 .comment       0x0000000000000033       0x34 /usr/lib/gcc/arm-none-eabi/10.3.1/../../../arm-none-eabi/lib/thumb/v7-m/nofp/libc_nano.a(lib_a-init.o)
 .comment       0x0000000000000033       0x34 /usr/lib/gcc/arm-none-eabi/10.3.1/../../../arm-none-eabi/lib/thumb/v7-m/nofp/libc_nano.a(lib_a-memset.o)
 .comment       0x0000000000000033       0x34 /usr/lib/gcc/arm-none-eabi/10.3.1/../../../arm-none-eabi/lib/thumb/v7-m/nofp/libc_nano.a(lib_a-on_exit_args.o)
 .comment       0x0000000000000033       0x34 /usr/lib/gcc/arm-none-eabi/10.3.1/../../../arm-none-eabi/lib/thumb/v7-m/nofp/libc_nano.a(lib_a-printf.o)
 .comment       0x0000000000000033       0x34 /usr/lib/gcc/arm-none-eabi/10.3.1/../../../arm-none-eabi/lib/thumb/v7-m/nofp/libc_nano.a(lib_a-puts.o)
 .comment       0x0000000000000033       0x34 /usr/lib/gcc/arm-none-eabi/10.3.1/../../../arm-none-eabi/lib/thumb/v7-m/nofp/libc_nano.a(lib_a-wbuf.o)
 .comment       0x0000000000000033       0x34 /usr/lib/gcc/arm-none-eabi/10.3.1/../../../arm-none-eabi/lib/thumb/v7-m/nofp/libc_nano.a(lib_a-wsetup.o)
 .comment       0x0000000000000033       0x34 /usr/lib/gcc/arm-none-eabi/10.3.1/../../../arm-none-eabi/lib/thumb/v7-m/nofp/libc_nano.a(lib_a-__atexit.o)
 .comment       0x0000000000000033       0x34 /usr/lib/gcc/arm-none-eabi/10.3.1/../../../arm-none-eabi/lib/thumb/v7-m/nofp/libc_nano.a(lib_a-__call_atexit.o)
 .comment       0x0000000000000033       0x34 /usr/lib/gcc/arm-none-eabi/10.3.1/../../../arm-none-eabi/lib/thumb/v7-m/nofp/libc_nano.a(lib_a-fflush.o)
 .comment       0x0000000000000033       0x34 /usr/lib/gcc/arm-none-eabi/10.3.1/../../../arm-none-eabi/lib/thumb/v7-m/nofp/libc_nano.a(lib_a-findfp.o)
 .comment       0x0000000000000033       0x34 /usr/lib/gcc/arm-none-eabi/10.3.1/../../../arm-none-eabi/lib/thumb/v7-m/nofp/libc_nano.a(lib_a-fwalk.o)
 .comment       0x0000000000000033       0x34 /usr/lib/gcc/arm-none-eabi/10.3.1/../../../arm-none-eabi/lib/thumb/v7-m/nofp/libc_nano.a(lib_a-makebuf.o)
 .comment       0x0000000000000033       0x34 /usr/lib/gcc/arm-none-eabi/10.3.1/../../../arm-none-eabi/lib/thumb/v7-m/nofp/libc_nano.a(lib_a-nano-freer.o)
 .comment       0x0000000000000033       0x34 /usr/lib/gcc/arm-none-eabi/10.3.1/../../../arm-none-eabi/lib/thumb/v7-m/nofp/libc_nano.a(lib_a-nano-mallocr.o)
 .comment       0x0000000000000033       0x34 /usr/lib/gcc/arm-none-eabi/10.3.1/../../../arm-none-eabi/lib/thumb/v7-m/nofp/libc_nano.a(lib_a-nano-vfprintf.o)
 .comment       0x0000000000000033       0x34 /usr/lib/gcc/arm-none-eabi/10.3.1/../../../arm-none-eabi/lib/thumb/v7-m/nofp/libc_nano.a(lib_a-nano-vfprintf_i.o)
 .comment       0x0000000000000033       0x34 /usr/lib/gcc/arm-none-eabi/10.3.1/../../../arm-none-eabi/lib/thumb/v7-m/nofp/libc_nano.a(lib_a-sbrkr.o)
 .comment       0x0000000000000033       0x34 /usr/lib/gcc/arm-none-eabi/10.3.1/../../../arm-none-eabi/lib/thumb/v7-m/nofp/libc_nano.a(lib_a-stdio.o)
 .comment       0x0000000000000033       0x34 /usr/lib/gcc/arm-none-eabi/10.3.1/../../../arm-none-eabi/lib/thumb/v7-m/nofp/libc_nano.a(lib_a-writer.o)
 .comment       0x0000000000000033       0x34 /usr/lib/gcc/arm-none-eabi/10.3.1/../../../arm-none-eabi/lib/thumb/v7-m/nofp/libc_nano.a(lib_a-closer.o)
 .comment       0x0000000000000033       0x34 /usr/lib/gcc/arm-none-eabi/10.3.1/../../../arm-none-eabi/lib/thumb/v7-m/nofp/libc_nano.a(lib_a-fstatr.o)
 .comment       0x0000000000000033       0x34 /usr/lib/gcc/arm-none-eabi/10.3.1/../../../arm-none-eabi/lib/thumb/v7-m/nofp/libc_nano.a(lib_a-fvwrite.o)
 .comment       0x0000000000000033       0x34 /usr/lib/gcc/arm-none-eabi/10.3.1/../../../arm-none-eabi/lib/thumb/v7-m/nofp/libc_nano.a(lib_a-isattyr.o)
 .comment       0x0000000000000033       0x34 /usr/lib/gcc/arm-none-eabi/10.3.1/../../../arm-none-eabi/lib/thumb/v7-m/nofp/libc_nano.a(lib_a-lseekr.o)
 .comment       0x0000000000000033       0x34 /usr/lib/gcc/arm-none-eabi/10.3.1/../../../arm-none-eabi/lib/thumb/v7-m/nofp/libc_nano.a(lib_a-memchr-stub.o)
 .comment       0x0000000000000033       0x34 /usr/lib/gcc/arm-none-eabi/10.3.1/../../../arm-none-eabi/lib/thumb/v7-m/nofp/libc_nano.a(lib_a-memmove.o)
 .comment       0x0000000000000033       0x34 /usr/lib/gcc/arm-none-eabi/10.3.1/../../../arm-none-eabi/lib/thumb/v7-m/nofp/libc_nano.a(lib_a-mlock.o)
 .comment       0x0000000000000033       0x34 /usr/lib/gcc/arm-none-eabi/10.3.1/../../../arm-none-eabi/lib/thumb/v7-m/nofp/libc_nano.a(lib_a-nano-reallocr.o)
 .comment       0x0000000000000033       0x34 /usr/lib/gcc/arm-none-eabi/10.3.1/../../../arm-none-eabi/lib/thumb/v7-m/nofp/libc_nano.a(lib_a-readr.o)
 .comment       0x0000000000000033       0x34 /usr/lib/gcc/arm-none-eabi/10.3.1/../../../arm-none-eabi/lib/thumb/v7-m/nofp/libc_nano.a(lib_a-reent.o)
 .comment       0x0000000000000033       0x34 /usr/lib/gcc/arm-none-eabi/10.3.1/../../../arm-none-eabi/lib/thumb/v7-m/nofp/libc_nano.a(lib_a-nano-msizer.o)
 .comment       0x0000000000000033       0x34 /usr/lib/gcc/arm-none-eabi/10.3.1/../../../arm-none-eabi/lib/thumb/v7-m/nofp/libnosys.a(close.o)
 .comment       0x0000000000000033       0x34 /usr/lib/gcc/arm-none-eabi/10.3.1/../../../arm-none-eabi/lib/thumb/v7-m/nofp/libnosys.a(fstat.o)
 .comment       0x0000000000000033       0x34 /usr/lib/gcc/arm-none-eabi/10.3.1/../../../arm-none-eabi/lib/thumb/v7-m/nofp/libnosys.a(isatty.o)
 .comment       0x0000000000000033       0x34 /usr/lib/gcc/arm-none-eabi/10.3.1/../../../arm-none-eabi/lib/thumb/v7-m/nofp/libnosys.a(lseek.o)
 .comment       0x0000000000000033       0x34 /usr/lib/gcc/arm-none-eabi/10.3.1/../../../arm-none-eabi/lib/thumb/v7-m/nofp/libnosys.a(read.o)
 .comment       0x0000000000000033       0x34 /usr/lib/gcc/arm-none-eabi/10.3.1/../../../arm-none-eabi/lib/thumb/v7-m/nofp/libnosys.a(sbrk.o)
 .comment       0x0000000000000033       0x6e Drivers/CMSIS/Lib/GCC//libarm_cortexM3l_math.a(arm_sin_f32.o)
                                         0x6f (size before relaxing)
 .comment       0x00000000000000a1       0x6f Drivers/CMSIS/Lib/GCC//libarm_cortexM3l_math.a(arm_cos_f32.o)
 .comment       0x00000000000000a1       0x6f Drivers/CMSIS/Lib/GCC//libarm_cortexM3l_math.a(arm_common_tables.o)
 .comment       0x00000000000000a1       0x34 /usr/lib/gcc/arm-none-eabi/10.3.1/thumb/v7-m/nofp/crtend.o

.debug_info     0x0000000000000000    0x34735
 .debug_info    0x0000000000000000      0x488 build/main.o
 .debug_info    0x0000000000000488      0x36d build/gpio.o
 .debug_info    0x00000000000007f5      0x339 build/dma.o
 .debug_info    0x0000000000000b2e      0xd05 build/usart.o
 .debug_info    0x0000000000001833      0xcab build/stm32f1xx_it.o
 .debug_info    0x00000000000024de      0x22c build/stm32f1xx_hal_msp.o
 .debug_info    0x000000000000270a     0x4032 build/stm32f1xx_hal_tim.o
 .debug_info    0x000000000000673c     0x1c21 build/stm32f1xx_hal_tim_ex.o
 .debug_info    0x000000000000835d     0x437d build/stm32f1xx_hal_uart.o
 .debug_info    0x000000000000c6da      0x849 build/stm32f1xx_hal.o
 .debug_info    0x000000000000cf23      0xacc build/stm32f1xx_hal_rcc.o
 .debug_info    0x000000000000d9ef      0x467 build/stm32f1xx_hal_rcc_ex.o
 .debug_info    0x000000000000de56      0x6bf build/stm32f1xx_hal_gpio.o
 .debug_info    0x000000000000e515      0x8b4 build/stm32f1xx_hal_dma.o
 .debug_info    0x000000000000edc9      0xe09 build/stm32f1xx_hal_cortex.o
 .debug_info    0x000000000000fbd2      0x256 build/system_stm32f1xx.o
 .debug_info    0x000000000000fe28      0xd71 build/tim.o
 .debug_info    0x0000000000010b99      0x711 build/usb_device.o
 .debug_info    0x00000000000112aa      0x62f build/usbd_desc.o
 .debug_info    0x00000000000118d9      0x94d build/usbd_cdc_if.o
 .debug_info    0x0000000000012226     0x1d40 build/usbd_conf.o
 .debug_info    0x0000000000013f66     0x1db8 build/stm32f1xx_hal_pcd.o
 .debug_info    0x0000000000015d1e      0x795 build/stm32f1xx_hal_pcd_ex.o
 .debug_info    0x00000000000164b3     0x1d04 build/stm32f1xx_ll_usb.o
 .debug_info    0x00000000000181b7      0xe5f build/usbd_core.o
 .debug_info    0x0000000000019016     0x1135 build/usbd_ctlreq.o
 .debug_info    0x000000000001a14b      0x883 build/usbd_ioreq.o
 .debug_info    0x000000000001a9ce     0x14f5 build/usbd_cdc.o
 .debug_info    0x000000000001bec3      0x11d build/printf_config.o
 .debug_info    0x000000000001bfe0     0x2146 build/encoder.o
 .debug_info    0x000000000001e126      0x5b5 build/crc.o
 .debug_info    0x000000000001e6db     0x37af build/free_wheel.o
 .debug_info    0x0000000000021e8a       0x22 build/startup_stm32f103xb.o
 .debug_info    0x0000000000021eac      0x10d /usr/lib/gcc/arm-none-eabi/10.3.1/../../../arm-none-eabi/lib/thumb/v7-m/nofp/libc_nano.a(lib_a-aeabi_atexit.o)
 .debug_info    0x0000000000021fb9      0x1f8 /usr/lib/gcc/arm-none-eabi/10.3.1/../../../arm-none-eabi/lib/thumb/v7-m/nofp/libc_nano.a(lib_a-cxa_atexit.o)
 .debug_info    0x00000000000221b1      0x863 /usr/lib/gcc/arm-none-eabi/10.3.1/../../../arm-none-eabi/lib/thumb/v7-m/nofp/libc_nano.a(lib_a-impure.o)
 .debug_info    0x0000000000022a14      0x11a /usr/lib/gcc/arm-none-eabi/10.3.1/../../../arm-none-eabi/lib/thumb/v7-m/nofp/libc_nano.a(lib_a-init.o)
 .debug_info    0x0000000000022b2e      0x137 /usr/lib/gcc/arm-none-eabi/10.3.1/../../../arm-none-eabi/lib/thumb/v7-m/nofp/libc_nano.a(lib_a-memset.o)
 .debug_info    0x0000000000022c65      0x104 /usr/lib/gcc/arm-none-eabi/10.3.1/../../../arm-none-eabi/lib/thumb/v7-m/nofp/libc_nano.a(lib_a-on_exit_args.o)
 .debug_info    0x0000000000022d69      0x8fd /usr/lib/gcc/arm-none-eabi/10.3.1/../../../arm-none-eabi/lib/thumb/v7-m/nofp/libc_nano.a(lib_a-printf.o)
 .debug_info    0x0000000000023666      0xa4e /usr/lib/gcc/arm-none-eabi/10.3.1/../../../arm-none-eabi/lib/thumb/v7-m/nofp/libc_nano.a(lib_a-puts.o)
 .debug_info    0x00000000000240b4      0x998 /usr/lib/gcc/arm-none-eabi/10.3.1/../../../arm-none-eabi/lib/thumb/v7-m/nofp/libc_nano.a(lib_a-wbuf.o)
 .debug_info    0x0000000000024a4c      0x902 /usr/lib/gcc/arm-none-eabi/10.3.1/../../../arm-none-eabi/lib/thumb/v7-m/nofp/libc_nano.a(lib_a-wsetup.o)
 .debug_info    0x000000000002534e      0x269 /usr/lib/gcc/arm-none-eabi/10.3.1/../../../arm-none-eabi/lib/thumb/v7-m/nofp/libc_nano.a(lib_a-__atexit.o)
 .debug_info    0x00000000000255b7      0x249 /usr/lib/gcc/arm-none-eabi/10.3.1/../../../arm-none-eabi/lib/thumb/v7-m/nofp/libc_nano.a(lib_a-__call_atexit.o)
 .debug_info    0x0000000000025800      0xb0a /usr/lib/gcc/arm-none-eabi/10.3.1/../../../arm-none-eabi/lib/thumb/v7-m/nofp/libc_nano.a(lib_a-fflush.o)
 .debug_info    0x000000000002630a      0xfae /usr/lib/gcc/arm-none-eabi/10.3.1/../../../arm-none-eabi/lib/thumb/v7-m/nofp/libc_nano.a(lib_a-findfp.o)
 .debug_info    0x00000000000272b8      0x900 /usr/lib/gcc/arm-none-eabi/10.3.1/../../../arm-none-eabi/lib/thumb/v7-m/nofp/libc_nano.a(lib_a-fwalk.o)
 .debug_info    0x0000000000027bb8      0xc8a /usr/lib/gcc/arm-none-eabi/10.3.1/../../../arm-none-eabi/lib/thumb/v7-m/nofp/libc_nano.a(lib_a-makebuf.o)
 .debug_info    0x0000000000028842      0x940 /usr/lib/gcc/arm-none-eabi/10.3.1/../../../arm-none-eabi/lib/thumb/v7-m/nofp/libc_nano.a(lib_a-nano-freer.o)
 .debug_info    0x0000000000029182      0xa0c /usr/lib/gcc/arm-none-eabi/10.3.1/../../../arm-none-eabi/lib/thumb/v7-m/nofp/libc_nano.a(lib_a-nano-mallocr.o)
 .debug_info    0x0000000000029b8e     0x115f /usr/lib/gcc/arm-none-eabi/10.3.1/../../../arm-none-eabi/lib/thumb/v7-m/nofp/libc_nano.a(lib_a-nano-vfprintf.o)
 .debug_info    0x000000000002aced      0xe9e /usr/lib/gcc/arm-none-eabi/10.3.1/../../../arm-none-eabi/lib/thumb/v7-m/nofp/libc_nano.a(lib_a-nano-vfprintf_i.o)
 .debug_info    0x000000000002bb8b      0x828 /usr/lib/gcc/arm-none-eabi/10.3.1/../../../arm-none-eabi/lib/thumb/v7-m/nofp/libc_nano.a(lib_a-sbrkr.o)
 .debug_info    0x000000000002c3b3      0xabc /usr/lib/gcc/arm-none-eabi/10.3.1/../../../arm-none-eabi/lib/thumb/v7-m/nofp/libc_nano.a(lib_a-stdio.o)
 .debug_info    0x000000000002ce6f      0x85a /usr/lib/gcc/arm-none-eabi/10.3.1/../../../arm-none-eabi/lib/thumb/v7-m/nofp/libc_nano.a(lib_a-writer.o)
 .debug_info    0x000000000002d6c9      0x805 /usr/lib/gcc/arm-none-eabi/10.3.1/../../../arm-none-eabi/lib/thumb/v7-m/nofp/libc_nano.a(lib_a-closer.o)
 .debug_info    0x000000000002dece      0xa1d /usr/lib/gcc/arm-none-eabi/10.3.1/../../../arm-none-eabi/lib/thumb/v7-m/nofp/libc_nano.a(lib_a-fstatr.o)
 .debug_info    0x000000000002e8eb      0xb54 /usr/lib/gcc/arm-none-eabi/10.3.1/../../../arm-none-eabi/lib/thumb/v7-m/nofp/libc_nano.a(lib_a-fvwrite.o)
 .debug_info    0x000000000002f43f      0x805 /usr/lib/gcc/arm-none-eabi/10.3.1/../../../arm-none-eabi/lib/thumb/v7-m/nofp/libc_nano.a(lib_a-isattyr.o)
 .debug_info    0x000000000002fc44      0x83b /usr/lib/gcc/arm-none-eabi/10.3.1/../../../arm-none-eabi/lib/thumb/v7-m/nofp/libc_nano.a(lib_a-lseekr.o)
 .debug_info    0x000000000003047f      0x14e /usr/lib/gcc/arm-none-eabi/10.3.1/../../../arm-none-eabi/lib/thumb/v7-m/nofp/libc_nano.a(lib_a-memchr-stub.o)