Archive member included to satisfy reference by file (symbol)

/usr/lib/gcc/arm-none-eabi/10.3.1/../../../arm-none-eabi/lib/thumb/v7-m/nofp/libc_nano.a(lib_a-aeabi_atexit.o)
                              build/free_wheel.o (__aeabi_atexit)
/usr/lib/gcc/arm-none-eabi/10.3.1/../../../arm-none-eabi/lib/thumb/v7-m/nofp/libc_nano.a(lib_a-atexit.o)
                              /usr/lib/gcc/arm-none-eabi/10.3.1/../../../arm-none-eabi/lib/thumb/v7-m/nofp/crt0.o (atexit)
/usr/lib/gcc/arm-none-eabi/10.3.1/../../../arm-none-eabi/lib/thumb/v7-m/nofp/libc_nano.a(lib_a-cxa_atexit.o)
                              /usr/lib/gcc/arm-none-eabi/10.3.1/../../../arm-none-eabi/lib/thumb/v7-m/nofp/libc_nano.a(lib_a-aeabi_atexit.o) (__cxa_atexit)
/usr/lib/gcc/arm-none-eabi/10.3.1/../../../arm-none-eabi/lib/thumb/v7-m/nofp/libc_nano.a(lib_a-exit.o)
                              /usr/lib/gcc/arm-none-eabi/10.3.1/../../../arm-none-eabi/lib/thumb/v7-m/nofp/crt0.o (exit)
/usr/lib/gcc/arm-none-eabi/10.3.1/../../../arm-none-eabi/lib/thumb/v7-m/nofp/libc_nano.a(lib_a-fini.o)
                              /usr/lib/gcc/arm-none-eabi/10.3.1/../../../arm-none-eabi/lib/thumb/v7-m/nofp/crt0.o (__libc_fini_array)
/usr/lib/gcc/arm-none-eabi/10.3.1/../../../arm-none-eabi/lib/thumb/v7-m/nofp/libc_nano.a(lib_a-impure.o)
                              /usr/lib/gcc/arm-none-eabi/10.3.1/../../../arm-none-eabi/lib/thumb/v7-m/nofp/libc_nano.a(lib_a-exit.o) (_global_impure_ptr)
/usr/lib/gcc/arm-none-eabi/10.3.1/../../../arm-none-eabi/lib/thumb/v7-m/nofp/libc_nano.a(lib_a-init.o)
                              /usr/lib/gcc/arm-none-eabi/10.3.1/../../../arm-none-eabi/lib/thumb/v7-m/nofp/crt0.o (__libc_init_array)
/usr/lib/gcc/arm-none-eabi/10.3.1/../../../arm-none-eabi/lib/thumb/v7-m/nofp/libc_nano.a(lib_a-memset.o)
                              /usr/lib/gcc/arm-none-eabi/10.3.1/../../../arm-none-eabi/lib/thumb/v7-m/nofp/crt0.o (memset)
/usr/lib/gcc/arm-none-eabi/10.3.1/../../../arm-none-eabi/lib/thumb/v7-m/nofp/libc_nano.a(lib_a-on_exit_args.o)
                              /usr/lib/gcc/arm-none-eabi/10.3.1/../../../arm-none-eabi/lib/thumb/v7-m/nofp/libc_nano.a(lib_a-cxa_atexit.o) (__on_exit_args)
/usr/lib/gcc/arm-none-eabi/10.3.1/../../../arm-none-eabi/lib/thumb/v7-m/nofp/libc_nano.a(lib_a-puts.o)
                              build/free_wheel.o (puts)
/usr/lib/gcc/arm-none-eabi/10.3.1/../../../arm-none-eabi/lib/thumb/v7-m/nofp/libc_nano.a(lib_a-wbuf.o)
                              /usr/lib/gcc/arm-none-eabi/10.3.1/../../../arm-none-eabi/lib/thumb/v7-m/nofp/libc_nano.a(lib_a-puts.o) (__swbuf_r)
/usr/lib/gcc/arm-none-eabi/10.3.1/../../../arm-none-eabi/lib/thumb/v7-m/nofp/libc_nano.a(lib_a-wsetup.o)
                              /usr/lib/gcc/arm-none-eabi/10.3.1/../../../arm-none-eabi/lib/thumb/v7-m/nofp/libc_nano.a(lib_a-puts.o) (__swsetup_r)
/usr/lib/gcc/arm-none-eabi/10.3.1/../../../arm-none-eabi/lib/thumb/v7-m/nofp/libc_nano.a(lib_a-__atexit.o)
                              /usr/lib/gcc/arm-none-eabi/10.3.1/../../../arm-none-eabi/lib/thumb/v7-m/nofp/libc_nano.a(lib_a-atexit.o) (__register_exitproc)
/usr/lib/gcc/arm-none-eabi/10.3.1/../../../arm-none-eabi/lib/thumb/v7-m/nofp/libc_nano.a(lib_a-__call_atexit.o)
                              /usr/lib/gcc/arm-none-eabi/10.3.1/../../../arm-none-eabi/lib/thumb/v7-m/nofp/libc_nano.a(lib_a-__atexit.o) (__call_exitprocs)
/usr/lib/gcc/arm-none-eabi/10.3.1/../../../arm-none-eabi/lib/thumb/v7-m/nofp/libc_nano.a(lib_a-fflush.o)
                              /usr/lib/gcc/arm-none-eabi/10.3.1/../../../arm-none-eabi/lib/thumb/v7-m/nofp/libc_nano.a(lib_a-wbuf.o) (_fflush_r)
/usr/lib/gcc/arm-none-eabi/10.3.1/../../../arm-none-eabi/lib/thumb/v7-m/nofp/libc_nano.a(lib_a-findfp.o)
                              /usr/lib/gcc/arm-none-eabi/10.3.1/../../../arm-none-eabi/lib/thumb/v7-m/nofp/libc_nano.a(lib_a-puts.o) (__sinit)
/usr/lib/gcc/arm-none-eabi/10.3.1/../../../arm-none-eabi/lib/thumb/v7-m/nofp/libc_nano.a(lib_a-fwalk.o)
                              /usr/lib/gcc/arm-none-eabi/10.3.1/../../../arm-none-eabi/lib/thumb/v7-m/nofp/libc_nano.a(lib_a-findfp.o) (_fwalk)
/usr/lib/gcc/arm-none-eabi/10.3.1/../../../arm-none-eabi/lib/thumb/v7-m/nofp/libc_nano.a(lib_a-makebuf.o)
                              /usr/lib/gcc/arm-none-eabi/10.3.1/../../../arm-none-eabi/lib/thumb/v7-m/nofp/libc_nano.a(lib_a-wsetup.o) (__smakebuf_r)
/usr/lib/gcc/arm-none-eabi/10.3.1/../../../arm-none-eabi/lib/thumb/v7-m/nofp/libc_nano.a(lib_a-nano-freer.o)
                              /usr/lib/gcc/arm-none-eabi/10.3.1/../../../arm-none-eabi/lib/thumb/v7-m/nofp/libc_nano.a(lib_a-wsetup.o) (_free_r)
/usr/lib/gcc/arm-none-eabi/10.3.1/../../../arm-none-eabi/lib/thumb/v7-m/nofp/libc_nano.a(lib_a-nano-mallocr.o)
                              /usr/lib/gcc/arm-none-eabi/10.3.1/../../../arm-none-eabi/lib/thumb/v7-m/nofp/libc_nano.a(lib_a-findfp.o) (_malloc_r)
/usr/lib/gcc/arm-none-eabi/10.3.1/../../../arm-none-eabi/lib/thumb/v7-m/nofp/libc_nano.a(lib_a-sbrkr.o)
[...]
Memory Configuration

Name             Origin             Length             Attributes
RAM              0x0000000020000000 0x0000000000005000 xrw
FLASH            0x0000000008000000 0x0000000000010000 xr
*default*        0x0000000000000000 0xffffffffffffffff

Linker script and memory map

LOAD /usr/lib/gcc/arm-none-eabi/10.3.1/thumb/v7-m/nofp/crti.o
LOAD /usr/lib/gcc/arm-none-eabi/10.3.1/thumb/v7-m/nofp/crtbegin.o
LOAD /usr/lib/gcc/arm-none-eabi/10.3.1/../../../arm-none-eabi/lib/thumb/v7-m/nofp/crt0.o
LOAD build/main.o
LOAD build/gpio.o
LOAD build/dma.o
LOAD build/usart.o
LOAD build/stm32f1xx_it.o
LOAD build/stm32f1xx_hal_msp.o
LOAD build/stm32f1xx_hal_gpio_ex.o
LOAD build/stm32f1xx_hal_tim.o
LOAD build/stm32f1xx_hal_tim_ex.o
LOAD build/stm32f1xx_hal_uart.o
LOAD build/stm32f1xx_hal.o
LOAD build/stm32f1xx_hal_rcc.o
LOAD build/stm32f1xx_hal_rcc_ex.o
LOAD build/stm32f1xx_hal_gpio.o
LOAD build/stm32f1xx_hal_dma.o
LOAD build/stm32f1xx_hal_cortex.o
LOAD build/stm32f1xx_hal_pwr.o
LOAD build/stm32f1xx_hal_flash.o
LOAD build/stm32f1xx_hal_flash_ex.o
LOAD build/stm32f1xx_hal_exti.o
LOAD build/system_stm32f1xx.o
LOAD build/tim.o
LOAD build/printf_config.o
LOAD build/encoder.o
LOAD build/crc.o
LOAD build/free_wheel.o
LOAD build/startup_stm32f103xb.o
LOAD /usr/lib/gcc/arm-none-eabi/10.3.1/../../../arm-none-eabi/lib/thumb/v7-m/nofp/libc_nano.a
LOAD /usr/lib/gcc/arm-none-eabi/10.3.1/../../../arm-none-eabi/lib/thumb/v7-m/nofp/libm.a
LOAD /usr/lib/gcc/arm-none-eabi/10.3.1/../../../arm-none-eabi/lib/thumb/v7-m/nofp/libnosys.a
LOAD Drivers/CMSIS/Lib/GCC//libarm_cortexM3l_math.a
START GROUP
LOAD /usr/lib/gcc/arm-none-eabi/10.3.1/thumb/v7-m/nofp/libgcc.a
LOAD /usr/lib/gcc/arm-none-eabi/10.3.1/../../../arm-none-eabi/lib/thumb/v7-m/nofp/libc_nano.a
END GROUP
START GROUP
LOAD /usr/lib/gcc/arm-none-eabi/10.3.1/thumb/v7-m/nofp/libgcc.a
LOAD /usr/lib/gcc/arm-none-eabi/10.3.1/../../../arm-none-eabi/lib/thumb/v7-m/nofp/libc_nano.a
END GROUP
LOAD /usr/lib/gcc/arm-none-eabi/10.3.1/thumb/v7-m/nofp/crtend.o
LOAD /usr/lib/gcc/arm-none-eabi/10.3.1/thumb/v7-m/nofp/crtn.o
                0x0000000020005000                _estack = (ORIGIN (RAM) + LENGTH (RAM))
                0x0000000000000200                _Min_Heap_Size = 0x200
                0x0000000000000400                _Min_Stack_Size = 0x400

.isr_vector     0x0000000008000000      0x10c
                0x0000000008000000                . = ALIGN (0x4)
 *(.isr_vector)
 .isr_vector    0x0000000008000000      0x10c build/startup_stm32f103xb.o
                0x0000000008000000                g_pfnVectors
                0x000000000800010c                . = ALIGN (0x4)

.text           0x000000000800010c     0x3b98
                0x000000000800010c                . = ALIGN (0x4)
 *(.text)
 .text          0x000000000800010c       0x88 /usr/lib/gcc/arm-none-eabi/10.3.1/thumb/v7-m/nofp/crtbegin.o
 .text          0x0000000008000194        0xc /usr/lib/gcc/arm-none-eabi/10.3.1/../../../arm-none-eabi/lib/thumb/v7-m/nofp/libc_nano.a(lib_a-aeabi_atexit.o)
                0x0000000008000194                __aeabi_atexit
 .text          0x00000000080001a0       0x1c /usr/lib/gcc/arm-none-eabi/10.3.1/../../../arm-none-eabi/lib/thumb/v7-m/nofp/libc_nano.a(lib_a-cxa_atexit.o)
                0x00000000080001a0                __cxa_atexit
 .text          0x00000000080001bc       0x48 /usr/lib/gcc/arm-none-eabi/10.3.1/../../../arm-none-eabi/lib/thumb/v7-m/nofp/libc_nano.a(lib_a-init.o)
                0x00000000080001bc                __libc_init_array
 .text          0x0000000008000204       0xa4 /usr/lib/gcc/arm-none-eabi/10.3.1/../../../arm-none-eabi/lib/thumb/v7-m/nofp/libc_nano.a(lib_a-memset.o)
                0x0000000008000204                memset
 .text          0x00000000080002a8       0xe0 /usr/lib/gcc/arm-none-eabi/10.3.1/../../../arm-none-eabi/lib/thumb/v7-m/nofp/libc_nano.a(lib_a-puts.o)
                0x00000000080002a8                _puts_r
                0x0000000008000378                puts
 .text          0x0000000008000388       0xc4 /usr/lib/gcc/arm-none-eabi/10.3.1/../../../arm-none-eabi/lib/thumb/v7-m/nofp/libc_nano.a(lib_a-wbuf.o)
                0x0000000008000388                __swbuf_r
                0x0000000008000438                __swbuf
 .text          0x000000000800044c      0x104 /usr/lib/gcc/arm-none-eabi/10.3.1/../../../arm-none-eabi/lib/thumb/v7-m/nofp/libc_nano.a(lib_a-wsetup.o)
                0x000000000800044c                __swsetup_r
 .text          0x0000000008000550       0xac /usr/lib/gcc/arm-none-eabi/10.3.1/../../../arm-none-eabi/lib/thumb/v7-m/nofp/libc_nano.a(lib_a-__atexit.o)
                0x0000000008000550                __register_exitproc
 .text          0x00000000080005fc      0x1dc /usr/lib/gcc/arm-none-eabi/10.3.1/../../../arm-none-eabi/lib/thumb/v7-m/nofp/libc_nano.a(lib_a-fflush.o)
                0x00000000080005fc                __sflush_r
                0x0000000008000704                _fflush_r
                0x0000000008000758                fflush
 .text          0x00000000080007d8      0x230 /usr/lib/gcc/arm-none-eabi/10.3.1/../../../arm-none-eabi/lib/thumb/v7-m/nofp/libc_nano.a(lib_a-findfp.o)
                0x00000000080007dc                _cleanup_r
                0x00000000080007ec                __sfmoreglue
                0x000000000800081c                __sfp
                0x00000000080009b4                _cleanup
                0x00000000080009c8                __sinit
                0x00000000080009d0                __sfp_lock_acquire
                0x00000000080009d4                __sfp_lock_release
                0x00000000080009d8                __sinit_lock_acquire
                0x00000000080009dc                __sinit_lock_release
                0x00000000080009e0                __fp_lock_all
                0x00000000080009f4                __fp_unlock_all
 .text          0x0000000008000a08       0x88 /usr/lib/gcc/arm-none-eabi/10.3.1/../../../arm-none-eabi/lib/thumb/v7-m/nofp/libc_nano.a(lib_a-fwalk.o)
                0x0000000008000a08                _fwalk
                0x0000000008000a48                _fwalk_reent
 .text          0x0000000008000a90      0x11c /usr/lib/gcc/arm-none-eabi/10.3.1/../../../arm-none-eabi/lib/thumb/v7-m/nofp/libc_nano.a(lib_a-makebuf.o)
                0x0000000008000a90                __smakebuf_r
                0x0000000008000b50                __swhatbuf_r
 .text          0x0000000008000bac       0xcc /usr/lib/gcc/arm-none-eabi/10.3.1/../../../arm-none-eabi/lib/thumb/v7-m/nofp/libc_nano.a(lib_a-nano-freer.o)
                0x0000000008000bac                _free_r
 .text          0x0000000008000c78       0xb8 /usr/lib/gcc/arm-none-eabi/10.3.1/../../../arm-none-eabi/lib/thumb/v7-m/nofp/libc_nano.a(lib_a-nano-mallocr.o)
                0x0000000008000c78                _malloc_r
 .text          0x0000000008000d30       0x24 /usr/lib/gcc/arm-none-eabi/10.3.1/../../../arm-none-eabi/lib/thumb/v7-m/nofp/libc_nano.a(lib_a-sbrkr.o)
                0x0000000008000d30                _sbrk_r
 .text          0x0000000008000d54       0x90 /usr/lib/gcc/arm-none-eabi/10.3.1/../../../arm-none-eabi/lib/thumb/v7-m/nofp/libc_nano.a(lib_a-stdio.o)
                0x0000000008000d54                __sread
                0x0000000008000d78                __seofread
                0x0000000008000d7c                __swrite
                0x0000000008000dbc                __sseek
                0x0000000008000ddc                __sclose
 .text          0x0000000008000de4       0x2c /usr/lib/gcc/arm-none-eabi/10.3.1/../../../arm-none-eabi/lib/thumb/v7-m/nofp/libc_nano.a(lib_a-writer.o)
                0x0000000008000de4                _write_r
 .text          0x0000000008000e10       0x24 /usr/lib/gcc/arm-none-eabi/10.3.1/../../../arm-none-eabi/lib/thumb/v7-m/nofp/libc_nano.a(lib_a-closer.o)
                0x0000000008000e10                _close_r
 .text          0x0000000008000e34       0x28 /usr/lib/gcc/arm-none-eabi/10.3.1/../../../arm-none-eabi/lib/thumb/v7-m/nofp/libc_nano.a(lib_a-fstatr.o)
                0x0000000008000e34                _fstat_r
 .text          0x0000000008000e5c       0x24 /usr/lib/gcc/arm-none-eabi/10.3.1/../../../arm-none-eabi/lib/thumb/v7-m/nofp/libc_nano.a(lib_a-isattyr.o)
                0x0000000008000e5c                _isatty_r
 .text          0x0000000008000e80       0x2c /usr/lib/gcc/arm-none-eabi/10.3.1/../../../arm-none-eabi/lib/thumb/v7-m/nofp/libc_nano.a(lib_a-lseekr.o)
                0x0000000008000e80                _lseek_r
 .text          0x0000000008000eac        0x8 /usr/lib/gcc/arm-none-eabi/10.3.1/../../../arm-none-eabi/lib/thumb/v7-m/nofp/libc_nano.a(lib_a-mlock.o)
                0x0000000008000eac                __malloc_lock
                0x0000000008000eb0                __malloc_unlock
 .text          0x0000000008000eb4       0x2c /usr/lib/gcc/arm-none-eabi/10.3.1/../../../arm-none-eabi/lib/thumb/v7-m/nofp/libc_nano.a(lib_a-readr.o)
                0x0000000008000eb4                _read_r
 .text          0x0000000008000ee0       0x10 /usr/lib/gcc/arm-none-eabi/10.3.1/../../../arm-none-eabi/lib/thumb/v7-m/nofp/libnosys.a(close.o)
                0x0000000008000ee0                _close
 .text          0x0000000008000ef0       0x10 /usr/lib/gcc/arm-none-eabi/10.3.1/../../../arm-none-eabi/lib/thumb/v7-m/nofp/libnosys.a(fstat.o)
                0x0000000008000ef0                _fstat
 .text          0x0000000008000f00       0x10 /usr/lib/gcc/arm-none-eabi/10.3.1/../../../arm-none-eabi/lib/thumb/v7-m/nofp/libnosys.a(isatty.o)
                0x0000000008000f00                _isatty
 .text          0x0000000008000f10       0x10 /usr/lib/gcc/arm-none-eabi/10.3.1/../../../arm-none-eabi/lib/thumb/v7-m/nofp/libnosys.a(lseek.o)
                0x0000000008000f10                _lseek
 .text          0x0000000008000f20       0x10 /usr/lib/gcc/arm-none-eabi/10.3.1/../../../arm-none-eabi/lib/thumb/v7-m/nofp/libnosys.a(read.o)
                0x0000000008000f20                _read
 .text          0x0000000008000f30       0x1c /usr/lib/gcc/arm-none-eabi/10.3.1/../../../arm-none-eabi/lib/thumb/v7-m/nofp/libnosys.a(sbrk.o)
                0x0000000008000f30                _sbrk
 .text          0x0000000008000f4c      0x21c /usr/lib/gcc/arm-none-eabi/10.3.1/thumb/v7-m/nofp/libgcc.a(_arm_addsubsf3.o)
                0x0000000008000f4c                __aeabi_frsub
                0x0000000008000f54                __subsf3
                0x0000000008000f54                __aeabi_fsub
                0x0000000008000f58                __aeabi_fadd
                0x0000000008000f58                __addsf3
                0x00000000080010b8                __aeabi_ui2f
                0x00000000080010b8                __floatunsisf
                0x00000000080010c0                __aeabi_i2f
                0x00000000080010c0                __floatsisf
                0x00000000080010dc                __floatundisf
                0x00000000080010dc                __aeabi_ul2f
                0x00000000080010ec                __floatdisf
                0x00000000080010ec                __aeabi_l2f
 .text          0x0000000008001168      0x2a0 /usr/lib/gcc/arm-none-eabi/10.3.1/thumb/v7-m/nofp/libgcc.a(_arm_muldivsf3.o)
                0x0000000008001168                __mulsf3
                0x0000000008001168                __aeabi_fmul
                0x00000000080012d0                __divsf3
                0x00000000080012d0                __aeabi_fdiv
 .text          0x0000000008001408       0xec /usr/lib/gcc/arm-none-eabi/10.3.1/thumb/v7-m/nofp/libgcc.a(_arm_cmpsf2.o)
                0x0000000008001408                __gtsf2
                0x0000000008001408                __gesf2
                0x0000000008001410                __lesf2
                0x0000000008001410                __ltsf2
                0x0000000008001418                __nesf2
                0x0000000008001418                __eqsf2
                0x0000000008001418                __cmpsf2
                0x0000000008001478                __aeabi_cfrcmple
                0x0000000008001480                __aeabi_cfcmple
                0x0000000008001480                __aeabi_cfcmpeq
                0x0000000008001490                __aeabi_fcmpeq
                0x00000000080014a4                __aeabi_fcmplt
                0x00000000080014b8                __aeabi_fcmple
                0x00000000080014cc                __aeabi_fcmpge
                0x00000000080014e0                __aeabi_fcmpgt
 .text          0x00000000080014f4       0x4c /usr/lib/gcc/arm-none-eabi/10.3.1/thumb/v7-m/nofp/libgcc.a(_arm_fixsfsi.o)
                0x00000000080014f4                __fixsfsi
                0x00000000080014f4                __aeabi_f2iz
 .text          0x0000000008001540       0x40 /usr/lib/gcc/arm-none-eabi/10.3.1/thumb/v7-m/nofp/libgcc.a(_arm_fixunssfsi.o)
                0x0000000008001540                __aeabi_f2uiz
                0x0000000008001540                __fixunssfsi
 *(.text*)
 .text.Error_Handler
                0x0000000008001580        0x4 build/main.o
                0x0000000008001580                Error_Handler
 .text.SystemClock_Config
                0x0000000008001584       0x64 build/main.o
                0x0000000008001584                SystemClock_Config
 .text.main     0x00000000080015e8       0x2c build/main.o
                0x00000000080015e8                main
 .text.MX_GPIO_Init
                0x0000000008001614       0xb8 build/gpio.o
                0x0000000008001614                MX_GPIO_Init
 .text.MX_DMA_Init
                0x00000000080016cc       0x44 build/dma.o
                0x00000000080016cc                MX_DMA_Init
 .text.MX_USART1_UART_Init
                0x0000000008001710       0x34 build/usart.o
                0x0000000008001710                MX_USART1_UART_Init
 .text.MX_USART2_UART_Init
                0x0000000008001744       0x34 build/usart.o
                0x0000000008001744                MX_USART2_UART_Init
 .text.HAL_UART_MspInit
                0x0000000008001778      0x168 build/usart.o
                0x0000000008001778                HAL_UART_MspInit
 .text.NMI_Handler
                0x00000000080018e0        0x2 build/stm32f1xx_it.o
                0x00000000080018e0                NMI_Handler
 .text.HardFault_Handler
                0x00000000080018e2        0x2 build/stm32f1xx_it.o
                0x00000000080018e2                HardFault_Handler
 .text.MemManage_Handler
                0x00000000080018e4        0x2 build/stm32f1xx_it.o
                0x00000000080018e4                MemManage_Handler
 .text.BusFault_Handler
                0x00000000080018e6        0x2 build/stm32f1xx_it.o
                0x00000000080018e6                BusFault_Handler
 .text.UsageFault_Handler
                0x00000000080018e8        0x2 build/stm32f1xx_it.o
                0x00000000080018e8                UsageFault_Handler
 .text.SVC_Handler
                0x00000000080018ea        0x2 build/stm32f1xx_it.o
                0x00000000080018ea                SVC_Handler
 .text.DebugMon_Handler
                0x00000000080018ec        0x2 build/stm32f1xx_it.o
                0x00000000080018ec                DebugMon_Handler
 .text.PendSV_Handler
                0x00000000080018ee        0x2 build/stm32f1xx_it.o
                0x00000000080018ee                PendSV_Handler
 .text.SysTick_Handler
                0x00000000080018f0        0x8 build/stm32f1xx_it.o
                0x00000000080018f0                SysTick_Handler
 .text.DMA1_Channel5_IRQHandler
                0x00000000080018f8       0x10 build/stm32f1xx_it.o
                0x00000000080018f8                DMA1_Channel5_IRQHandler
 .text.DMA1_Channel7_IRQHandler
                0x0000000008001908       0x10 build/stm32f1xx_it.o
                0x0000000008001908                DMA1_Channel7_IRQHandler
 .text.USART1_IRQHandler
                0x0000000008001918       0x10 build/stm32f1xx_it.o
                0x0000000008001918                USART1_IRQHandler
 .text.USART2_IRQHandler
                0x0000000008001928       0x10 build/stm32f1xx_it.o
                0x0000000008001928                USART2_IRQHandler
 .text.HAL_MspInit
                0x0000000008001938       0x44 build/stm32f1xx_hal_msp.o
                0x0000000008001938                HAL_MspInit
 .text.TIM_Base_SetConfig
                0x000000000800197c       0x74 build/stm32f1xx_hal_tim.o
                0x000000000800197c                TIM_Base_SetConfig
 .text.HAL_TIM_Encoder_Init
                0x00000000080019f0       0xb8 build/stm32f1xx_hal_tim.o
                0x00000000080019f0                HAL_TIM_Encoder_Init
 .text.TIM_CCxChannelCmd
                0x0000000008001aa8       0x1e build/stm32f1xx_hal_tim.o
                0x0000000008001aa8                TIM_CCxChannelCmd
 .text.HAL_TIM_Encoder_Start
                0x0000000008001ac6       0xcc build/stm32f1xx_hal_tim.o
                0x0000000008001ac6                HAL_TIM_Encoder_Start
 *fill*         0x0000000008001b92        0x2 
 .text.HAL_TIMEx_MasterConfigSynchronization
                0x0000000008001b94       0x6c build/stm32f1xx_hal_tim_ex.o
                0x0000000008001b94                HAL_TIMEx_MasterConfigSynchronization
 .text.UART_EndTxTransfer
                0x0000000008001c00       0x20 build/stm32f1xx_hal_uart.o
 .text.UART_EndRxTransfer
                0x0000000008001c20       0x5c build/stm32f1xx_hal_uart.o
 .text.UART_Transmit_IT
                0x0000000008001c7c       0x60 build/stm32f1xx_hal_uart.o
 .text.UART_SetConfig
                0x0000000008001cdc       0x94 build/stm32f1xx_hal_uart.o
 .text.HAL_UART_Init
                0x0000000008001d70       0x60 build/stm32f1xx_hal_uart.o
                0x0000000008001d70                HAL_UART_Init
 .text.HAL_UART_Transmit_DMA
                0x0000000008001dd0       0x84 build/stm32f1xx_hal_uart.o
                0x0000000008001dd0                HAL_UART_Transmit_DMA
 .text.UART_DMATransmitCplt
                0x0000000008001e54       0x4c build/stm32f1xx_hal_uart.o
 .text.UART_EndTransmit_IT
                0x0000000008001ea0       0x1a build/stm32f1xx_hal_uart.o
 .text.HAL_UART_TxHalfCpltCallback
                0x0000000008001eba        0x2 build/stm32f1xx_hal_uart.o
                0x0000000008001eba                HAL_UART_TxHalfCpltCallback
 .text.UART_DMATxHalfCplt
                0x0000000008001ebc        0xa build/stm32f1xx_hal_uart.o
 .text.HAL_UART_RxHalfCpltCallback
                0x0000000008001ec6        0x2 build/stm32f1xx_hal_uart.o
                0x0000000008001ec6                HAL_UART_RxHalfCpltCallback
 .text.UART_DMAError
                0x0000000008001ec8       0x58 build/stm32f1xx_hal_uart.o
 .text.UART_DMAAbortOnError
                0x0000000008001f20       0x10 build/stm32f1xx_hal_uart.o
 .text.HAL_UARTEx_RxEventCallback
                0x0000000008001f30        0x2 build/stm32f1xx_hal_uart.o
                0x0000000008001f30                HAL_UARTEx_RxEventCallback
 .text.UART_Receive_IT
                0x0000000008001f32       0xe6 build/stm32f1xx_hal_uart.o
 .text.HAL_UART_IRQHandler
                0x0000000008002018      0x288 build/stm32f1xx_hal_uart.o
                0x0000000008002018                HAL_UART_IRQHandler
 .text.UART_DMARxHalfCplt
                0x00000000080022a0       0x1e build/stm32f1xx_hal_uart.o
 .text.UART_DMAReceiveCplt
                0x00000000080022be       0x9a build/stm32f1xx_hal_uart.o
 .text.UART_Start_Receive_DMA
                0x0000000008002358       0xa4 build/stm32f1xx_hal_uart.o
                0x0000000008002358                UART_Start_Receive_DMA
 .text.HAL_UART_Receive_DMA
                0x00000000080023fc       0x26 build/stm32f1xx_hal_uart.o
                0x00000000080023fc                HAL_UART_Receive_DMA
 *fill*         0x0000000008002422        0x2 
 .text.HAL_InitTick
                0x0000000008002424       0x4c build/stm32f1xx_hal.o
                0x0000000008002424                HAL_InitTick
 .text.HAL_Init
                0x0000000008002470       0x24 build/stm32f1xx_hal.o
                0x0000000008002470                HAL_Init
 .text.HAL_IncTick
                0x0000000008002494       0x18 build/stm32f1xx_hal.o
                0x0000000008002494                HAL_IncTick
 .text.HAL_GetTick
                0x00000000080024ac        0xc build/stm32f1xx_hal.o
                0x00000000080024ac                HAL_GetTick
 .text.RCC_Delay
                0x00000000080024b8       0x2c build/stm32f1xx_hal_rcc.o
 .text.HAL_RCC_OscConfig
                0x00000000080024e4      0x410 build/stm32f1xx_hal_rcc.o
                0x00000000080024e4                HAL_RCC_OscConfig
 .text.HAL_RCC_GetSysClockFreq
                0x00000000080028f4       0x54 build/stm32f1xx_hal_rcc.o
                0x00000000080028f4                HAL_RCC_GetSysClockFreq
 .text.HAL_RCC_ClockConfig
                0x0000000008002948      0x16c build/stm32f1xx_hal_rcc.o
                0x0000000008002948                HAL_RCC_ClockConfig
 .text.HAL_RCC_GetHCLKFreq
                0x0000000008002ab4        0xc build/stm32f1xx_hal_rcc.o
                0x0000000008002ab4                HAL_RCC_GetHCLKFreq
 .text.HAL_RCC_GetPCLK1Freq
                0x0000000008002ac0       0x20 build/stm32f1xx_hal_rcc.o
                0x0000000008002ac0                HAL_RCC_GetPCLK1Freq
 .text.HAL_RCC_GetPCLK2Freq
                0x0000000008002ae0       0x20 build/stm32f1xx_hal_rcc.o
                0x0000000008002ae0                HAL_RCC_GetPCLK2Freq
 .text.HAL_GPIO_Init
                0x0000000008002b00      0x224 build/stm32f1xx_hal_gpio.o
                0x0000000008002b00                HAL_GPIO_Init
 .text.HAL_GPIO_WritePin
                0x0000000008002d24        0xc build/stm32f1xx_hal_gpio.o
                0x0000000008002d24                HAL_GPIO_WritePin
 .text.HAL_GPIO_TogglePin
                0x0000000008002d30       0x12 build/stm32f1xx_hal_gpio.o
                0x0000000008002d30                HAL_GPIO_TogglePin
 .text.DMA_SetConfig
                0x0000000008002d42       0x2c build/stm32f1xx_hal_dma.o
 *fill*         0x0000000008002d6e        0x2 
 .text.HAL_DMA_Init
                0x0000000008002d70       0x6c build/stm32f1xx_hal_dma.o
                0x0000000008002d70                HAL_DMA_Init
 .text.HAL_DMA_Start_IT
                0x0000000008002ddc       0x76 build/stm32f1xx_hal_dma.o
                0x0000000008002ddc                HAL_DMA_Start_IT
 .text.HAL_DMA_Abort
                0x0000000008002e52       0x46 build/stm32f1xx_hal_dma.o
                0x0000000008002e52                HAL_DMA_Abort
 .text.HAL_DMA_Abort_IT
                0x0000000008002e98       0x98 build/stm32f1xx_hal_dma.o
                0x0000000008002e98                HAL_DMA_Abort_IT
 .text.HAL_DMA_IRQHandler
                0x0000000008002f30      0x144 build/stm32f1xx_hal_dma.o
                0x0000000008002f30                HAL_DMA_IRQHandler
 .text.HAL_NVIC_SetPriorityGrouping
                0x0000000008003074       0x24 build/stm32f1xx_hal_cortex.o
                0x0000000008003074                HAL_NVIC_SetPriorityGrouping
 .text.HAL_NVIC_SetPriority
                0x0000000008003098       0x70 build/stm32f1xx_hal_cortex.o
                0x0000000008003098                HAL_NVIC_SetPriority
 .text.HAL_NVIC_EnableIRQ
                0x0000000008003108       0x1c build/stm32f1xx_hal_cortex.o
                0x0000000008003108                HAL_NVIC_EnableIRQ
 .text.HAL_SYSTICK_Config
                0x0000000008003124       0x28 build/stm32f1xx_hal_cortex.o
                0x0000000008003124                HAL_SYSTICK_Config
 .text.SystemInit
                0x000000000800314c        0x2 build/system_stm32f1xx.o
                0x000000000800314c                SystemInit
 *fill*         0x000000000800314e        0x2 
 .text.MX_TIM1_Init
                0x0000000008003150       0x68 build/tim.o
                0x0000000008003150                MX_TIM1_Init
 .text.MX_TIM2_Init
                0x00000000080031b8       0x64 build/tim.o
                0x00000000080031b8                MX_TIM2_Init
 .text.MX_TIM3_Init
                0x000000000800321c       0x64 build/tim.o
                0x000000000800321c                MX_TIM3_Init
 .text.HAL_TIM_Encoder_MspInit
                0x0000000008003280       0xd8 build/tim.o
                0x0000000008003280                HAL_TIM_Encoder_MspInit
 .text.ITM_SendString
                0x0000000008003358       0x44 build/printf_config.o
                0x0000000008003358                ITM_SendString
 .text._write   0x000000000800339c        0xc build/printf_config.o
                0x000000000800339c                _write
 .text._ZN7Encoder9get_countEv
                0x00000000080033a8       0x12 build/encoder.o
                0x00000000080033a8                Encoder::get_count()
 *fill*         0x00000000080033ba        0x2 
 .text._ZN7Encoder9get_omegaEv
                0x00000000080033bc       0x44 build/encoder.o
                0x00000000080033bc                Encoder::get_omega()
 .text._ZN7Encoder4initEv
                0x0000000008003400        0xc build/encoder.o
                0x0000000008003400                Encoder::init()
 .text._ZN7Encoder19reset_encoder_countEv
                0x000000000800340c       0x14 build/encoder.o
                0x000000000800340c                Encoder::reset_encoder_count()
 .text._ZN8CRC_HashC2Eh
                0x0000000008003420       0x2e build/crc.o
                0x0000000008003420                CRC_Hash::CRC_Hash(unsigned char)
                0x0000000008003420                CRC_Hash::CRC_Hash(unsigned char)
 .text._ZN8CRC_Hash8get_HashEPht
                0x000000000800344e       0x24 build/crc.o
                0x000000000800344e                CRC_Hash::get_Hash(unsigned char*, unsigned short)
 .text._ZN8CRC_HashD2Ev
                0x0000000008003472        0x2 build/free_wheel.o
                0x0000000008003472                CRC_Hash::~CRC_Hash()
                0x0000000008003472                CRC_Hash::~CRC_Hash()
 .text._Z41__static_initialization_and_destruction_0ii
                0x0000000008003474       0x70 build/free_wheel.o
 .text.HAL_UART_RxCpltCallback
                0x00000000080034e4      0x11c build/free_wheel.o
                0x00000000080034e4                HAL_UART_RxCpltCallback
 .text.HAL_UART_ErrorCallback
                0x0000000008003600       0x5c build/free_wheel.o
                0x0000000008003600                HAL_UART_ErrorCallback
 .text.HAL_UART_TxCpltCallback
                0x000000000800365c       0x20 build/free_wheel.o
                0x000000000800365c                HAL_UART_TxCpltCallback
 .text._ZN10Free_Wheel4initEv
                0x000000000800367c       0x30 build/free_wheel.o
                0x000000000800367c                Free_Wheel::init()
 .text._ZN10Free_Wheel9read_dataEv
                0x00000000080036ac       0x88 build/free_wheel.o
                0x00000000080036ac                Free_Wheel::read_data()
 .text._ZN10Free_Wheel12process_dataEv
                0x0000000008003734      0x300 build/free_wheel.o
                0x0000000008003734                Free_Wheel::process_data()
 .text.send_data
                0x0000000008003a34       0xc0 build/free_wheel.o
                0x0000000008003a34                send_data
 .text._GLOBAL__sub_I_free_wheel
                0x0000000008003af4        0xe build/free_wheel.o
 *fill*         0x0000000008003b02        0x2 
 .text.Reset_Handler
                0x0000000008003b04       0x48 build/startup_stm32f103xb.o
                0x0000000008003b04                Reset_Handler
 .text.Default_Handler
                0x0000000008003b4c        0x2 build/startup_stm32f103xb.o
                0x0000000008003b4c                RTC_Alarm_IRQHandler
                0x0000000008003b4c                EXTI2_IRQHandler
                0x0000000008003b4c                TIM1_CC_IRQHandler
                0x0000000008003b4c                PVD_IRQHandler
                0x0000000008003b4c                EXTI3_IRQHandler
                0x0000000008003b4c                EXTI0_IRQHandler
                0x0000000008003b4c                I2C2_EV_IRQHandler
                0x0000000008003b4c                ADC1_2_IRQHandler
                0x0000000008003b4c                SPI1_IRQHandler
                0x0000000008003b4c                TAMPER_IRQHandler
                0x0000000008003b4c                DMA1_Channel4_IRQHandler
                0x0000000008003b4c                USART3_IRQHandler
                0x0000000008003b4c                RTC_IRQHandler
                0x0000000008003b4c                CAN1_RX1_IRQHandler
                0x0000000008003b4c                TIM4_IRQHandler
                0x0000000008003b4c                I2C1_EV_IRQHandler
                0x0000000008003b4c                DMA1_Channel6_IRQHandler
                0x0000000008003b4c                TIM3_IRQHandler
                0x0000000008003b4c                RCC_IRQHandler
                0x0000000008003b4c                TIM1_TRG_COM_IRQHandler
                0x0000000008003b4c                DMA1_Channel1_IRQHandler
                0x0000000008003b4c                Default_Handler
                0x0000000008003b4c                EXTI15_10_IRQHandler
                0x0000000008003b4c                EXTI9_5_IRQHandler
                0x0000000008003b4c                SPI2_IRQHandler
                0x0000000008003b4c                EXTI4_IRQHandler
                0x0000000008003b4c                USB_LP_CAN1_RX0_IRQHandler
                0x0000000008003b4c                USB_HP_CAN1_TX_IRQHandler
                0x0000000008003b4c                DMA1_Channel3_IRQHandler
                0x0000000008003b4c                TIM1_UP_IRQHandler
                0x0000000008003b4c                WWDG_IRQHandler
                0x0000000008003b4c                TIM2_IRQHandler
                0x0000000008003b4c                TIM1_BRK_IRQHandler
                0x0000000008003b4c                EXTI1_IRQHandler
                0x0000000008003b4c                I2C2_ER_IRQHandler
                0x0000000008003b4c                DMA1_Channel2_IRQHandler
                0x0000000008003b4c                CAN1_SCE_IRQHandler
                0x0000000008003b4c                FLASH_IRQHandler
                0x0000000008003b4c                I2C1_ER_IRQHandler
                0x0000000008003b4c                USBWakeUp_IRQHandler
 *fill*         0x0000000008003b4e        0x2 
 .text.arm_sin_f32
                0x0000000008003b50       0xb4 Drivers/CMSIS/Lib/GCC//libarm_cortexM3l_math.a(arm_sin_f32.o)
                0x0000000008003b50                arm_sin_f32
 .text.arm_cos_f32
                0x0000000008003c04       0x88 Drivers/CMSIS/Lib/GCC//libarm_cortexM3l_math.a(arm_cos_f32.o)
                0x0000000008003c04                arm_cos_f32
 *(.glue_7)
 .glue_7        0x0000000008003c8c        0x0 linker stubs
 *(.glue_7t)
 .glue_7t       0x0000000008003c8c        0x0 linker stubs
 *(.eh_frame)
 .eh_frame      0x0000000008003c8c        0x0 /usr/lib/gcc/arm-none-eabi/10.3.1/thumb/v7-m/nofp/crtbegin.o
 *(.init)
 .init          0x0000000008003c8c        0x4 /usr/lib/gcc/arm-none-eabi/10.3.1/thumb/v7-m/nofp/crti.o
                0x0000000008003c8c                _init
 .init          0x0000000008003c90        0x8 /usr/lib/gcc/arm-none-eabi/10.3.1/thumb/v7-m/nofp/crtn.o
 *(.fini)
 .fini          0x0000000008003c98        0x4 /usr/lib/gcc/arm-none-eabi/10.3.1/thumb/v7-m/nofp/crti.o
                0x0000000008003c98                _fini
 .fini          0x0000000008003c9c        0x8 /usr/lib/gcc/arm-none-eabi/10.3.1/thumb/v7-m/nofp/crtn.o
                0x0000000008003ca4                . = ALIGN (0x4)
                0x0000000008003ca4                _etext = .

.vfp11_veneer   0x0000000008003ca4        0x0
 .vfp11_veneer  0x0000000008003ca4        0x0 linker stubs

.v4_bx          0x0000000008003ca4        0x0
 .v4_bx         0x0000000008003ca4        0x0 linker stubs

.iplt           0x0000000008003ca4        0x0
 .iplt          0x0000000008003ca4        0x0 /usr/lib/gcc/arm-none-eabi/10.3.1/thumb/v7-m/nofp/crtbegin.o

.rodata         0x0000000008003ca4      0x8a0
                0x0000000008003ca4                . = ALIGN (0x4)
 *(.rodata)
 .rodata        0x0000000008003ca4        0x4 /usr/lib/gcc/arm-none-eabi/10.3.1/../../../arm-none-eabi/lib/thumb/v7-m/nofp/libc_nano.a(lib_a-impure.o)
                0x0000000008003ca4                _global_impure_ptr
 .rodata        0x0000000008003ca8        0x4 /usr/lib/gcc/arm-none-eabi/10.3.1/../../../arm-none-eabi/lib/thumb/v7-m/nofp/libc_nano.a(lib_a-on_exit_args.o)
                0x0000000008003ca8                __on_exit_args
 .rodata        0x0000000008003cac       0x60 /usr/lib/gcc/arm-none-eabi/10.3.1/../../../arm-none-eabi/lib/thumb/v7-m/nofp/libc_nano.a(lib_a-findfp.o)
                0x0000000008003cac                __sf_fake_stderr
                0x0000000008003ccc                __sf_fake_stdout
                0x0000000008003cec                __sf_fake_stdin
 *(.rodata*)
 .rodata.aPLLMULFactorTable.1
                0x0000000008003d0c       0x10 build/stm32f1xx_hal_rcc.o
 .rodata.aPredivFactorTable.0
                0x0000000008003d1c        0x2 build/stm32f1xx_hal_rcc.o
 *fill*         0x0000000008003d1e        0x2 
 .rodata.AHBPrescTable
                0x0000000008003d20       0x10 build/system_stm32f1xx.o
                0x0000000008003d20                AHBPrescTable
 .rodata.APBPrescTable
                0x0000000008003d30        0x8 build/system_stm32f1xx.o
                0x0000000008003d30                APBPrescTable
 .rodata.send_data.str1.4
                0x0000000008003d38        0x7 build/free_wheel.o
 *fill*         0x0000000008003d3f        0x1 
 .rodata.sinTable_f32
                0x0000000008003d40      0x804 Drivers/CMSIS/Lib/GCC//libarm_cortexM3l_math.a(arm_common_tables.o)
                0x0000000008003d40                sinTable_f32
                0x0000000008004544                . = ALIGN (0x4)

.rel.dyn        0x0000000008004544        0x0
 .rel.iplt      0x0000000008004544        0x0 /usr/lib/gcc/arm-none-eabi/10.3.1/thumb/v7-m/nofp/crtbegin.o

.ARM.extab
 *(.ARM.extab* .gnu.linkonce.armextab.*)

.ARM            0x0000000008004544        0x0
                0x0000000008004544                __exidx_start = .
 *(.ARM.exidx*)
                0x0000000008004544                __exidx_end = .

.preinit_array  0x0000000008004544        0x0
                0x0000000008004544                PROVIDE (__preinit_array_start = .)
 *(.preinit_array*)
                0x0000000008004544                PROVIDE (__preinit_array_end = .)

.init_array     0x0000000008004544        0x8
                0x0000000008004544                PROVIDE (__init_array_start = .)
 *(SORT_BY_NAME(.init_array.*))
 *(.init_array*)
 .init_array    0x0000000008004544        0x4 /usr/lib/gcc/arm-none-eabi/10.3.1/thumb/v7-m/nofp/crtbegin.o
 .init_array    0x0000000008004548        0x4 build/free_wheel.o
                0x000000000800454c                PROVIDE (__init_array_end = .)

.fini_array     0x000000000800454c        0x4
                0x000000000800454c                PROVIDE (__fini_array_start = .)
 *(SORT_BY_NAME(.fini_array.*))
 *(.fini_array*)
 .fini_array    0x000000000800454c        0x4 /usr/lib/gcc/arm-none-eabi/10.3.1/thumb/v7-m/nofp/crtbegin.o
                0x0000000008004550                PROVIDE (__fini_array_end = .)
                0x0000000008004550                _sidata = LOADADDR (.data)

.data           0x0000000020000000       0x78 load address 0x0000000008004550
                0x0000000020000000                . = ALIGN (0x4)
                0x0000000020000000                _sdata = .
 *(.data)
 .data          0x0000000020000000        0x4 /usr/lib/gcc/arm-none-eabi/10.3.1/thumb/v7-m/nofp/crtbegin.o
                0x0000000020000000                __dso_handle
 .data          0x0000000020000004       0x64 /usr/lib/gcc/arm-none-eabi/10.3.1/../../../arm-none-eabi/lib/thumb/v7-m/nofp/libc_nano.a(lib_a-impure.o)
                0x0000000020000004                _impure_ptr
 *(.data*)
 .data.uwTickFreq
                0x0000000020000068        0x1 build/stm32f1xx_hal.o
                0x0000000020000068                uwTickFreq
 *fill*         0x0000000020000069        0x3 
 .data.uwTickPrio
                0x000000002000006c        0x4 build/stm32f1xx_hal.o
                0x000000002000006c                uwTickPrio
 .data.SystemCoreClock
                0x0000000020000070        0x4 build/system_stm32f1xx.o
                0x0000000020000070                SystemCoreClock
 .data.is_waiting_for_start_byte
                0x0000000020000074        0x1 build/free_wheel.o
                0x0000000020000074                is_waiting_for_start_byte
                0x0000000020000078                . = ALIGN (0x4)
 *fill*         0x0000000020000075        0x3 
                0x0000000020000078                _edata = .

.tm_clone_table
                0x0000000020000078        0x0 load address 0x00000000080045c8
 .tm_clone_table
                0x0000000020000078        0x0 /usr/lib/gcc/arm-none-eabi/10.3.1/thumb/v7-m/nofp/crtbegin.o
 .tm_clone_table
                0x0000000020000078        0x0 /usr/lib/gcc/arm-none-eabi/10.3.1/thumb/v7-m/nofp/crtend.o

.igot.plt       0x0000000020000078        0x0 load address 0x00000000080045c8
 .igot.plt      0x0000000020000078        0x0 /usr/lib/gcc/arm-none-eabi/10.3.1/thumb/v7-m/nofp/crtbegin.o
                0x0000000020000078                . = ALIGN (0x4)

.bss            0x0000000020000078      0x57c load address 0x00000000080045c8
                0x0000000020000078                _sbss = .
                0x0000000020000078                __bss_start__ = _sbss
 *(.bss)
 .bss           0x0000000020000078       0x1c /usr/lib/gcc/arm-none-eabi/10.3.1/thumb/v7-m/nofp/crtbegin.o
 .bss           0x0000000020000094      0x108 /usr/lib/gcc/arm-none-eabi/10.3.1/../../../arm-none-eabi/lib/thumb/v7-m/nofp/libc_nano.a(lib_a-on_exit_args.o)
 .bss           0x000000002000019c       0x8c /usr/lib/gcc/arm-none-eabi/10.3.1/../../../arm-none-eabi/lib/thumb/v7-m/nofp/libc_nano.a(lib_a-__atexit.o)
 .bss           0x0000000020000228        0x4 /usr/lib/gcc/arm-none-eabi/10.3.1/../../../arm-none-eabi/lib/thumb/v7-m/nofp/libc_nano.a(lib_a-__call_atexit.o)
                0x0000000020000228                _global_atexit
 .bss           0x000000002000022c        0x8 /usr/lib/gcc/arm-none-eabi/10.3.1/../../../arm-none-eabi/lib/thumb/v7-m/nofp/libc_nano.a(lib_a-nano-mallocr.o)
                0x000000002000022c                __malloc_free_list
                0x0000000020000230                __malloc_sbrk_start
 .bss           0x0000000020000234        0x4 /usr/lib/gcc/arm-none-eabi/10.3.1/../../../arm-none-eabi/lib/thumb/v7-m/nofp/libc_nano.a(lib_a-reent.o)
                0x0000000020000234                errno
 .bss           0x0000000020000238        0x4 /usr/lib/gcc/arm-none-eabi/10.3.1/../../../arm-none-eabi/lib/thumb/v7-m/nofp/libnosys.a(sbrk.o)
 *(.bss*)
 .bss.hdma_usart1_rx
                0x000000002000023c       0x44 build/usart.o
                0x000000002000023c                hdma_usart1_rx
 .bss.hdma_usart2_tx
                0x0000000020000280       0x44 build/usart.o
                0x0000000020000280                hdma_usart2_tx
 .bss.huart1    0x00000000200002c4       0x48 build/usart.o
                0x00000000200002c4                huart1
 .bss.huart2    0x000000002000030c       0x48 build/usart.o
                0x000000002000030c                huart2
 .bss.uwTick    0x0000000020000354        0x4 build/stm32f1xx_hal.o
                0x0000000020000354                uwTick
 .bss.htim1     0x0000000020000358       0x48 build/tim.o
                0x0000000020000358                htim1
 .bss.htim2     0x00000000200003a0       0x48 build/tim.o
                0x00000000200003a0                htim2
 .bss.htim3     0x00000000200003e8       0x48 build/tim.o
                0x00000000200003e8                htim3
 .bss._ZZ23HAL_UART_RxCpltCallbackE14board_led_tick
                0x0000000020000430        0x4 build/free_wheel.o
 .bss._ZZ23HAL_UART_RxCpltCallbackE9led1_tick
                0x0000000020000434        0x4 build/free_wheel.o
 .bss._ZZ9send_dataE13transmit_tick
                0x0000000020000438        0x4 build/free_wheel.o
 .bss.crc       0x000000002000043c      0x100 build/free_wheel.o
                0x000000002000043c                crc
 .bss.free_wheel
                0x000000002000053c       0x94 build/free_wheel.o
                0x000000002000053c                free_wheel
 .bss.imu_input_tick
                0x00000000200005d0        0x4 build/free_wheel.o
                0x00000000200005d0                imu_input_tick
 .bss.imu_yaw   0x00000000200005d4        0x4 build/free_wheel.o
                0x00000000200005d4                imu_yaw
 .bss.prev_imu_yaw
                0x00000000200005d8        0x4 build/free_wheel.o
                0x00000000200005d8                prev_imu_yaw
 .bss.receiving_bytes
                0x00000000200005dc        0x6 build/free_wheel.o
                0x00000000200005dc                receiving_bytes
 *fill*         0x00000000200005e2        0x2 
 .bss.red_led_tick
                0x00000000200005e4        0x4 build/free_wheel.o
                0x00000000200005e4                red_led_tick
 .bss.total_back_count
                0x00000000200005e8        0x4 build/free_wheel.o
                0x00000000200005e8                total_back_count
 .bss.total_left_count
                0x00000000200005ec        0x4 build/free_wheel.o
                0x00000000200005ec                total_left_count
 .bss.total_right_count
                0x00000000200005f0        0x4 build/free_wheel.o
                0x00000000200005f0                total_right_count
 *(COMMON)
                0x00000000200005f4                . = ALIGN (0x4)
                0x00000000200005f4                _ebss = .
                0x00000000200005f4                __bss_end__ = _ebss

._user_heap_stack
                0x00000000200005f4      0x604 load address 0x00000000080045c8
                0x00000000200005f8                . = ALIGN (0x8)
 *fill*         0x00000000200005f4        0x4 
                0x00000000200005f8                PROVIDE (end = .)
                [!provide]                        PROVIDE (_end = .)
                0x00000000200007f8                . = (. + _Min_Heap_Size)
 *fill*         0x00000000200005f8      0x200 
                0x0000000020000bf8                . = (. + _Min_Stack_Size)
 *fill*         0x00000000200007f8      0x400 
                0x0000000020000bf8                . = ALIGN (0x8)

/DISCARD/
 libc.a(*)
 libm.a(*)
 libgcc.a(*)

.ARM.attributes
                0x0000000000000000       0x29
 *(.ARM.attributes)
 .ARM.attributes
                0x0000000000000000       0x1d /usr/lib/gcc/arm-none-eabi/10.3.1/thumb/v7-m/nofp/crti.o
 .ARM.attributes
                0x000000000000001d       0x2d /usr/lib/gcc/arm-none-eabi/10.3.1/thumb/v7-m/nofp/crtbegin.o
 .ARM.attributes
                0x000000000000004a       0x2d build/main.o
 .ARM.attributes
                0x0000000000000077       0x2d build/gpio.o
 .ARM.attributes
                0x00000000000000a4       0x2d build/dma.o
 .ARM.attributes
                0x00000000000000d1       0x2d build/usart.o
 .ARM.attributes
                0x00000000000000fe       0x2d build/stm32f1xx_it.o
 .ARM.attributes
                0x000000000000012b       0x2d build/stm32f1xx_hal_msp.o
 .ARM.attributes
                0x0000000000000158       0x2d build/stm32f1xx_hal_tim.o
 .ARM.attributes
                0x0000000000000185       0x2d build/stm32f1xx_hal_tim_ex.o
 .ARM.attributes
                0x00000000000001b2       0x2d build/stm32f1xx_hal_uart.o
 .ARM.attributes
                0x00000000000001df       0x2d build/stm32f1xx_hal.o
 .ARM.attributes
                0x000000000000020c       0x2d build/stm32f1xx_hal_rcc.o
 .ARM.attributes
                0x0000000000000239       0x2d build/stm32f1xx_hal_gpio.o
 .ARM.attributes
                0x0000000000000266       0x2d build/stm32f1xx_hal_dma.o
 .ARM.attributes
                0x0000000000000293       0x2d build/stm32f1xx_hal_cortex.o
 .ARM.attributes
                0x00000000000002c0       0x2d build/system_stm32f1xx.o
 .ARM.attributes
                0x00000000000002ed       0x2d build/tim.o
 .ARM.attributes
                0x000000000000031a       0x2d build/printf_config.o
 .ARM.attributes
                0x0000000000000347       0x2d build/encoder.o
 .ARM.attributes
                0x0000000000000374       0x2d build/crc.o
 .ARM.attributes
                0x00000000000003a1       0x2d build/free_wheel.o
 .ARM.attributes
                0x00000000000003ce       0x21 build/startup_stm32f103xb.o
 .ARM.attributes
                0x00000000000003ef       0x2d /usr/lib/gcc/arm-none-eabi/10.3.1/../../../arm-none-eabi/lib/thumb/v7-m/nofp/libc_nano.a(lib_a-aeabi_atexit.o)
 .ARM.attributes
                0x000000000000041c       0x2d /usr/lib/gcc/arm-none-eabi/10.3.1/../../../arm-none-eabi/lib/thumb/v7-m/nofp/libc_nano.a(lib_a-cxa_atexit.o)
 .ARM.attributes
                0x0000000000000449       0x2d /usr/lib/gcc/arm-none-eabi/10.3.1/../../../arm-none-eabi/lib/thumb/v7-m/nofp/libc_nano.a(lib_a-impure.o)
 .ARM.attributes
                0x0000000000000476       0x2d /usr/lib/gcc/arm-none-eabi/10.3.1/../../../arm-none-eabi/lib/thumb/v7-m/nofp/libc_nano.a(lib_a-init.o)
 .ARM.attributes
                0x00000000000004a3       0x2d /usr/lib/gcc/arm-none-eabi/10.3.1/../../../arm-none-eabi/lib/thumb/v7-m/nofp/libc_nano.a(lib_a-memset.o)
 .ARM.attributes
                0x00000000000004d0       0x2d /usr/lib/gcc/arm-none-eabi/10.3.1/../../../arm-none-eabi/lib/thumb/v7-m/nofp/libc_nano.a(lib_a-on_exit_args.o)
 .ARM.attributes
                0x00000000000004fd       0x2d /usr/lib/gcc/arm-none-eabi/10.3.1/../../../arm-none-eabi/lib/thumb/v7-m/nofp/libc_nano.a(lib_a-puts.o)
 .ARM.attributes
                0x000000000000052a       0x2d /usr/lib/gcc/arm-none-eabi/10.3.1/../../../arm-none-eabi/lib/thumb/v7-m/nofp/libc_nano.a(lib_a-wbuf.o)
 .ARM.attributes
                0x0000000000000557       0x2d /usr/lib/gcc/arm-none-eabi/10.3.1/../../../arm-none-eabi/lib/thumb/v7-m/nofp/libc_nano.a(lib_a-wsetup.o)
 .ARM.attributes
                0x0000000000000584       0x2d /usr/lib/gcc/arm-none-eabi/10.3.1/../../../arm-none-eabi/lib/thumb/v7-m/nofp/libc_nano.a(lib_a-__atexit.o)
 .ARM.attributes
                0x00000000000005b1       0x2d /usr/lib/gcc/arm-none-eabi/10.3.1/../../../arm-none-eabi/lib/thumb/v7-m/nofp/libc_nano.a(lib_a-__call_atexit.o)
 .ARM.attributes
                0x00000000000005de       0x2d /usr/lib/gcc/arm-none-eabi/10.3.1/../../../arm-none-eabi/lib/thumb/v7-m/nofp/libc_nano.a(lib_a-fflush.o)
 .ARM.attributes
                0x000000000000060b       0x2d /usr/lib/gcc/arm-none-eabi/10.3.1/../../../arm-none-eabi/lib/thumb/v7-m/nofp/libc_nano.a(lib_a-findfp.o)
 .ARM.attributes
                0x0000000000000638       0x2d /usr/lib/gcc/arm-none-eabi/10.3.1/../../../arm-none-eabi/lib/thumb/v7-m/nofp/libc_nano.a(lib_a-fwalk.o)
 .ARM.attributes
                0x0000000000000665       0x2d /usr/lib/gcc/arm-none-eabi/10.3.1/../../../arm-none-eabi/lib/thumb/v7-m/nofp/libc_nano.a(lib_a-makebuf.o)
 .ARM.attributes
                0x0000000000000692       0x2d /usr/lib/gcc/arm-none-eabi/10.3.1/../../../arm-none-eabi/lib/thumb/v7-m/nofp/libc_nano.a(lib_a-nano-freer.o)
 .ARM.attributes
                0x00000000000006bf       0x2d /usr/lib/gcc/arm-none-eabi/10.3.1/../../../arm-none-eabi/lib/thumb/v7-m/nofp/libc_nano.a(lib_a-nano-mallocr.o)
 .ARM.attributes
                0x00000000000006ec       0x2d /usr/lib/gcc/arm-none-eabi/10.3.1/../../../arm-none-eabi/lib/thumb/v7-m/nofp/libc_nano.a(lib_a-sbrkr.o)
 .ARM.attributes
                0x0000000000000719       0x2d /usr/lib/gcc/arm-none-eabi/10.3.1/../../../arm-none-eabi/lib/thumb/v7-m/nofp/libc_nano.a(lib_a-stdio.o)
 .ARM.attributes
                0x0000000000000746       0x2d /usr/lib/gcc/arm-none-eabi/10.3.1/../../../arm-none-eabi/lib/thumb/v7-m/nofp/libc_nano.a(lib_a-writer.o)
 .ARM.attributes
                0x0000000000000773       0x2d /usr/lib/gcc/arm-none-eabi/10.3.1/../../../arm-none-eabi/lib/thumb/v7-m/nofp/libc_nano.a(lib_a-closer.o)
 .ARM.attributes
                0x00000000000007a0       0x2d /usr/lib/gcc/arm-none-eabi/10.3.1/../../../arm-none-eabi/lib/thumb/v7-m/nofp/libc_nano.a(lib_a-fstatr.o)
 .ARM.attributes
                0x00000000000007cd       0x2d /usr/lib/gcc/arm-none-eabi/10.3.1/../../../arm-none-eabi/lib/thumb/v7-m/nofp/libc_nano.a(lib_a-isattyr.o)
 .ARM.attributes
                0x00000000000007fa       0x2d /usr/lib/gcc/arm-none-eabi/10.3.1/../../../arm-none-eabi/lib/thumb/v7-m/nofp/libc_nano.a(lib_a-lseekr.o)
 .ARM.attributes
                0x0000000000000827       0x2d /usr/lib/gcc/arm-none-eabi/10.3.1/../../../arm-none-eabi/lib/thumb/v7-m/nofp/libc_nano.a(lib_a-mlock.o)
 .ARM.attributes
                0x0000000000000854       0x2d /usr/lib/gcc/arm-none-eabi/10.3.1/../../../arm-none-eabi/lib/thumb/v7-m/nofp/libc_nano.a(lib_a-readr.o)
 .ARM.attributes
                0x0000000000000881       0x2d /usr/lib/gcc/arm-none-eabi/10.3.1/../../../arm-none-eabi/lib/thumb/v7-m/nofp/libc_nano.a(lib_a-reent.o)
 .ARM.attributes
                0x00000000000008ae       0x2d /usr/lib/gcc/arm-none-eabi/10.3.1/../../../arm-none-eabi/lib/thumb/v7-m/nofp/libnosys.a(close.o)
 .ARM.attributes
                0x00000000000008db       0x2d /usr/lib/gcc/arm-none-eabi/10.3.1/../../../arm-none-eabi/lib/thumb/v7-m/nofp/libnosys.a(fstat.o)
 .ARM.attributes
                0x0000000000000908       0x2d /usr/lib/gcc/arm-none-eabi/10.3.1/../../../arm-none-eabi/lib/thumb/v7-m/nofp/libnosys.a(isatty.o)
 .ARM.attributes
                0x0000000000000935       0x2d /usr/lib/gcc/arm-none-eabi/10.3.1/../../../arm-none-eabi/lib/thumb/v7-m/nofp/libnosys.a(lseek.o)
 .ARM.attributes
                0x0000000000000962       0x2d /usr/lib/gcc/arm-none-eabi/10.3.1/../../../arm-none-eabi/lib/thumb/v7-m/nofp/libnosys.a(read.o)
 .ARM.attributes
                0x000000000000098f       0x2d /usr/lib/gcc/arm-none-eabi/10.3.1/../../../arm-none-eabi/lib/thumb/v7-m/nofp/libnosys.a(sbrk.o)
 .ARM.attributes
                0x00000000000009bc       0x33 Drivers/CMSIS/Lib/GCC//libarm_cortexM3l_math.a(arm_sin_f32.o)
 .ARM.attributes
                0x00000000000009ef       0x33 Drivers/CMSIS/Lib/GCC//libarm_cortexM3l_math.a(arm_cos_f32.o)
 .ARM.attributes
                0x0000000000000a22       0x33 Drivers/CMSIS/Lib/GCC//libarm_cortexM3l_math.a(arm_common_tables.o)
 .ARM.attributes
                0x0000000000000a55       0x1d /usr/lib/gcc/arm-none-eabi/10.3.1/thumb/v7-m/nofp/libgcc.a(_arm_addsubsf3.o)
 .ARM.attributes
                0x0000000000000a72       0x1d /usr/lib/gcc/arm-none-eabi/10.3.1/thumb/v7-m/nofp/libgcc.a(_arm_muldivsf3.o)
 .ARM.attributes
                0x0000000000000a8f       0x1d /usr/lib/gcc/arm-none-eabi/10.3.1/thumb/v7-m/nofp/libgcc.a(_arm_cmpsf2.o)
 .ARM.attributes
                0x0000000000000aac       0x1d /usr/lib/gcc/arm-none-eabi/10.3.1/thumb/v7-m/nofp/libgcc.a(_arm_fixsfsi.o)
 .ARM.attributes
                0x0000000000000ac9       0x1d /usr/lib/gcc/arm-none-eabi/10.3.1/thumb/v7-m/nofp/libgcc.a(_arm_fixunssfsi.o)
 .ARM.attributes
                0x0000000000000ae6       0x2d /usr/lib/gcc/arm-none-eabi/10.3.1/thumb/v7-m/nofp/crtend.o
 .ARM.attributes
                0x0000000000000b13       0x1d /usr/lib/gcc/arm-none-eabi/10.3.1/thumb/v7-m/nofp/crtn.o
OUTPUT(build/freewheel_c8.elf elf32-littlearm)
LOAD linker stubs
LOAD /usr/lib/gcc/arm-none-eabi/10.3.1/../../../arm-none-eabi/lib/thumb/v7-m/nofp/libc.a
LOAD /usr/lib/gcc/arm-none-eabi/10.3.1/../../../arm-none-eabi/lib/thumb/v7-m/nofp/libm.a
LOAD /usr/lib/gcc/arm-none-eabi/10.3.1/thumb/v7-m/nofp/libgcc.a

.comment        0x0000000000000000       0xa1
 .comment       0x0000000000000000       0x33 /usr/lib/gcc/arm-none-eabi/10.3.1/thumb/v7-m/nofp/crtbegin.o
                                         0x34 (size before relaxing)
 .comment       0x0000000000000033       0x34 build/main.o
 .comment       0x0000000000000033       0x34 build/gpio.o
 .comment       0x0000000000000033       0x34 build/dma.o
 .comment       0x0000000000000033       0x34 build/usart.o
 .comment       0x0000000000000033       0x34 build/stm32f1xx_it.o
 .comment       0x0000000000000033       0x34 build/stm32f1xx_hal_msp.o
 .comment       0x0000000000000033       0x34 build/stm32f1xx_hal_tim.o
 .comment       0x0000000000000033       0x34 build/stm32f1xx_hal_tim_ex.o
 .comment       0x0000000000000033       0x34 build/stm32f1xx_hal_uart.o
 .comment       0x0000000000000033       0x34 build/stm32f1xx_hal.o
 .comment       0x0000000000000033       0x34 build/stm32f1xx_hal_rcc.o
 .comment       0x0000000000000033       0x34 build/stm32f1xx_hal_gpio.o
 .comment       0x0000000000000033       0x34 build/stm32f1xx_hal_dma.o
 .comment       0x0000000000000033       0x34 build/stm32f1xx_hal_cortex.o
 .comment       0x0000000000000033       0x34 build/system_stm32f1xx.o
 .comment       0x0000000000000033       0x34 build/tim.o
 .comment       0x0000000000000033       0x34 build/printf_config.o
 .comment       0x0000000000000033       0x34 build/encoder.o
 .comment       0x0000000000000033       0x34 build/crc.o
 .comment       0x0000000000000033       0x34 build/free_wheel.o
 .comment       0x0000000000000033       0x34 /usr/lib/gcc/arm-none-eabi/10.3.1/../../../arm-none-eabi/lib/thumb/v7-m/nofp/libc_nano.a(lib_a-aeabi_atexit.o)
 .comment       0x0000000000000033       0x34 /usr/lib/gcc/arm-none-eabi/10.3.1/../../../arm-none-eabi/lib/thumb/v7-m/nofp/libc_nano.a(lib_a-cxa_atexit.o)
 .comment       0x0000000000000033       0x34 /usr/lib/gcc/arm-none-eabi/10.3.1/../../../arm-none-eabi/lib/thumb/v7-m/nofp/libc_nano.a(lib_a-impure.o)
 .comment       0x0000000000000033       0x34 /usr/lib/gcc/arm-none-eabi/10.3.1/../../../arm-none-eabi/lib/thumb/v7-m/nofp/libc_nano.a(lib_a-init.o)
 .comment       0x0000000000000033       0x34 /usr/lib/gcc/arm-none-eabi/10.3.1/../../../arm-none-eabi/lib/thumb/v7-m/nofp/libc_nano.a(lib_a-memset.o)
 .comment       0x0000000000000033       0x34 /usr/lib/gcc/arm-none-eabi/10.3.1/../../../arm-none-eabi/lib/thumb/v7-m/nofp/libc_nano.a(lib_a-on_exit_args.o)
 .comment       0x0000000000000033       0x34 /usr/lib/gcc/arm-none-eabi/10.3.1/../../../arm-none-eabi/lib/thumb/v7-m/nofp/libc_nano.a(lib_a-puts.o)
 .comment       0x0000000000000033       0x34 /usr/lib/gcc/arm-none-eabi/10.3.1/../../../arm-none-eabi/lib/thumb/v7-m/nofp/libc_nano.a(lib_a-wbuf.o)
 .comment       0x0000000000000033       0x34 /usr/lib/gcc/arm-none-eabi/10.3.1/../../../arm-none-eabi/lib/thumb/v7-m/nofp/libc_nano.a(lib_a-wsetup.o)
 .comment       0x0000000000000033       0x34 /usr/lib/gcc/arm-none-eabi/10.3.1/../../../arm-none-eabi/lib/thumb/v7-m/nofp/libc_nano.a(lib_a-__atexit.o)
 .comment       0x0000000000000033       0x34 /usr/lib/gcc/arm-none-eabi/10.3.1/../../../arm-none-eabi/lib/thumb/v7-m/nofp/libc_nano.a(lib_a-__call_atexit.o)
 .comment       0x0000000000000033       0x34 /usr/lib/gcc/arm-none-eabi/10.3.1/../../../arm-none-eabi/lib/thumb/v7-m/nofp/libc_nano.a(lib_a-fflush.o)
 .comment       0x0000000000000033       0x34 /usr/lib/gcc/arm-none-eabi/10.3.1/../../../arm-none-eabi/lib/thumb/v7-m/nofp/libc_nano.a(lib_a-findfp.o)
 .comment       0x0000000000000033       0x34 /usr/lib/gcc/arm-none-eabi/10.3.1/../../../arm-none-eabi/lib/thumb/v7-m/nofp/libc_nano.a(lib_a-fwalk.o)
 .comment       0x0000000000000033       0x34 /usr/lib/gcc/arm-none-eabi/10.3.1/../../../arm-none-eabi/lib/thumb/v7-m/nofp/libc_nano.a(lib_a-makebuf.o)
 .comment       0x0000000000000033       0x34 /usr/lib/gcc/arm-none-eabi/10.3.1/../../../arm-none-eabi/lib/thumb/v7-m/nofp/libc_nano.a(lib_a-nano-freer.o)
 .comment       0x0000000000000033       0x34 /usr/lib/gcc/arm-none-eabi/10.3.1/../../../arm-none-eabi/lib/thumb/v7-m/nofp/libc_nano.a(lib_a-nano-mallocr.o)
 .comment       0x0000000000000033       0x34 /usr/lib/gcc/arm-none-eabi/10.3.1/../../../arm-none-eabi/lib/thumb/v7-m/nofp/libc_nano.a(lib_a-sbrkr.o)
 .comment       0x0000000000000033       0x34 /usr/lib/gcc/arm-none-eabi/10.3.1/../../../arm-none-eabi/lib/thumb/v7-m/nofp/libc_nano.a(lib_a-stdio.o)
 .comment       0x0000000000000033       0x34 /usr/lib/gcc/arm-none-eabi/10.3.1/../../../arm-none-eabi/lib/thumb/v7-m/nofp/libc_nano.a(lib_a-writer.o)
 .comment       0x0000000000000033       0x34 /usr/lib/gcc/arm-none-eabi/10.3.1/../../../arm-none-eabi/lib/thumb/v7-m/nofp/libc_nano.a(lib_a-closer.o)
 .comment       0x0000000000000033       0x34 /usr/lib/gcc/arm-none-eabi/10.3.1/../../../arm-none-eabi/lib/thumb/v7-m/nofp/libc_nano.a(lib_a-fstatr.o)
 .comment       0x0000000000000033       0x34 /usr/lib/gcc/arm-none-eabi/10.3.1/../../../arm-none-eabi/lib/thumb/v7-m/nofp/libc_nano.a(lib_a-isattyr.o)
 .comment       0x0000000000000033       0x34 /usr/lib/gcc/arm-none-eabi/10.3.1/../../../arm-none-eabi/lib/thumb/v7-m/nofp/libc_nano.a(lib_a-lseekr.o)
 .comment       0x0000000000000033       0x34 /usr/lib/gcc/arm-none-eabi/10.3.1/../../../arm-none-eabi/lib/thumb/v7-m/nofp/libc_nano.a(lib_a-mlock.o)
 .comment       0x0000000000000033       0x34 /usr/lib/gcc/arm-none-eabi/10.3.1/../../../arm-none-eabi/lib/thumb/v7-m/nofp/libc_nano.a(lib_a-readr.o)
 .comment       0x0000000000000033       0x34 /usr/lib/gcc/arm-none-eabi/10.3.1/../../../arm-none-eabi/lib/thumb/v7-m/nofp/libc_nano.a(lib_a-reent.o)
 .comment       0x0000000000000033       0x34 /usr/lib/gcc/arm-none-eabi/10.3.1/../../../arm-none-eabi/lib/thumb/v7-m/nofp/libnosys.a(close.o)
 .comment       0x0000000000000033       0x34 /usr/lib/gcc/arm-none-eabi/10.3.1/../../../arm-none-eabi/lib/thumb/v7-m/nofp/libnosys.a(fstat.o)
 .comment       0x0000000000000033       0x34 /usr/lib/gcc/arm-none-eabi/10.3.1/../../../arm-none-eabi/lib/thumb/v7-m/nofp/libnosys.a(isatty.o)
 .comment       0x0000000000000033       0x34 /usr/lib/gcc/arm-none-eabi/10.3.1/../../../arm-none-eabi/lib/thumb/v7-m/nofp/libnosys.a(lseek.o)
 .comment       0x0000000000000033       0x34 /usr/lib/gcc/arm-none-eabi/10.3.1/../../../arm-none-eabi/lib/thumb/v7-m/nofp/libnosys.a(read.o)
 .comment       0x0000000000000033       0x34 /usr/lib/gcc/arm-none-eabi/10.3.1/../../../arm-none-eabi/lib/thumb/v7-m/nofp/libnosys.a(sbrk.o)
 .comment       0x0000000000000033       0x6e Drivers/CMSIS/Lib/GCC//libarm_cortexM3l_math.a(arm_sin_f32.o)
                                         0x6f (size before relaxing)
 .comment       0x00000000000000a1       0x6f Drivers/CMSIS/Lib/GCC//libarm_cortexM3l_math.a(arm_cos_f32.o)
 .comment       0x00000000000000a1       0x6f Drivers/CMSIS/Lib/GCC//libarm_cortexM3l_math.a(arm_common_tables.o)
 .comment       0x00000000000000a1       0x34 /usr/lib/gcc/arm-none-eabi/10.3.1/thumb/v7-m/nofp/crtend.o

.debug_info     0x0000000000000000    0x244b0
 .debug_info    0x0000000000000000      0x3d5 build/main.o
 .debug_info    0x00000000000003d5      0x36d build/gpio.o
 .debug_info    0x0000000000000742      0x339 build/dma.o
 .debug_info    0x0000000000000a7b      0xd05 build/usart.o
 .debug_info    0x0000000000001780      0x773 build/stm32f1xx_it.o
 .debug_info    0x0000000000001ef3      0x22c build/stm32f1xx_hal_msp.o
 .debug_info    0x000000000000211f     0x4032 build/stm32f1xx_hal_tim.o
 .debug_info    0x0000000000006151     0x1c21 build/stm32f1xx_hal_tim_ex.o
 .debug_info    0x0000000000007d72     0x437d build/stm32f1xx_hal_uart.o
 .debug_info    0x000000000000c0ef      0x849 build/stm32f1xx_hal.o
 .debug_info    0x000000000000c938      0xacc build/stm32f1xx_hal_rcc.o
 .debug_info    0x000000000000d404      0x6bf build/stm32f1xx_hal_gpio.o
 .debug_info    0x000000000000dac3      0x8b4 build/stm32f1xx_hal_dma.o
 .debug_info    0x000000000000e377      0xe09 build/stm32f1xx_hal_cortex.o
 .debug_info    0x000000000000f180      0x256 build/system_stm32f1xx.o
 .debug_info    0x000000000000f3d6      0xd71 build/tim.o
 .debug_info    0x0000000000010147      0x451 build/printf_config.o
 .debug_info    0x0000000000010598     0x2146 build/encoder.o
 .debug_info    0x00000000000126de      0x5b5 build/crc.o
 .debug_info    0x0000000000012c93     0x37d7 build/free_wheel.o
 .debug_info    0x000000000001646a       0x22 build/startup_stm32f103xb.o
 .debug_info    0x000000000001648c      0x10d /usr/lib/gcc/arm-none-eabi/10.3.1/../../../arm-none-eabi/lib/thumb/v7-m/nofp/libc_nano.a(lib_a-aeabi_atexit.o)
 .debug_info    0x0000000000016599      0x1f8 /usr/lib/gcc/arm-none-eabi/10.3.1/../../../arm-none-eabi/lib/thumb/v7-m/nofp/libc_nano.a(lib_a-cxa_atexit.o)
 .debug_info    0x0000000000016791      0x863 /usr/lib/gcc/arm-none-eabi/10.3.1/../../../arm-none-eabi/lib/thumb/v7-m/nofp/libc_nano.a(lib_a-impure.o)
 .debug_info    0x0000000000016ff4      0x11a /usr/lib/gcc/arm-none-eabi/10.3.1/../../../arm-none-eabi/lib/thumb/v7-m/nofp/libc_nano.a(lib_a-init.o)
 .debug_info    0x000000000001710e      0x137 /usr/lib/gcc/arm-none-eabi/10.3.1/../../../arm-none-eabi/lib/thumb/v7-m/nofp/libc_nano.a(lib_a-memset.o)
 .debug_info    0x0000000000017245      0x104 /usr/lib/gcc/arm-none-eabi/10.3.1/../../../arm-none-eabi/lib/thumb/v7-m/nofp/libc_nano.a(lib_a-on_exit_args.o)
 .debug_info    0x0000000000017349      0xa4e /usr/lib/gcc/arm-none-eabi/10.3.1/../../../arm-none-eabi/lib/thumb/v7-m/nofp/libc_nano.a(lib_a-puts.o)
 .debug_info    0x0000000000017d97      0x998 /usr/lib/gcc/arm-none-eabi/10.3.1/../../../arm-none-eabi/lib/thumb/v7-m/nofp/libc_nano.a(lib_a-wbuf.o)
 .debug_info    0x000000000001872f      0x902 /usr/lib/gcc/arm-none-eabi/10.3.1/../../../arm-none-eabi/lib/thumb/v7-m/nofp/libc_nano.a(lib_a-wsetup.o)
 .debug_info    0x0000000000019031      0x269 /usr/lib/gcc/arm-none-eabi/10.3.1/../../../arm-none-eabi/lib/thumb/v7-m/nofp/libc_nano.a(lib_a-__atexit.o)
 .debug_info    0x000000000001929a      0x249 /usr/lib/gcc/arm-none-eabi/10.3.1/../../../arm-none-eabi/lib/thumb/v7-m/nofp/libc_nano.a(lib_a-__call_atexit.o)
 .debug_info    0x00000000000194e3      0xb0a /usr/lib/gcc/arm-none-eabi/10.3.1/../../../arm-none-eabi/lib/thumb/v7-m/nofp/libc_nano.a(lib_a-fflush.o)
 .debug_info    0x0000000000019fed      0xfae /usr/lib/gcc/arm-none-eabi/10.3.1/../../../arm-none-eabi/lib/thumb/v7-m/nofp/libc_nano.a(lib_a-findfp.o)
 .debug_info    0x000000000001af9b      0x900 /usr/lib/gcc/arm-none-eabi/10.3.1/../../../arm-none-eabi/lib/thumb/v7-m/nofp/libc_nano.a(lib_a-fwalk.o)
 .debug_info    0x000000000001b89b      0xc8a /usr/lib/gcc/arm-none-eabi/10.3.1/../../../arm-none-eabi/lib/thumb/v7-m/nofp/libc_nano.a(lib_a-makebuf.o)
 .debug_info    0x000000000001c525      0x940 /usr/lib/gcc/arm-none-eabi/10.3.1/../../../arm-none-eabi/lib/thumb/v7-m/nofp/libc_nano.a(lib_a-nano-freer.o)
 .debug_info    0x000000000001ce65      0xa0c /usr/lib/gcc/arm-none-eabi/10.3.1/../../../arm-none-eabi/lib/thumb/v7-m/nofp/libc_nano.a(lib_a-nano-mallocr.o)
 .debug_info    0x000000000001d871      0x828 /usr/lib/gcc/arm-none-eabi/10.3.1/../../../arm-none-eabi/lib/thumb/v7-m/nofp/libc_nano.a(lib_a-sbrkr.o)
 .debug_info    0x000000000001e099      0xabc /usr/lib/gcc/arm-none-eabi/10.3.1/../../../arm-none-eabi/lib/thumb/v7-m/nofp/libc_nano.a(lib_a-stdio.o)
 .debug_info    0x000000000001eb55      0x85a /usr/lib/gcc/arm-none-eabi/10.3.1/../../../arm-none-eabi/lib/thumb/v7-m/nofp/libc_nano.a(lib_a-writer.o)
 .debug_info    0x000000000001f3af      0x805 /usr/lib/gcc/arm-none-eabi/10.3.1/../../../arm-none-eabi/lib/thumb/v7-m/nofp/libc_nano.a(lib_a-closer.o)
 .debug_info    0x000000000001fbb4      0xa1d /usr/lib/gcc/arm-none-eabi/10.3.1/../../../arm-none-eabi/lib/thumb/v7-m/nofp/libc_nano.a(lib_a-fstatr.o)
 .debug_info    0x00000000000205d1      0x805 /usr/lib/gcc/arm-none-eabi/10.3.1/../../../arm-none-eabi/lib/thumb/v7-m/nofp/libc_nano.a(lib_a-isattyr.o)
 .debug_info    0x0000000000020dd6      0x83b /usr/lib/gcc/arm-none-eabi/10.3.1/../../../arm-none-eabi/lib/thumb/v7-m/nofp/libc_nano.a(lib_a-lseekr.o)
 .debug_info    0x0000000000021611      0x7dc /usr/lib/gcc/arm-none-eabi/10.3.1/../../../arm-none-eabi/lib/thumb/v7-m/nofp/libc_nano.a(lib_a-mlock.o)
 .debug_info    0x0000000000021ded      0x853 /usr/lib/gcc/arm-none-eabi/10.3.1/../../../arm-none-eabi/lib/thumb/v7-m/nofp/libc_nano.a(lib_a-readr.o)
 .debug_info    0x0000000000022640      0xa7e /usr/lib/gcc/arm-none-eabi/10.3.1/../../../arm-none-eabi/lib/thumb/v7-m/nofp/libc_nano.a(lib_a-reent.o)
 .debug_info    0x00000000000230be       0xb1 /usr/lib/gcc/arm-none-eabi/10.3.1/../../../arm-none-eabi/lib/thumb/v7-m/nofp/libnosys.a(close.o)
 .debug_info    0x000000000002316f      0x2cc /usr/lib/gcc/arm-none-eabi/10.3.1/../../../arm-none-eabi/lib/thumb/v7-m/nofp/libnosys.a(fstat.o)
 .debug_info    0x000000000002343b       0xb1 /usr/lib/gcc/arm-none-eabi/10.3.1/../../../arm-none-eabi/lib/thumb/v7-m/nofp/libnosys.a(isatty.o)
 .debug_info    0x00000000000234ec       0xd3 /usr/lib/gcc/arm-none-eabi/10.3.1/../../../arm-none-eabi/lib/thumb/v7-m/nofp/libnosys.a(lseek.o)
 .debug_info    0x00000000000235bf       0xd9 /usr/lib/gcc/arm-none-eabi/10.3.1/../../../arm-none-eabi/lib/thumb/v7-m/nofp/libnosys.a(read.o)
 .debug_info    0x0000000000023698       0x9d /usr/lib/gcc/arm-none-eabi/10.3.1/../../../arm-none-eabi/lib/thumb/v7-m/nofp/libnosys.a(sbrk.o)
 .debug_info    0x0000000000023735      0x188 Drivers/CMSIS/Lib/GCC//libarm_cortexM3l_math.a(arm_sin_f32.o)
 .debug_info    0x00000000000238bd      0x184 Drivers/CMSIS/Lib/GCC//libarm_cortexM3l_math.a(arm_cos_f32.o)
 .debug_info    0x0000000000023a41      0x9b1 Drivers/CMSIS/Lib/GCC//libarm_cortexM3l_math.a(arm_common_tables.o)
 .debug_info    0x00000000000243f2       0x26 /usr/lib/gcc/arm-none-eabi/10.3.1/thumb/v7-m/nofp/libgcc.a(_arm_addsubsf3.o)
 .debug_info    0x0000000000024418       0x26 /usr/lib/gcc/arm-none-eabi/10.3.1/thumb/v7-m/nofp/libgcc.a(_arm_muldivsf3.o)
 .debug_info    0x000000000002443e       0x26 /usr/lib/gcc/arm-none-eabi/10.3.1/thumb/v7-m/nofp/libgcc.a(_arm_cmpsf2.o)
 .debug_info    0x0000000000024464       0x26 /usr/lib/gcc/arm-none-eabi/10.3.1/thumb/v7-m/nofp/libgcc.a(_arm_fixsfsi.o)
 .debug_info    0x000000000002448a       0x26 /usr/lib/gcc/arm-none-eabi/10.3.1/thumb/v7-m/nofp/libgcc.a(_arm_fixunssfsi.o)

.debug_abbrev   0x0000000000000000     0x636c
 .debug_abbrev  0x0000000000000000      0x183 build/main.o
 .debug_abbrev  0x0000000000000183      0x13f build/gpio.o
 .debug_abbrev  0x00000000000002c2      0x117 build/dma.o
 .debug_abbrev  0x00000000000003d9      0x20e build/usart.o
 .debug_abbrev  0x00000000000005e7      0x15e build/stm32f1xx_it.o
 .debug_abbrev  0x0000000000000745       0xe7 build/stm32f1xx_hal_msp.o
 .debug_abbrev  0x000000000000082c      0x29d build/stm32f1xx_hal_tim.o
 .debug_abbrev  0x0000000000000ac9      0x29f build/stm32f1xx_hal_tim_ex.o
 .debug_abbrev  0x0000000000000d68      0x334 build/stm32f1xx_hal_uart.o
 .debug_abbrev  0x000000000000109c      0x1f7 build/stm32f1xx_hal.o
 .debug_abbrev  0x0000000000001293      0x2b8 build/stm32f1xx_hal_rcc.o
 .debug_abbrev  0x000000000000154b      0x222 build/stm32f1xx_hal_gpio.o
 .debug_abbrev  0x000000000000176d      0x244 build/stm32f1xx_hal_dma.o
 .debug_abbrev  0x00000000000019b1      0x359 build/stm32f1xx_hal_cortex.o
 .debug_abbrev  0x0000000000001d0a      0x140 build/system_stm32f1xx.o
 .debug_abbrev  0x0000000000001e4a      0x1fc build/tim.o
 .debug_abbrev  0x0000000000002046      0x1c1 build/printf_config.o
 .debug_abbrev  0x0000000000002207      0x311 build/encoder.o
 .debug_abbrev  0x0000000000002518      0x225 build/crc.o
 .debug_abbrev  0x000000000000273d      0x54c build/free_wheel.o
 .debug_abbrev  0x0000000000002c89       0x12 build/startup_stm32f103xb.o
 .debug_abbrev  0x0000000000002c9b       0xbd /usr/lib/gcc/arm-none-eabi/10.3.1/../../../arm-none-eabi/lib/thumb/v7-m/nofp/libc_nano.a(lib_a-aeabi_atexit.o)
 .debug_abbrev  0x0000000000002d58      0x168 /usr/lib/gcc/arm-none-eabi/10.3.1/../../../arm-none-eabi/lib/thumb/v7-m/nofp/libc_nano.a(lib_a-cxa_atexit.o)
 .debug_abbrev  0x0000000000002ec0      0x151 /usr/lib/gcc/arm-none-eabi/10.3.1/../../../arm-none-eabi/lib/thumb/v7-m/nofp/libc_nano.a(lib_a-impure.o)
 .debug_abbrev  0x0000000000003011       0xcc /usr/lib/gcc/arm-none-eabi/10.3.1/../../../arm-none-eabi/lib/thumb/v7-m/nofp/libc_nano.a(lib_a-init.o)
 .debug_abbrev  0x00000000000030dd       0xb4 /usr/lib/gcc/arm-none-eabi/10.3.1/../../../arm-none-eabi/lib/thumb/v7-m/nofp/libc_nano.a(lib_a-memset.o)
 .debug_abbrev  0x0000000000003191       0xb5 /usr/lib/gcc/arm-none-eabi/10.3.1/../../../arm-none-eabi/lib/thumb/v7-m/nofp/libc_nano.a(lib_a-on_exit_args.o)
 .debug_abbrev  0x0000000000003246      0x28e /usr/lib/gcc/arm-none-eabi/10.3.1/../../../arm-none-eabi/lib/thumb/v7-m/nofp/libc_nano.a(lib_a-puts.o)
 .debug_abbrev  0x00000000000034d4      0x21f /usr/lib/gcc/arm-none-eabi/10.3.1/../../../arm-none-eabi/lib/thumb/v7-m/nofp/libc_nano.a(lib_a-wbuf.o)
 .debug_abbrev  0x00000000000036f3      0x1d4 /usr/lib/gcc/arm-none-eabi/10.3.1/../../../arm-none-eabi/lib/thumb/v7-m/nofp/libc_nano.a(lib_a-wsetup.o)
 .debug_abbrev  0x00000000000038c7      0x1bd /usr/lib/gcc/arm-none-eabi/10.3.1/../../../arm-none-eabi/lib/thumb/v7-m/nofp/libc_nano.a(lib_a-__atexit.o)
 .debug_abbrev  0x0000000000003a84      0x179 /usr/lib/gcc/arm-none-eabi/10.3.1/../../../arm-none-eabi/lib/thumb/v7-m/nofp/libc_nano.a(lib_a-__call_atexit.o)
 .debug_abbrev  0x0000000000003bfd      0x2da /usr/lib/gcc/arm-none-eabi/10.3.1/../../../arm-none-eabi/lib/thumb/v7-m/nofp/libc_nano.a(lib_a-fflush.o)
 .debug_abbrev  0x0000000000003ed7      0x3cd /usr/lib/gcc/arm-none-eabi/10.3.1/../../../arm-none-eabi/lib/thumb/v7-m/nofp/libc_nano.a(lib_a-findfp.o)
 .debug_abbrev  0x00000000000042a4      0x197 /usr/lib/gcc/arm-none-eabi/10.3.1/../../../arm-none-eabi/lib/thumb/v7-m/nofp/libc_nano.a(lib_a-fwalk.o)
 .debug_abbrev  0x000000000000443b      0x278 /usr/lib/gcc/arm-none-eabi/10.3.1/../../../arm-none-eabi/lib/thumb/v7-m/nofp/libc_nano.a(lib_a-makebuf.o)
 .debug_abbrev  0x00000000000046b3      0x245 /usr/lib/gcc/arm-none-eabi/10.3.1/../../../arm-none-eabi/lib/thumb/v7-m/nofp/libc_nano.a(lib_a-nano-freer.o)
 .debug_abbrev  0x00000000000048f8      0x290 /usr/lib/gcc/arm-none-eabi/10.3.1/../../../arm-none-eabi/lib/thumb/v7-m/nofp/libc_nano.a(lib_a-nano-mallocr.o)
 .debug_abbrev  0x0000000000004b88      0x1d6 /usr/lib/gcc/arm-none-eabi/10.3.1/../../../arm-none-eabi/lib/thumb/v7-m/nofp/libc_nano.a(lib_a-sbrkr.o)
 .debug_abbrev  0x0000000000004d5e      0x1fb /usr/lib/gcc/arm-none-eabi/10.3.1/../../../arm-none-eabi/lib/thumb/v7-m/nofp/libc_nano.a(lib_a-stdio.o)
 .debug_abbrev  0x0000000000004f59      0x1b0 /usr/lib/gcc/arm-none-eabi/10.3.1/../../../arm-none-eabi/lib/thumb/v7-m/nofp/libc_nano.a(lib_a-writer.o)
 .debug_abbrev  0x0000000000005109      0x1ab /usr/lib/gcc/arm-none-eabi/10.3.1/../../../arm-none-eabi/lib/thumb/v7-m/nofp/libc_nano.a(lib_a-closer.o)
 .debug_abbrev  0x00000000000052b4      0x1bf /usr/lib/gcc/arm-none-eabi/10.3.1/../../../arm-none-eabi/lib/thumb/v7-m/nofp/libc_nano.a(lib_a-fstatr.o)
 .debug_abbrev  0x0000000000005473      0x1ab /usr/lib/gcc/arm-none-eabi/10.3.1/../../../arm-none-eabi/lib/thumb/v7-m/nofp/libc_nano.a(lib_a-isattyr.o)
 .debug_abbrev  0x000000000000561e      0x1bf /usr/lib/gcc/arm-none-eabi/10.3.1/../../../arm-none-eabi/lib/thumb/v7-m/nofp/libc_nano.a(lib_a-lseekr.o)
 .debug_abbrev  0x00000000000057dd      0x189 /usr/lib/gcc/arm-none-eabi/10.3.1/../../../arm-none-eabi/lib/thumb/v7-m/nofp/libc_nano.a(lib_a-mlock.o)
 .debug_abbrev  0x0000000000005966      0x1ab /usr/lib/gcc/arm-none-eabi/10.3.1/../../../arm-none-eabi/lib/thumb/v7-m/nofp/libc_nano.a(lib_a-readr.o)
 .debug_abbrev  0x0000000000005b11      0x265 /usr/lib/gcc/arm-none-eabi/10.3.1/../../../arm-none-eabi/lib/thumb/v7-m/nofp/libc_nano.a(lib_a-reent.o)
 .debug_abbrev  0x0000000000005d76       0x6d /usr/lib/gcc/arm-none-eabi/10.3.1/../../../arm-none-eabi/lib/thumb/v7-m/nofp/libnosys.a(close.o)
 .debug_abbrev  0x0000000000005de3       0xcc /usr/lib/gcc/arm-none-eabi/10.3.1/../../../arm-none-eabi/lib/thumb/v7-m/nofp/libnosys.a(fstat.o)
 .debug_abbrev  0x0000000000005eaf       0x6d /usr/lib/gcc/arm-none-eabi/10.3.1/../../../arm-none-eabi/lib/thumb/v7-m/nofp/libnosys.a(isatty.o)
 .debug_abbrev  0x0000000000005f1c       0x92 /usr/lib/gcc/arm-none-eabi/10.3.1/../../../arm-none-eabi/lib/thumb/v7-m/nofp/libnosys.a(lseek.o)
 .debug_abbrev  0x0000000000005fae       0x9b /usr/lib/gcc/arm-none-eabi/10.3.1/../../../arm-none-eabi/lib/thumb/v7-m/nofp/libnosys.a(read.o)
 .debug_abbrev  0x0000000000006049       0xa2 /usr/lib/gcc/arm-none-eabi/10.3.1/../../../arm-none-eabi/lib/thumb/v7-m/nofp/libnosys.a(sbrk.o)
 .debug_abbrev  0x00000000000060eb       0xc6 Drivers/CMSIS/Lib/GCC//libarm_cortexM3l_math.a(arm_sin_f32.o)
 .debug_abbrev  0x00000000000061b1       0xd3 Drivers/CMSIS/Lib/GCC//libarm_cortexM3l_math.a(arm_cos_f32.o)
 .debug_abbrev  0x0000000000006284       0x84 Drivers/CMSIS/Lib/GCC//libarm_cortexM3l_math.a(arm_common_tables.o)
 .debug_abbrev  0x0000000000006308       0x14 /usr/lib/gcc/arm-none-eabi/10.3.1/thumb/v7-m/nofp/libgcc.a(_arm_addsubsf3.o)
 .debug_abbrev  0x000000000000631c       0x14 /usr/lib/gcc/arm-none-eabi/10.3.1/thumb/v7-m/nofp/libgcc.a(_arm_muldivsf3.o)
 .debug_abbrev  0x0000000000006330       0x14 /usr/lib/gcc/arm-none-eabi/10.3.1/thumb/v7-m/nofp/libgcc.a(_arm_cmpsf2.o)
 .debug_abbrev  0x0000000000006344       0x14 /usr/lib/gcc/arm-none-eabi/10.3.1/thumb/v7-m/nofp/libgcc.a(_arm_fixsfsi.o)
 .debug_abbrev  0x0000000000006358       0x14 /usr/lib/gcc/arm-none-eabi/10.3.1/thumb/v7-m/nofp/libgcc.a(_arm_fixunssfsi.o)

.debug_loc      0x0000000000000000    0x12a3b
 .debug_loc     0x0000000000000000       0x66 build/main.o
 .debug_loc     0x0000000000000066       0x38 build/gpio.o
 .debug_loc     0x000000000000009e       0x38 build/dma.o
 .debug_loc     0x00000000000000d6      0x193 build/usart.o
 .debug_loc     0x0000000000000269       0xa0 build/stm32f1xx_it.o
 .debug_loc     0x0000000000000309       0x41 build/stm32f1xx_hal_msp.o
 .debug_loc     0x000000000000034a     0x5c5e build/stm32f1xx_hal_tim.o
 .debug_loc     0x0000000000005fa8     0x20f3 build/stm32f1xx_hal_tim_ex.o
 .debug_loc     0x000000000000809b     0x4ebf build/stm32f1xx_hal_uart.o
 .debug_loc     0x000000000000cf5a      0x1e1 build/stm32f1xx_hal.o
 .debug_loc     0x000000000000d13b      0x790 build/stm32f1xx_hal_rcc.o
 .debug_loc     0x000000000000d8cb      0x551 build/stm32f1xx_hal_gpio.o
 .debug_loc     0x000000000000de1c      0x901 build/stm32f1xx_hal_dma.o
 .debug_loc     0x000000000000e71d      0x77f build/stm32f1xx_hal_cortex.o
 .debug_loc     0x000000000000ee9c       0xff build/system_stm32f1xx.o
 .debug_loc     0x000000000000ef9b      0x228 build/tim.o
 .debug_loc     0x000000000000f1c3      0x122 build/printf_config.o
 .debug_loc     0x000000000000f2e5      0x15f build/encoder.o
 .debug_loc     0x000000000000f444      0x16b build/crc.o
 .debug_loc     0x000000000000f5af      0x6f3 build/free_wheel.o
 .debug_loc     0x000000000000fca2       0x89 /usr/lib/gcc/arm-none-eabi/10.3.1/../../../arm-none-eabi/lib/thumb/v7-m/nofp/libc_nano.a(lib_a-aeabi_atexit.o)
 .debug_loc     0x000000000000fd2b       0xcd /usr/lib/gcc/arm-none-eabi/10.3.1/../../../arm-none-eabi/lib/thumb/v7-m/nofp/libc_nano.a(lib_a-cxa_atexit.o)
 .debug_loc     0x000000000000fdf8       0xba /usr/lib/gcc/arm-none-eabi/10.3.1/../../../arm-none-eabi/lib/thumb/v7-m/nofp/libc_nano.a(lib_a-init.o)
 .debug_loc     0x000000000000feb2      0x22c /usr/lib/gcc/arm-none-eabi/10.3.1/../../../arm-none-eabi/lib/thumb/v7-m/nofp/libc_nano.a(lib_a-memset.o)
 .debug_loc     0x00000000000100de      0x258 /usr/lib/gcc/arm-none-eabi/10.3.1/../../../arm-none-eabi/lib/thumb/v7-m/nofp/libc_nano.a(lib_a-puts.o)
 .debug_loc     0x0000000000010336      0x193 /usr/lib/gcc/arm-none-eabi/10.3.1/../../../arm-none-eabi/lib/thumb/v7-m/nofp/libc_nano.a(lib_a-wbuf.o)
 .debug_loc     0x00000000000104c9       0xb7 /usr/lib/gcc/arm-none-eabi/10.3.1/../../../arm-none-eabi/lib/thumb/v7-m/nofp/libc_nano.a(lib_a-wsetup.o)
 .debug_loc     0x0000000000010580      0x1c4 /usr/lib/gcc/arm-none-eabi/10.3.1/../../../arm-none-eabi/lib/thumb/v7-m/nofp/libc_nano.a(lib_a-__atexit.o)
 .debug_loc     0x0000000000010744      0x17d /usr/lib/gcc/arm-none-eabi/10.3.1/../../../arm-none-eabi/lib/thumb/v7-m/nofp/libc_nano.a(lib_a-__call_atexit.o)
 .debug_loc     0x00000000000108c1      0x4c9 /usr/lib/gcc/arm-none-eabi/10.3.1/../../../arm-none-eabi/lib/thumb/v7-m/nofp/libc_nano.a(lib_a-fflush.o)
 .debug_loc     0x0000000000010d8a      0x3d9 /usr/lib/gcc/arm-none-eabi/10.3.1/../../../arm-none-eabi/lib/thumb/v7-m/nofp/libc_nano.a(lib_a-findfp.o)
 .debug_loc     0x0000000000011163      0x1bf /usr/lib/gcc/arm-none-eabi/10.3.1/../../../arm-none-eabi/lib/thumb/v7-m/nofp/libc_nano.a(lib_a-fwalk.o)
 .debug_loc     0x0000000000011322      0x327 /usr/lib/gcc/arm-none-eabi/10.3.1/../../../arm-none-eabi/lib/thumb/v7-m/nofp/libc_nano.a(lib_a-makebuf.o)
 .debug_loc     0x0000000000011649      0x27f /usr/lib/gcc/arm-none-eabi/10.3.1/../../../arm-none-eabi/lib/thumb/v7-m/nofp/libc_nano.a(lib_a-nano-freer.o)
 .debug_loc     0x00000000000118c8      0x3da /usr/lib/gcc/arm-none-eabi/10.3.1/../../../arm-none-eabi/lib/thumb/v7-m/nofp/libc_nano.a(lib_a-nano-mallocr.o)
 .debug_loc     0x0000000000011ca2       0x6c /usr/lib/gcc/arm-none-eabi/10.3.1/../../../arm-none-eabi/lib/thumb/v7-m/nofp/libc_nano.a(lib_a-sbrkr.o)
 .debug_loc     0x0000000000011d0e      0x3a0 /usr/lib/gcc/arm-none-eabi/10.3.1/../../../arm-none-eabi/lib/thumb/v7-m/nofp/libc_nano.a(lib_a-stdio.o)
 .debug_loc     0x00000000000120ae       0xea /usr/lib/gcc/arm-none-eabi/10.3.1/../../../arm-none-eabi/lib/thumb/v7-m/nofp/libc_nano.a(lib_a-writer.o)
 .debug_loc     0x0000000000012198       0x6c /usr/lib/gcc/arm-none-eabi/10.3.1/../../../arm-none-eabi/lib/thumb/v7-m/nofp/libc_nano.a(lib_a-closer.o)
 .debug_loc     0x0000000000012204       0x9e /usr/lib/gcc/arm-none-eabi/10.3.1/../../../arm-none-eabi/lib/thumb/v7-m/nofp/libc_nano.a(lib_a-fstatr.o)
 .debug_loc     0x00000000000122a2       0x6c /usr/lib/gcc/arm-none-eabi/10.3.1/../../../arm-none-eabi/lib/thumb/v7-m/nofp/libc_nano.a(lib_a-isattyr.o)
 .debug_loc     0x000000000001230e       0xea /usr/lib/gcc/arm-none-eabi/10.3.1/../../../arm-none-eabi/lib/thumb/v7-m/nofp/libc_nano.a(lib_a-lseekr.o)
 .debug_loc     0x00000000000123f8       0xea /usr/lib/gcc/arm-none-eabi/10.3.1/../../../arm-none-eabi/lib/thumb/v7-m/nofp/libc_nano.a(lib_a-readr.o)
 .debug_loc     0x00000000000124e2      0x1cd /usr/lib/gcc/arm-none-eabi/10.3.1/../../../arm-none-eabi/lib/thumb/v7-m/nofp/libc_nano.a(lib_a-reent.o)
 .debug_loc     0x00000000000126af       0x25 /usr/lib/gcc/arm-none-eabi/10.3.1/../../../arm-none-eabi/lib/thumb/v7-m/nofp/libnosys.a(close.o)
 .debug_loc     0x00000000000126d4       0x25 /usr/lib/gcc/arm-none-eabi/10.3.1/../../../arm-none-eabi/lib/thumb/v7-m/nofp/libnosys.a(fstat.o)
 .debug_loc     0x00000000000126f9       0x25 /usr/lib/gcc/arm-none-eabi/10.3.1/../../../arm-none-eabi/lib/thumb/v7-m/nofp/libnosys.a(isatty.o)
 .debug_loc     0x000000000001271e       0x4a /usr/lib/gcc/arm-none-eabi/10.3.1/../../../arm-none-eabi/lib/thumb/v7-m/nofp/libnosys.a(lseek.o)
 .debug_loc     0x0000000000012768       0x4a /usr/lib/gcc/arm-none-eabi/10.3.1/../../../arm-none-eabi/lib/thumb/v7-m/nofp/libnosys.a(read.o)
 .debug_loc     0x00000000000127b2       0x3e /usr/lib/gcc/arm-none-eabi/10.3.1/../../../arm-none-eabi/lib/thumb/v7-m/nofp/libnosys.a(sbrk.o)
 .debug_loc     0x00000000000127f0      0x150 Drivers/CMSIS/Lib/GCC//libarm_cortexM3l_math.a(arm_sin_f32.o)
 .debug_loc     0x0000000000012940       0xfb Drivers/CMSIS/Lib/GCC//libarm_cortexM3l_math.a(arm_cos_f32.o)

.debug_aranges  0x0000000000000000     0x11e8
 .debug_aranges
                0x0000000000000000       0x30 build/main.o
 .debug_aranges
                0x0000000000000030       0x20 build/gpio.o
 .debug_aranges
                0x0000000000000050       0x20 build/dma.o
 .debug_aranges
                0x0000000000000070       0x38 build/usart.o
 .debug_aranges
                0x00000000000000a8       0x80 build/stm32f1xx_it.o
 .debug_aranges
                0x0000000000000128       0x20 build/stm32f1xx_hal_msp.o
 .debug_aranges
                0x0000000000000148      0x3d0 build/stm32f1xx_hal_tim.o
 .debug_aranges
                0x0000000000000518      0x168 build/stm32f1xx_hal_tim_ex.o
 .debug_aranges
                0x0000000000000680      0x208 build/stm32f1xx_hal_uart.o
 .debug_aranges
                0x0000000000000888       0xe0 build/stm32f1xx_hal.o
 .debug_aranges
                0x0000000000000968       0x90 build/stm32f1xx_hal_rcc.o
 .debug_aranges
                0x00000000000009f8       0x58 build/stm32f1xx_hal_gpio.o
 .debug_aranges
                0x0000000000000a50       0x80 build/stm32f1xx_hal_dma.o
 .debug_aranges
                0x0000000000000ad0       0x90 build/stm32f1xx_hal_cortex.o
 .debug_aranges
                0x0000000000000b60       0x28 build/system_stm32f1xx.o
 .debug_aranges
                0x0000000000000b88       0x40 build/tim.o
 .debug_aranges
                0x0000000000000bc8       0x28 build/printf_config.o
 .debug_aranges
                0x0000000000000bf0       0x38 build/encoder.o
 .debug_aranges
                0x0000000000000c28       0x28 build/crc.o
 .debug_aranges
                0x0000000000000c50       0x68 build/free_wheel.o
 .debug_aranges
                0x0000000000000cb8       0x28 build/startup_stm32f103xb.o
 .debug_aranges
                0x0000000000000ce0       0x20 /usr/lib/gcc/arm-none-eabi/10.3.1/../../../arm-none-eabi/lib/thumb/v7-m/nofp/libc_nano.a(lib_a-aeabi_atexit.o)
 .debug_aranges
                0x0000000000000d00       0x20 /usr/lib/gcc/arm-none-eabi/10.3.1/../../../arm-none-eabi/lib/thumb/v7-m/nofp/libc_nano.a(lib_a-cxa_atexit.o)
 .debug_aranges
                0x0000000000000d20       0x18 /usr/lib/gcc/arm-none-eabi/10.3.1/../../../arm-none-eabi/lib/thumb/v7-m/nofp/libc_nano.a(lib_a-impure.o)
 .debug_aranges
                0x0000000000000d38       0x20 /usr/lib/gcc/arm-none-eabi/10.3.1/../../../arm-none-eabi/lib/thumb/v7-m/nofp/libc_nano.a(lib_a-init.o)
 .debug_aranges
                0x0000000000000d58       0x20 /usr/lib/gcc/arm-none-eabi/10.3.1/../../../arm-none-eabi/lib/thumb/v7-m/nofp/libc_nano.a(lib_a-memset.o)
 .debug_aranges
                0x0000000000000d78       0x18 /usr/lib/gcc/arm-none-eabi/10.3.1/../../../arm-none-eabi/lib/thumb/v7-m/nofp/libc_nano.a(lib_a-on_exit_args.o)
 .debug_aranges
                0x0000000000000d90       0x20 /usr/lib/gcc/arm-none-eabi/10.3.1/../../../arm-none-eabi/lib/thumb/v7-m/nofp/libc_nano.a(lib_a-puts.o)
 .debug_aranges
                0x0000000000000db0       0x20 /usr/lib/gcc/arm-none-eabi/10.3.1/../../../arm-none-eabi/lib/thumb/v7-m/nofp/libc_nano.a(lib_a-wbuf.o)
 .debug_aranges
                0x0000000000000dd0       0x20 /usr/lib/gcc/arm-none-eabi/10.3.1/../../../arm-none-eabi/lib/thumb/v7-m/nofp/libc_nano.a(lib_a-wsetup.o)
 .debug_aranges
                0x0000000000000df0       0x20 /usr/lib/gcc/arm-none-eabi/10.3.1/../../../arm-none-eabi/lib/thumb/v7-m/nofp/libc_nano.a(lib_a-__atexit.o)
 .debug_aranges
                0x0000000000000e10       0x20 /usr/lib/gcc/arm-none-eabi/10.3.1/../../../arm-none-eabi/lib/thumb/v7-m/nofp/libc_nano.a(lib_a-__call_atexit.o)
 .debug_aranges
                0x0000000000000e30       0x20 /usr/lib/gcc/arm-none-eabi/10.3.1/../../../arm-none-eabi/lib/thumb/v7-m/nofp/libc_nano.a(lib_a-fflush.o)
 .debug_aranges
                0x0000000000000e50       0x20 /usr/lib/gcc/arm-none-eabi/10.3.1/../../../arm-none-eabi/lib/thumb/v7-m/nofp/libc_nano.a(lib_a-findfp.o)
 .debug_aranges
                0x0000000000000e70       0x20 /usr/lib/gcc/arm-none-eabi/10.3.1/../../../arm-none-eabi/lib/thumb/v7-m/nofp/libc_nano.a(lib_a-fwalk.o)
 .debug_aranges
                0x0000000000000e90       0x20 /usr/lib/gcc/arm-none-eabi/10.3.1/../../../arm-none-eabi/lib/thumb/v7-m/nofp/libc_nano.a(lib_a-makebuf.o)
 .debug_aranges
                0x0000000000000eb0       0x20 /usr/lib/gcc/arm-none-eabi/10.3.1/../../../arm-none-eabi/lib/thumb/v7-m/nofp/libc_nano.a(lib_a-nano-freer.o)
 .debug_aranges
                0x0000000000000ed0       0x20 /usr/lib/gcc/arm-none-eabi/10.3.1/../../../arm-none-eabi/lib/thumb/v7-m/nofp/libc_nano.a(lib_a-nano-mallocr.o)
 .debug_aranges
                0x0000000000000ef0       0x20 /usr/lib/gcc/arm-none-eabi/10.3.1/../../../arm-none-eabi/lib/thumb/v7-m/nofp/libc_nano.a(lib_a-sbrkr.o)
 .debug_aranges
                0x0000000000000f10       0x20 /usr/lib/gcc/arm-none-eabi/10.3.1/../../../arm-none-eabi/lib/thumb/v7-m/nofp/libc_nano.a(lib_a-stdio.o)
 .debug_aranges
                0x0000000000000f30       0x20 /usr/lib/gcc/arm-none-eabi/10.3.1/../../../arm-none-eabi/lib/thumb/v7-m/nofp/libc_nano.a(lib_a-writer.o)
 .debug_aranges
                0x0000000000000f50       0x20 /usr/lib/gcc/arm-none-eabi/10.3.1/../../../arm-none-eabi/lib/thumb/v7-m/nofp/libc_nano.a(lib_a-closer.o)
 .debug_aranges
                0x0000000000000f70       0x20 /usr/lib/gcc/arm-none-eabi/10.3.1/../../../arm-none-eabi/lib/thumb/v7-m/nofp/libc_nano.a(lib_a-fstatr.o)
 .debug_aranges
                0x0000000000000f90       0x20 /usr/lib/gcc/arm-none-eabi/10.3.1/../../../arm-none-eabi/lib/thumb/v7-m/nofp/libc_nano.a(lib_a-isattyr.o)
 .debug_aranges
                0x0000000000000fb0       0x20 /usr/lib/gcc/arm-none-eabi/10.3.1/../../../arm-none-eabi/lib/thumb/v7-m/nofp/libc_nano.a(lib_a-lseekr.o)
 .debug_aranges
                0x0000000000000fd0       0x20 /usr/lib/gcc/arm-none-eabi/10.3.1/../../../arm-none-eabi/lib/thumb/v7-m/nofp/libc_nano.a(lib_a-mlock.o)
 .debug_aranges
                0x0000000000000ff0       0x20 /usr/lib/gcc/arm-none-eabi/10.3.1/../../../arm-none-eabi/lib/thumb/v7-m/nofp/libc_nano.a(lib_a-readr.o)
 .debug_aranges
                0x0000000000001010       0x20 /usr/lib/gcc/arm-none-eabi/10.3.1/../../../arm-none-eabi/lib/thumb/v7-m/nofp/libc_nano.a(lib_a-reent.o)
 .debug_aranges
                0x0000000000001030       0x20 /usr/lib/gcc/arm-none-eabi/10.3.1/../../../arm-none-eabi/lib/thumb/v7-m/nofp/libnosys.a(close.o)
 .debug_aranges
                0x0000000000001050       0x20 /usr/lib/gcc/arm-none-eabi/10.3.1/../../../arm-none-eabi/lib/thumb/v7-m/nofp/libnosys.a(fstat.o)
 .debug_aranges
                0x0000000000001070       0x20 /usr/lib/gcc/arm-none-eabi/10.3.1/../../../arm-none-eabi/lib/thumb/v7-m/nofp/libnosys.a(isatty.o)
 .debug_aranges
                0x0000000000001090       0x20 /usr/lib/gcc/arm-none-eabi/10.3.1/../../../arm-none-eabi/lib/thumb/v7-m/nofp/libnosys.a(lseek.o)
 .debug_aranges
                0x00000000000010b0       0x20 /usr/lib/gcc/arm-none-eabi/10.3.1/../../../arm-none-eabi/lib/thumb/v7-m/nofp/libnosys.a(read.o)
 .debug_aranges
                0x00000000000010d0       0x20 /usr/lib/gcc/arm-none-eabi/10.3.1/../../../arm-none-eabi/lib/thumb/v7-m/nofp/libnosys.a(sbrk.o)
 .debug_aranges
                0x00000000000010f0       0x20 Drivers/CMSIS/Lib/GCC//libarm_cortexM3l_math.a(arm_sin_f32.o)
 .debug_aranges
                0x0000000000001110       0x20 Drivers/CMSIS/Lib/GCC//libarm_cortexM3l_math.a(arm_cos_f32.o)
 .debug_aranges
                0x0000000000001130       0x18 Drivers/CMSIS/Lib/GCC//libarm_cortexM3l_math.a(arm_common_tables.o)
 .debug_aranges
                0x0000000000001148       0x20 /usr/lib/gcc/arm-none-eabi/10.3.1/thumb/v7-m/nofp/libgcc.a(_arm_addsubsf3.o)
 .debug_aranges
                0x0000000000001168       0x20 /usr/lib/gcc/arm-none-eabi/10.3.1/thumb/v7-m/nofp/libgcc.a(_arm_muldivsf3.o)
 .debug_aranges
                0x0000000000001188       0x20 /usr/lib/gcc/arm-none-eabi/10.3.1/thumb/v7-m/nofp/libgcc.a(_arm_cmpsf2.o)
 .debug_aranges
                0x00000000000011a8       0x20 /usr/lib/gcc/arm-none-eabi/10.3.1/thumb/v7-m/nofp/libgcc.a(_arm_fixsfsi.o)
 .debug_aranges
                0x00000000000011c8       0x20 /usr/lib/gcc/arm-none-eabi/10.3.1/thumb/v7-m/nofp/libgcc.a(_arm_fixunssfsi.o)

.debug_ranges   0x0000000000000000     0x10b8
 .debug_ranges  0x0000000000000000       0x20 build/main.o
 .debug_ranges  0x0000000000000020       0x10 build/gpio.o
 .debug_ranges  0x0000000000000030       0x10 build/dma.o
 .debug_ranges  0x0000000000000040       0x28 build/usart.o
 .debug_ranges  0x0000000000000068       0x70 build/stm32f1xx_it.o
 .debug_ranges  0x00000000000000d8       0x10 build/stm32f1xx_hal_msp.o
 .debug_ranges  0x00000000000000e8      0x3c0 build/stm32f1xx_hal_tim.o
 .debug_ranges  0x00000000000004a8      0x158 build/stm32f1xx_hal_tim_ex.o
 .debug_ranges  0x0000000000000600      0x210 build/stm32f1xx_hal_uart.o
 .debug_ranges  0x0000000000000810       0xd0 build/stm32f1xx_hal.o
 .debug_ranges  0x00000000000008e0       0xa0 build/stm32f1xx_hal_rcc.o
 .debug_ranges  0x0000000000000980       0x48 build/stm32f1xx_hal_gpio.o
 .debug_ranges  0x00000000000009c8       0x70 build/stm32f1xx_hal_dma.o
 .debug_ranges  0x0000000000000a38       0xe0 build/stm32f1xx_hal_cortex.o
 .debug_ranges  0x0000000000000b18       0x18 build/system_stm32f1xx.o
 .debug_ranges  0x0000000000000b30       0x30 build/tim.o
 .debug_ranges  0x0000000000000b60       0x30 build/printf_config.o
 .debug_ranges  0x0000000000000b90       0x28 build/encoder.o
 .debug_ranges  0x0000000000000bb8       0x48 build/crc.o
 .debug_ranges  0x0000000000000c00       0xa0 build/free_wheel.o
 .debug_ranges  0x0000000000000ca0       0x20 build/startup_stm32f103xb.o
 .debug_ranges  0x0000000000000cc0       0x60 /usr/lib/gcc/arm-none-eabi/10.3.1/../../../arm-none-eabi/lib/thumb/v7-m/nofp/libc_nano.a(lib_a-puts.o)
 .debug_ranges  0x0000000000000d20       0x28 /usr/lib/gcc/arm-none-eabi/10.3.1/../../../arm-none-eabi/lib/thumb/v7-m/nofp/libc_nano.a(lib_a-wbuf.o)
 .debug_ranges  0x0000000000000d48       0x30 /usr/lib/gcc/arm-none-eabi/10.3.1/../../../arm-none-eabi/lib/thumb/v7-m/nofp/libc_nano.a(lib_a-wsetup.o)
 .debug_ranges  0x0000000000000d78       0x30 /usr/lib/gcc/arm-none-eabi/10.3.1/../../../arm-none-eabi/lib/thumb/v7-m/nofp/libc_nano.a(lib_a-__call_atexit.o)
 .debug_ranges  0x0000000000000da8       0xb8 /usr/lib/gcc/arm-none-eabi/10.3.1/../../../arm-none-eabi/lib/thumb/v7-m/nofp/libc_nano.a(lib_a-fflush.o)
 .debug_ranges  0x0000000000000e60      0x140 /usr/lib/gcc/arm-none-eabi/10.3.1/../../../arm-none-eabi/lib/thumb/v7-m/nofp/libc_nano.a(lib_a-findfp.o)
 .debug_ranges  0x0000000000000fa0       0xa8 /usr/lib/gcc/arm-none-eabi/10.3.1/../../../arm-none-eabi/lib/thumb/v7-m/nofp/libc_nano.a(lib_a-makebuf.o)
 .debug_ranges  0x0000000000001048       0x18 /usr/lib/gcc/arm-none-eabi/10.3.1/../../../arm-none-eabi/lib/thumb/v7-m/nofp/libc_nano.a(lib_a-nano-freer.o)
 .debug_ranges  0x0000000000001060       0x38 /usr/lib/gcc/arm-none-eabi/10.3.1/../../../arm-none-eabi/lib/thumb/v7-m/nofp/libc_nano.a(lib_a-nano-mallocr.o)
 .debug_ranges  0x0000000000001098       0x10 Drivers/CMSIS/Lib/GCC//libarm_cortexM3l_math.a(arm_sin_f32.o)
 .debug_ranges  0x00000000000010a8       0x10 Drivers/CMSIS/Lib/GCC//libarm_cortexM3l_math.a(arm_cos_f32.o)

.debug_line     0x0000000000000000    0x132e8
 .debug_line    0x0000000000000000      0x254 build/main.o
 .debug_line    0x0000000000000254      0x155 build/gpio.o
 .debug_line    0x00000000000003a9       0xfc build/dma.o
 .debug_line    0x00000000000004a5      0x3f1 build/usart.o
 .debug_line    0x0000000000000896      0x292 build/stm32f1xx_it.o
 .debug_line    0x0000000000000b28       0xd8 build/stm32f1xx_hal_msp.o
 .debug_line    0x0000000000000c00     0x48d4 build/stm32f1xx_hal_tim.o
 .debug_line    0x00000000000054d4     0x1b49 build/stm32f1xx_hal_tim_ex.o
 .debug_line    0x000000000000701d     0x42fe build/stm32f1xx_hal_uart.o
 .debug_line    0x000000000000b31b      0x489 build/stm32f1xx_hal.o
 .debug_line    0x000000000000b7a4      0xb79 build/stm32f1xx_hal_rcc.o
 .debug_line    0x000000000000c31d      0x53c build/stm32f1xx_hal_gpio.o
 .debug_line    0x000000000000c859      0x9b5 build/stm32f1xx_hal_dma.o
 .debug_line    0x000000000000d20e      0x594 build/stm32f1xx_hal_cortex.o
 .debug_line    0x000000000000d7a2      0x1a1 build/system_stm32f1xx.o
 .debug_line    0x000000000000d943      0x43d build/tim.o
 .debug_line    0x000000000000dd80      0x154 build/printf_config.o
 .debug_line    0x000000000000ded4      0x302 build/encoder.o
 .debug_line    0x000000000000e1d6      0x1eb build/crc.o
 .debug_line    0x000000000000e3c1      0x893 build/free_wheel.o
 .debug_line    0x000000000000ec54       0x74 build/startup_stm32f103xb.o
 .debug_line    0x000000000000ecc8       0x7a /usr/lib/gcc/arm-none-eabi/10.3.1/../../../arm-none-eabi/lib/thumb/v7-m/nofp/libc_nano.a(lib_a-aeabi_atexit.o)
 .debug_line    0x000000000000ed42       0xed /usr/lib/gcc/arm-none-eabi/10.3.1/../../../arm-none-eabi/lib/thumb/v7-m/nofp/libc_nano.a(lib_a-cxa_atexit.o)
 .debug_line    0x000000000000ee2f       0xe4 /usr/lib/gcc/arm-none-eabi/10.3.1/../../../arm-none-eabi/lib/thumb/v7-m/nofp/libc_nano.a(lib_a-impure.o)
 .debug_line    0x000000000000ef13      0x13f /usr/lib/gcc/arm-none-eabi/10.3.1/../../../arm-none-eabi/lib/thumb/v7-m/nofp/libc_nano.a(lib_a-init.o)
 .debug_line    0x000000000000f052      0x1bf /usr/lib/gcc/arm-none-eabi/10.3.1/../../../arm-none-eabi/lib/thumb/v7-m/nofp/libc_nano.a(lib_a-memset.o)
 .debug_line    0x000000000000f211       0x9f /usr/lib/gcc/arm-none-eabi/10.3.1/../../../arm-none-eabi/lib/thumb/v7-m/nofp/libc_nano.a(lib_a-on_exit_args.o)
 .debug_line    0x000000000000f2b0      0x32c /usr/lib/gcc/arm-none-eabi/10.3.1/../../../arm-none-eabi/lib/thumb/v7-m/nofp/libc_nano.a(lib_a-puts.o)
 .debug_line    0x000000000000f5dc      0x27a /usr/lib/gcc/arm-none-eabi/10.3.1/../../../arm-none-eabi/lib/thumb/v7-m/nofp/libc_nano.a(lib_a-wbuf.o)
 .debug_line    0x000000000000f856      0x352 /usr/lib/gcc/arm-none-eabi/10.3.1/../../../arm-none-eabi/lib/thumb/v7-m/nofp/libc_nano.a(lib_a-wsetup.o)
 .debug_line    0x000000000000fba8      0x1fc /usr/lib/gcc/arm-none-eabi/10.3.1/../../../arm-none-eabi/lib/thumb/v7-m/nofp/libc_nano.a(lib_a-__atexit.o)
 .debug_line    0x000000000000fda4      0x200 /usr/lib/gcc/arm-none-eabi/10.3.1/../../../arm-none-eabi/lib/thumb/v7-m/nofp/libc_nano.a(lib_a-__call_atexit.o)